Rows with invalid delay (0 or inf):
                               Pkt ID                        Route  ...  Min. Data Rate Along Route (in Mbps)  Data Rate at Flow Src (in Mbps)
0      2000005463450_Node0_Node8_Zero  [0, 1, 2, 3, 4, 5, 6, 7, 8]  ...                                    33                               33
1      2000010932556_Node0_Node8_Zero  [0, 1, 2, 3, 4, 5, 6, 7, 8]  ...                                    33                               33
2      2000016395391_Node0_Node8_Zero  [0, 1, 2, 3, 4, 5, 6, 7, 8]  ...                                    33                               33
3      2000021860571_Node0_Node8_Zero  [0, 1, 2, 3, 4, 5, 6, 7, 8]  ...                                    33                               33
4      2000027327671_Node0_Node8_Zero  [0, 1, 2, 3, 4, 5, 6, 7, 8]  ...                                    33                               33
...                               ...                          ...  ...                                   ...                              ...
17026  2099978230297_Node0_Node8_Zero  [0, 1, 2, 3, 4, 5, 6, 7, 8]  ...                                    22                               22
17027  2099983699464_Node0_Node8_Zero  [0, 1, 2, 3, 4, 5, 6, 7, 8]  ...                                    22                               22
17028  2099989167090_Node0_Node8_Zero  [0, 1, 2, 3, 4, 5, 6, 7, 8]  ...                                    22                               22
17029  2099994631610_Node0_Node8_Zero  [0, 1, 2, 3, 4, 5, 6, 7, 8]  ...                                    22                               22
17030  2100000098043_Node0_Node8_Zero  [0, 1, 2, 3, 4, 5, 6, 7, 8]  ...                                    22                               22

[16939 rows x 14 columns]
Parent directory is not in 'WARx' format.
DEBUG Flow file=Flow_Node0-Node8.csv, Extracted src=0, dst=8
DEBUG Route dict candidate=[0, 8]
Unique nodes participated for this flow: [0, 1, 2, 3, 4, 5, 6, 7, 8]
node 0 total drops: 16010 drop_expiry 15949 15949 drop_q_mngmnt 0 0 drop_retry 61 61 drop_overflow 0 0 drop_no_route 0 0
node 1 total drops: 16774 drop_expiry 16740 32689 drop_q_mngmnt 0 0 drop_retry 34 95 drop_overflow 0 0 drop_no_route 0 0
node 2 total drops: 510 drop_expiry 473 33162 drop_q_mngmnt 0 0 drop_retry 37 132 drop_overflow 0 0 drop_no_route 0 0
node 3 total drops: 118 drop_expiry 79 33241 drop_q_mngmnt 0 0 drop_retry 39 171 drop_overflow 0 0 drop_no_route 0 0
node 4 total drops: 132 drop_expiry 48 33289 drop_q_mngmnt 0 0 drop_retry 84 255 drop_overflow 0 0 drop_no_route 0 0
node 5 total drops: 64 drop_expiry 27 33316 drop_q_mngmnt 0 0 drop_retry 37 292 drop_overflow 0 0 drop_no_route 0 0
node 6 total drops: 108 drop_expiry 26 33342 drop_q_mngmnt 0 0 drop_retry 82 374 drop_overflow 0 0 drop_no_route 0 0
node 7 total drops: 41 drop_expiry 8 33350 drop_q_mngmnt 0 0 drop_retry 33 407 drop_overflow 0 0 drop_no_route 0 0
node 8 total drops: 0 drop_expiry 0 33350 drop_q_mngmnt 0 0 drop_retry 0 407 drop_overflow 0 0 drop_no_route 0 0
                                                                                                                     File Path Run No Packets Generated Packets Received      PDR  Avg Delay #Retransmissions #Forwards  Avg Route Length  %Route Uptime  %HQ Route Uptime Route Switches Packet Drop (Expiry) Packet Drop (Queue Management) Packet Drop (Retry) Packet Drop (Overflow) Packet Drop (No Route) Packet Reinserted (TCP)          Flow_ID
/home/pathey/Workspace/665/665-copy-project-7/Results/phase3_daisy_1000m_mcs_adaptive_3Mbps_1.1inc_1.5dec/Flow_Node0-Node8.csv      1             18300               92 0.005027   1.431455            56008       381               8.0            1.0               1.0              0                33350                              0                 407                      0                      0                       0 Flow_Node0-Node8
                                                                                                                          Mean                  18300.0             92.0 0.005027   1.431455          56008.0     381.0               8.0            1.0               1.0            0.0                                                                                                                                                               
                                                                                                                        Median                  18300.0             92.0 0.005027   1.431455          56008.0     381.0               8.0            1.0               1.0            0.0                                                                                                                                                               
                                                                                                                  95% CI Lower                      NaN              NaN      NaN        NaN              NaN       NaN               NaN            NaN               NaN            NaN                                                                                                                                                               
                                                                                                                  95% CI Upper                      NaN              NaN      NaN        NaN              NaN       NaN               NaN            NaN               NaN            NaN                                                                                                                                                               
Instantaneous PDR data saved to /home/pathey/Workspace/665/665-copy-project-7/Results/phase3_daisy_1000m_mcs_adaptive_3Mbps_1.1inc_1.5dec/instantaneous_pdr.csv

=== Flow-level Summary (All Metrics) ===
Empty DataFrame
Columns: [Pkt ID, Route, Generation Time (in s), First Tx At (in s), Delay (in s), Times Packet Forwarded, Retransmissions, Packet Size (in bytes), Tx Power (in watt), Average Transmission Power in the route (in watt), Min. SINR Along Route, SINR at Flow Dest, Min. Data Rate Along Route (in Mbps), Data Rate at Flow Src (in Mbps), Base Packet ID]
Index: []

Flow Flow_Node0-Node8:
  Packets Generated: 18300.00
  Packets Received : 92.00
  PDR              : 0.005
  Avg Delay (s)    : 1.4315
  Max Delay (s)    : 3.0066
  95th %ile Delay(s): 3.0012
  Retransmissions  : 56008.00
  Forwards         : 381.00
  Drops (Expiry)   : 33350
  Drops (Queue Mgmt): 0
  Drops (Retry)    : 407
  Drops (Overflow) : 0
  Drops (No Route) : 0
  TCP Reinsertions : 0
Avg:  Packets generated: 18300 Packets received: 92 PDR: 0.005027322404371585 Avg delay: 1.4314546304347826 Retransmissions: 56008 Packet forwards: 381 Route length: 8.0 Route uptime: 1.0 HQ Route Uptime: 1.0 Route switches: 0.0 

Plot saved to: /home/pathey/Workspace/665/665-copy-project-7/Results/phase3_daisy_1000m_mcs_adaptive_3Mbps_1.1inc_1.5dec/instantaneous_pdr_plot.png
Delay-over-time plot saved to: /home/pathey/Workspace/665/665-copy-project-7/Results/phase3_daisy_1000m_mcs_adaptive_3Mbps_1.1inc_1.5dec/delay_over_time.png
