Rows with invalid delay (0 or inf):
                             Pkt ID  ... Data Rate at Flow Src (in Mbps)
0    2000016392412_Node0_Node8_Zero  ...                              33
1    2000032790479_Node0_Node8_Zero  ...                              33
2    2000049186541_Node0_Node8_Zero  ...                              33
3    2000065578020_Node0_Node8_Zero  ...                              33
4    2000081976387_Node0_Node8_Zero  ...                              33
..                              ...  ...                             ...
582  2009557275189_Node0_Node8_Zero  ...                              11
583  2009573665232_Node0_Node8_Zero  ...                              11
588  2009655642478_Node0_Node8_Zero  ...                              11
591  2009704826507_Node0_Node8_Zero  ...                              11
596  2009786787660_Node0_Node8_Zero  ...                              11

[286 rows x 14 columns]
Parent directory is not in 'WARx' format.
DEBUG Flow file=Flow_Node0-Node8.csv, Extracted src=0, dst=8
DEBUG Route dict candidate=[0, 8]
Unique nodes participated for this flow: [0, 1, 2, 3, 4, 5, 6, 7, 8]
node 0 total drops: 390 drop_expiry 178 178 drop_q_mngmnt 0 0 drop_retry 212 212 drop_overflow 0 0 drop_no_route 0 0
node 1 total drops: 52 drop_expiry 7 185 drop_q_mngmnt 0 0 drop_retry 45 257 drop_overflow 0 0 drop_no_route 0 0
node 2 total drops: 441 drop_expiry 236 421 drop_q_mngmnt 0 0 drop_retry 205 462 drop_overflow 0 0 drop_no_route 0 0
node 3 total drops: 39 drop_expiry 10 431 drop_q_mngmnt 0 0 drop_retry 29 491 drop_overflow 0 0 drop_no_route 0 0
node 4 total drops: 466 drop_expiry 406 837 drop_q_mngmnt 0 0 drop_retry 60 551 drop_overflow 0 0 drop_no_route 0 0
node 5 total drops: 64 drop_expiry 36 873 drop_q_mngmnt 0 0 drop_retry 28 579 drop_overflow 0 0 drop_no_route 0 0
node 6 total drops: 299 drop_expiry 258 1131 drop_q_mngmnt 0 0 drop_retry 41 620 drop_overflow 0 0 drop_no_route 0 0
node 7 total drops: 126 drop_expiry 58 1189 drop_q_mngmnt 0 0 drop_retry 68 688 drop_overflow 0 0 drop_no_route 0 0
node 8 total drops: 0 drop_expiry 0 1189 drop_q_mngmnt 0 0 drop_retry 0 688 drop_overflow 0 0 drop_no_route 0 0
                                                                                                                              File Path Run No Packets Generated Packets Received      PDR  Avg Delay #Retransmissions #Forwards  Avg Route Length  %Route Uptime  %HQ Route Uptime Route Switches Packet Drop (Expiry) Packet Drop (Queue Management) Packet Drop (Retry) Packet Drop (Overflow) Packet Drop (No Route) Packet Reinserted (TCP)          Flow_ID
/home/pathey/Workspace/665/665-copy-project-7/Results/phase1_daisy_1000m_mcs_adaptive_1Mbps_0.5increment_threshold/Flow_Node0-Node8.csv      1               611              325 0.531915   2.701165            10591      2118               8.0            1.0               1.0              0                 1189                              0                 688                      0                      0                       0 Flow_Node0-Node8
                                                                                                                                   Mean                    611.0            325.0 0.531915   2.701165          10591.0    2118.0               8.0            1.0               1.0            0.0                                                                                                                                                               
                                                                                                                                 Median                    611.0            325.0 0.531915   2.701165          10591.0    2118.0               8.0            1.0               1.0            0.0                                                                                                                                                               
                                                                                                                           95% CI Lower                      NaN              NaN      NaN        NaN              NaN       NaN               NaN            NaN               NaN            NaN                                                                                                                                                               
                                                                                                                           95% CI Upper                      NaN              NaN      NaN        NaN              NaN       NaN               NaN            NaN               NaN            NaN                                                                                                                                                               
Instantaneous PDR data saved to /home/pathey/Workspace/665/665-copy-project-7/Results/phase1_daisy_1000m_mcs_adaptive_1Mbps_0.5increment_threshold/instantaneous_pdr.csv

=== Flow-level Summary (All Metrics) ===
                             Pkt ID  ...             Base Packet ID
46   2000770506763_Node0_Node8_Zero  ...  2000770506763_Node0_Node8
82   2001360645099_Node0_Node8_Zero  ...  2001360645099_Node0_Node8
91   2001508187779_Node0_Node8_Zero  ...  2001508187779_Node0_Node8
95   2001573758359_Node0_Node8_Zero  ...  2001573758359_Node0_Node8
98   2001622931084_Node0_Node8_Zero  ...  2001622931084_Node0_Node8
104  2001721281947_Node0_Node8_Zero  ...  2001721281947_Node0_Node8
116  2001918000710_Node0_Node8_Zero  ...  2001918000710_Node0_Node8
125  2002065548151_Node0_Node8_Zero  ...  2002065548151_Node0_Node8

[8 rows x 15 columns]

Flow Flow_Node0-Node8:
  Packets Generated: 611.00
  Packets Received : 325.00
  PDR              : 0.532
  Avg Delay (s)    : 2.7012
  Max Delay (s)    : 5.8960
  95th %ile Delay(s): 3.9273
  Retransmissions  : 10591.00
  Forwards         : 2118.00
  Drops (Expiry)   : 1189
  Drops (Queue Mgmt): 0
  Drops (Retry)    : 688
  Drops (Overflow) : 0
  Drops (No Route) : 0
  TCP Reinsertions : 0
Avg:  Packets generated: 611 Packets received: 325 PDR: 0.5319148936170213 Avg delay: 2.7011645107692304 Retransmissions: 10591 Packet forwards: 2118 Route length: 8.0 Route uptime: 1.0 HQ Route Uptime: 1.0 Route switches: 0.0 

Plot saved to: /home/pathey/Workspace/665/665-copy-project-7/Results/phase1_daisy_1000m_mcs_adaptive_1Mbps_0.5increment_threshold/instantaneous_pdr_plot.png
Delay-over-time plot saved to: /home/pathey/Workspace/665/665-copy-project-7/Results/phase1_daisy_1000m_mcs_adaptive_1Mbps_0.5increment_threshold/delay_over_time.png
