Rows with invalid delay (0 or inf):
                             Pkt ID                        Route  ...  Min. Data Rate Along Route (in Mbps)  Data Rate at Flow Src (in Mbps)
0    2000016392412_Node0_Node8_Zero  [0, 1, 2, 3, 4, 5, 6, 7, 8]  ...                                    33                               33
1    2000032790479_Node0_Node8_Zero  [0, 1, 2, 3, 4, 5, 6, 7, 8]  ...                                    33                               33
2    2000049186319_Node0_Node8_Zero  [0, 1, 2, 3, 4, 5, 6, 7, 8]  ...                                    33                               33
3    2000065577449_Node0_Node8_Zero  [0, 1, 2, 3, 4, 5, 6, 7, 8]  ...                                    33                               33
4    2000081968069_Node0_Node8_Zero  [0, 1, 2, 3, 4, 5, 6, 7, 8]  ...                                    33                               33
..                              ...                          ...  ...                                   ...                              ...
602  2009885315270_Node0_Node8_Zero  [0, 1, 2, 3, 4, 5, 6, 7, 8]  ...                                    22                               22
603  2009901713326_Node0_Node8_Zero  [0, 1, 2, 3, 4, 5, 6, 7, 8]  ...                                    22                               22
604  2009918102080_Node0_Node8_Zero  [0, 1, 2, 3, 4, 5, 6, 7, 8]  ...                                    22                               22
607  2009967284012_Node0_Node8_Zero  [0, 1, 2, 3, 4, 5, 6, 7, 8]  ...                                    22                               22
608  2009983673115_Node0_Node8_Zero  [0, 1, 2, 3, 4, 5, 6, 7, 8]  ...                                    22                               22

[394 rows x 14 columns]
Parent directory is not in 'WARx' format.
DEBUG Flow file=Flow_Node0-Node8.csv, Extracted src=0, dst=8
DEBUG Route dict candidate=[0, 8]
Unique nodes participated for this flow: [0, 1, 2, 3, 4, 5, 6, 7, 8]
node 0 total drops: 587 drop_expiry 284 284 drop_q_mngmnt 0 0 drop_retry 303 303 drop_overflow 0 0 drop_no_route 0 0
node 1 total drops: 569 drop_expiry 446 730 drop_q_mngmnt 0 0 drop_retry 123 426 drop_overflow 0 0 drop_no_route 0 0
node 2 total drops: 387 drop_expiry 258 988 drop_q_mngmnt 0 0 drop_retry 129 555 drop_overflow 0 0 drop_no_route 0 0
node 3 total drops: 317 drop_expiry 167 1155 drop_q_mngmnt 0 0 drop_retry 150 705 drop_overflow 0 0 drop_no_route 0 0
node 4 total drops: 285 drop_expiry 131 1286 drop_q_mngmnt 0 0 drop_retry 154 859 drop_overflow 0 0 drop_no_route 0 0
node 5 total drops: 253 drop_expiry 116 1402 drop_q_mngmnt 0 0 drop_retry 137 996 drop_overflow 0 0 drop_no_route 0 0
node 6 total drops: 242 drop_expiry 104 1506 drop_q_mngmnt 0 0 drop_retry 138 1134 drop_overflow 0 0 drop_no_route 0 0
node 7 total drops: 219 drop_expiry 74 1580 drop_q_mngmnt 0 0 drop_retry 145 1279 drop_overflow 0 0 drop_no_route 0 0
node 8 total drops: 0 drop_expiry 0 1580 drop_q_mngmnt 0 0 drop_retry 0 1279 drop_overflow 0 0 drop_no_route 0 0
                                                                                                                                  File Path Run No Packets Generated Packets Received      PDR  Avg Delay #Retransmissions #Forwards  Avg Route Length  %Route Uptime  %HQ Route Uptime Route Switches Packet Drop (Expiry) Packet Drop (Queue Management) Packet Drop (Retry) Packet Drop (Overflow) Packet Drop (No Route) Packet Reinserted (TCP)          Flow_ID
/home/pathey/Workspace/665/665-copy-project-7/Results/phase2_crossflow_1200m_mcs_adaptive_1Mbps_0.9increment_threshold/Flow_Node0-Node8.csv      1               610              216 0.354098    2.26548            15466       110               8.0            1.0               1.0              0                 1580                              0                1279                      0                      0                       0 Flow_Node0-Node8
                                                                                                                                       Mean                    610.0            216.0 0.354098    2.26548          15466.0     110.0               8.0            1.0               1.0            0.0                                                                                                                                                               
                                                                                                                                     Median                    610.0            216.0 0.354098    2.26548          15466.0     110.0               8.0            1.0               1.0            0.0                                                                                                                                                               
                                                                                                                               95% CI Lower                      NaN              NaN      NaN        NaN              NaN       NaN               NaN            NaN               NaN            NaN                                                                                                                                                               
                                                                                                                               95% CI Upper                      NaN              NaN      NaN        NaN              NaN       NaN               NaN            NaN               NaN            NaN                                                                                                                                                               
Instantaneous PDR data saved to /home/pathey/Workspace/665/665-copy-project-7/Results/phase2_crossflow_1200m_mcs_adaptive_1Mbps_0.9increment_threshold/instantaneous_pdr.csv

=== Flow-level Summary (All Metrics) ===
Empty DataFrame
Columns: [Pkt ID, Route, Generation Time (in s), First Tx At (in s), Delay (in s), Times Packet Forwarded, Retransmissions, Packet Size (in bytes), Tx Power (in watt), Average Transmission Power in the route (in watt), Min. SINR Along Route, SINR at Flow Dest, Min. Data Rate Along Route (in Mbps), Data Rate at Flow Src (in Mbps), Base Packet ID]
Index: []

Flow Flow_Node0-Node8:
  Packets Generated: 610.00
  Packets Received : 216.00
  PDR              : 0.354
  Avg Delay (s)    : 2.2655
  Max Delay (s)    : 3.3329
  95th %ile Delay(s): 3.0681
  Retransmissions  : 15466.00
  Forwards         : 110.00
  Drops (Expiry)   : 1580
  Drops (Queue Mgmt): 0
  Drops (Retry)    : 1279
  Drops (Overflow) : 0
  Drops (No Route) : 0
  TCP Reinsertions : 0
Avg:  Packets generated: 610 Packets received: 216 PDR: 0.3540983606557377 Avg delay: 2.2654803842592592 Retransmissions: 15466 Packet forwards: 110 Route length: 8.0 Route uptime: 1.0 HQ Route Uptime: 1.0 Route switches: 0.0 

Plot saved to: /home/pathey/Workspace/665/665-copy-project-7/Results/phase2_crossflow_1200m_mcs_adaptive_1Mbps_0.9increment_threshold/instantaneous_pdr_plot.png
Delay-over-time plot saved to: /home/pathey/Workspace/665/665-copy-project-7/Results/phase2_crossflow_1200m_mcs_adaptive_1Mbps_0.9increment_threshold/delay_over_time.png
