Rows with invalid delay (0 or inf):
                              Pkt ID            Route  ...  Min. Data Rate Along Route (in Mbps)  Data Rate at Flow Src (in Mbps)
0     2000005463450_Node0_Node8_Zero  [0, 2, 4, 6, 8]  ...                                    33                               33
1     2000010932556_Node0_Node8_Zero  [0, 2, 4, 6, 8]  ...                                    33                               33
2     2000016395724_Node0_Node8_Zero  [0, 2, 4, 6, 8]  ...                                    33                               33
3     2000021857829_Node0_Node8_Zero  [0, 2, 4, 6, 8]  ...                                    33                               33
4     2000027317513_Node0_Node8_Zero  [0, 2, 4, 6, 8]  ...                                    33                               33
...                              ...              ...  ...                                   ...                              ...
1756  2009759431148_Node0_Node8_Zero  [0, 2, 4, 6, 8]  ...                                    11                               11
1757  2009764897658_Node0_Node8_Zero  [0, 2, 4, 6, 8]  ...                                    11                               11
1758  2009770361091_Node0_Node8_Zero  [0, 2, 4, 6, 8]  ...                                    11                               11
1759  2009775821989_Node0_Node8_Zero  [0, 2, 4, 6, 8]  ...                                    11                               11
1760  2009781288428_Node0_Node8_Zero  [0, 2, 4, 6, 8]  ...                                    11                               11

[1551 rows x 14 columns]
Parent directory is not in 'WARx' format.
DEBUG Flow file=Flow_Node0-Node8.csv, Extracted src=0, dst=8
DEBUG Route dict candidate=[0, 8]
Unique nodes participated for this flow: [0, 2, 4, 6, 8]
node 0 total drops: 1623 drop_expiry 1491 1491 drop_q_mngmnt 0 0 drop_retry 132 132 drop_overflow 0 0 drop_no_route 0 0
node 2 total drops: 1578 drop_expiry 1508 2999 drop_q_mngmnt 0 0 drop_retry 70 202 drop_overflow 0 0 drop_no_route 0 0
node 4 total drops: 179 drop_expiry 137 3136 drop_q_mngmnt 0 0 drop_retry 42 244 drop_overflow 0 0 drop_no_route 0 0
node 6 total drops: 159 drop_expiry 55 3191 drop_q_mngmnt 0 0 drop_retry 104 348 drop_overflow 0 0 drop_no_route 0 0
node 8 total drops: 0 drop_expiry 0 3191 drop_q_mngmnt 0 0 drop_retry 0 348 drop_overflow 0 0 drop_no_route 0 0
                                                                                                                                 File Path Run No Packets Generated Packets Received      PDR  Avg Delay #Retransmissions #Forwards  Avg Route Length  %Route Uptime  %HQ Route Uptime Route Switches Packet Drop (Expiry) Packet Drop (Queue Management) Packet Drop (Retry) Packet Drop (Overflow) Packet Drop (No Route) Packet Reinserted (TCP)          Flow_ID
/home/pathey/Workspace/665/665-copy-project-7/Results/phase2_crossflow_500m_mcs_adaptive_3Mbps_0.5increment_threshold/Flow_Node0-Node8.csv      1              1831              210 0.114691   1.535744             7783       268               4.0            1.0               1.0              0                 3191                              0                 348                      0                      0                       0 Flow_Node0-Node8
                                                                                                                                      Mean                   1831.0            210.0 0.114691   1.535744           7783.0     268.0               4.0            1.0               1.0            0.0                                                                                                                                                               
                                                                                                                                    Median                   1831.0            210.0 0.114691   1.535744           7783.0     268.0               4.0            1.0               1.0            0.0                                                                                                                                                               
                                                                                                                              95% CI Lower                      NaN              NaN      NaN        NaN              NaN       NaN               NaN            NaN               NaN            NaN                                                                                                                                                               
                                                                                                                              95% CI Upper                      NaN              NaN      NaN        NaN              NaN       NaN               NaN            NaN               NaN            NaN                                                                                                                                                               
Instantaneous PDR data saved to /home/pathey/Workspace/665/665-copy-project-7/Results/phase2_crossflow_500m_mcs_adaptive_3Mbps_0.5increment_threshold/instantaneous_pdr.csv

=== Flow-level Summary (All Metrics) ===
Empty DataFrame
Columns: [Pkt ID, Route, Generation Time (in s), First Tx At (in s), Delay (in s), Times Packet Forwarded, Retransmissions, Packet Size (in bytes), Tx Power (in watt), Average Transmission Power in the route (in watt), Min. SINR Along Route, SINR at Flow Dest, Min. Data Rate Along Route (in Mbps), Data Rate at Flow Src (in Mbps), Base Packet ID]
Index: []

Flow Flow_Node0-Node8:
  Packets Generated: 1831.00
  Packets Received : 210.00
  PDR              : 0.115
  Avg Delay (s)    : 1.5357
  Max Delay (s)    : 3.6148
  95th %ile Delay(s): 3.2220
  Retransmissions  : 7783.00
  Forwards         : 268.00
  Drops (Expiry)   : 3191
  Drops (Queue Mgmt): 0
  Drops (Retry)    : 348
  Drops (Overflow) : 0
  Drops (No Route) : 0
  TCP Reinsertions : 0
Avg:  Packets generated: 1831 Packets received: 210 PDR: 0.11469142545057345 Avg delay: 1.5357436523809525 Retransmissions: 7783 Packet forwards: 268 Route length: 4.0 Route uptime: 1.0 HQ Route Uptime: 1.0 Route switches: 0.0 

Plot saved to: /home/pathey/Workspace/665/665-copy-project-7/Results/phase2_crossflow_500m_mcs_adaptive_3Mbps_0.5increment_threshold/instantaneous_pdr_plot.png
Delay-over-time plot saved to: /home/pathey/Workspace/665/665-copy-project-7/Results/phase2_crossflow_500m_mcs_adaptive_3Mbps_0.5increment_threshold/delay_over_time.png
