Rows with invalid delay (0 or inf):
                              Pkt ID  ... Data Rate at Flow Src (in Mbps)
0     2000008195690_Node0_Node8_Zero  ...                              33
1     2000016397037_Node0_Node8_Zero  ...                              33
2     2000024594458_Node0_Node8_Zero  ...                              33
3     2000032793798_Node0_Node8_Zero  ...                              33
4     2000040988557_Node0_Node8_Zero  ...                              33
...                              ...  ...                             ...
1078  2009614891126_Node0_Node8_Zero  ...                              44
1079  2009623090084_Node0_Node8_Zero  ...                              44
1080  2009631284247_Node0_Node8_Zero  ...                              44
1081  2009639481748_Node0_Node8_Zero  ...                              44
1082  2009647678588_Node0_Node8_Zero  ...                              44

[1022 rows x 14 columns]
Parent directory is not in 'WARx' format.
DEBUG Flow file=Flow_Node0-Node8.csv, Extracted src=0, dst=8
DEBUG Route dict candidate=[0, 8]
Unique nodes participated for this flow: [0, 1, 2, 3, 4, 5, 6, 7, 8]
node 0 total drops: 962 drop_expiry 945 945 drop_q_mngmnt 0 0 drop_retry 17 17 drop_overflow 0 0 drop_no_route 0 0
node 1 total drops: 903 drop_expiry 879 1824 drop_q_mngmnt 0 0 drop_retry 24 41 drop_overflow 0 0 drop_no_route 0 0
node 2 total drops: 42 drop_expiry 7 1831 drop_q_mngmnt 0 0 drop_retry 35 76 drop_overflow 0 0 drop_no_route 0 0
node 3 total drops: 25 drop_expiry 1 1832 drop_q_mngmnt 0 0 drop_retry 24 100 drop_overflow 0 0 drop_no_route 0 0
node 4 total drops: 39 drop_expiry 22 1854 drop_q_mngmnt 0 0 drop_retry 17 117 drop_overflow 0 0 drop_no_route 0 0
node 5 total drops: 56 drop_expiry 48 1902 drop_q_mngmnt 0 0 drop_retry 8 125 drop_overflow 0 0 drop_no_route 0 0
node 6 total drops: 65 drop_expiry 52 1954 drop_q_mngmnt 0 0 drop_retry 13 138 drop_overflow 0 0 drop_no_route 0 0
node 7 total drops: 18 drop_expiry 7 1961 drop_q_mngmnt 0 0 drop_retry 11 149 drop_overflow 0 0 drop_no_route 0 0
node 8 total drops: 0 drop_expiry 0 1961 drop_q_mngmnt 0 0 drop_retry 0 149 drop_overflow 0 0 drop_no_route 0 0
                                                                                                                               File Path Run No Packets Generated Packets Received  PDR  Avg Delay #Retransmissions #Forwards  Avg Route Length  %Route Uptime  %HQ Route Uptime Route Switches Packet Drop (Expiry) Packet Drop (Queue Management) Packet Drop (Retry) Packet Drop (Overflow) Packet Drop (No Route) Packet Reinserted (TCP)          Flow_ID
/home/pathey/Workspace/665/665-copy-project-7/Results/phase1_daisy_1200m_mcs_adaptive_2Mbps_0.75decrement_threshold/Flow_Node0-Node8.csv      1              1220               61 0.05   1.748928             5769       810               8.0            1.0               1.0              0                 1961                              0                 149                      0                      0                       0 Flow_Node0-Node8
                                                                                                                                    Mean                   1220.0             61.0 0.05   1.748928           5769.0     810.0               8.0            1.0               1.0            0.0                                                                                                                                                               
                                                                                                                                  Median                   1220.0             61.0 0.05   1.748928           5769.0     810.0               8.0            1.0               1.0            0.0                                                                                                                                                               
                                                                                                                            95% CI Lower                      NaN              NaN  NaN        NaN              NaN       NaN               NaN            NaN               NaN            NaN                                                                                                                                                               
                                                                                                                            95% CI Upper                      NaN              NaN  NaN        NaN              NaN       NaN               NaN            NaN               NaN            NaN                                                                                                                                                               
Instantaneous PDR data saved to /home/pathey/Workspace/665/665-copy-project-7/Results/phase1_daisy_1200m_mcs_adaptive_2Mbps_0.75decrement_threshold/instantaneous_pdr.csv

=== Flow-level Summary (All Metrics) ===
Empty DataFrame
Columns: [Pkt ID, Route, Generation Time (in s), First Tx At (in s), Delay (in s), Times Packet Forwarded, Retransmissions, Packet Size (in bytes), Tx Power (in watt), Average Transmission Power in the route (in watt), Min. SINR Along Route, SINR at Flow Dest, Min. Data Rate Along Route (in Mbps), Data Rate at Flow Src (in Mbps), Base Packet ID]
Index: []

Flow Flow_Node0-Node8:
  Packets Generated: 1220.00
  Packets Received : 61.00
  PDR              : 0.050
  Avg Delay (s)    : 1.7489
  Max Delay (s)    : 3.0091
  95th %ile Delay(s): 2.9973
  Retransmissions  : 5769.00
  Forwards         : 810.00
  Drops (Expiry)   : 1961
  Drops (Queue Mgmt): 0
  Drops (Retry)    : 149
  Drops (Overflow) : 0
  Drops (No Route) : 0
  TCP Reinsertions : 0
Avg:  Packets generated: 1220 Packets received: 61 PDR: 0.05 Avg delay: 1.748928180327869 Retransmissions: 5769 Packet forwards: 810 Route length: 8.0 Route uptime: 1.0 HQ Route Uptime: 1.0 Route switches: 0.0 

Plot saved to: /home/pathey/Workspace/665/665-copy-project-7/Results/phase1_daisy_1200m_mcs_adaptive_2Mbps_0.75decrement_threshold/instantaneous_pdr_plot.png
Delay-over-time plot saved to: /home/pathey/Workspace/665/665-copy-project-7/Results/phase1_daisy_1200m_mcs_adaptive_2Mbps_0.75decrement_threshold/delay_over_time.png
