Rows with invalid delay (0 or inf):
                              Pkt ID                        Route  ...  Min. Data Rate Along Route (in Mbps)  Data Rate at Flow Src (in Mbps)
0     2000005463450_Node0_Node8_Zero  [0, 1, 2, 3, 4, 5, 6, 7, 8]  ...                                    33                               33
1     2000010932556_Node0_Node8_Zero  [0, 1, 2, 3, 4, 5, 6, 7, 8]  ...                                    33                               33
2     2000016395391_Node0_Node8_Zero  [0, 1, 2, 3, 4, 5, 6, 7, 8]  ...                                    33                               33
3     2000021860571_Node0_Node8_Zero  [0, 1, 2, 3, 4, 5, 6, 7, 8]  ...                                    33                               33
4     2000027327671_Node0_Node8_Zero  [0, 1, 2, 3, 4, 5, 6, 7, 8]  ...                                    33                               33
...                              ...                          ...  ...                                   ...                              ...
1808  2009923596972_Node0_Node8_Zero  [0, 1, 2, 3, 4, 5, 6, 7, 8]  ...                                    11                               33
1809  2009929066153_Node0_Node8_Zero  [0, 1, 2, 3, 4, 5, 6, 7, 8]  ...                                    11                               33
1814  2009956397398_Node0_Node8_Zero  [0, 1, 2, 3, 4, 5, 6, 7, 8]  ...                                    11                               33
1816  2009967329522_Node0_Node8_Zero  [0, 1, 2, 3, 4, 5, 6, 7, 8]  ...                                    11                               33
1817  2009972793249_Node0_Node8_Zero  [0, 1, 2, 3, 4, 5, 6, 7, 8]  ...                                    11                               33

[1611 rows x 14 columns]
Parent directory is not in 'WARx' format.
DEBUG Flow file=Flow_Node0-Node8.csv, Extracted src=0, dst=8
DEBUG Route dict candidate=[0, 8]
Unique nodes participated for this flow: [0, 1, 2, 3, 4, 5, 6, 7, 8]
node 0 total drops: 802 drop_expiry 789 789 drop_q_mngmnt 0 0 drop_retry 13 13 drop_overflow 0 0 drop_no_route 0 0
node 1 total drops: 1287 drop_expiry 1275 2064 drop_q_mngmnt 0 0 drop_retry 12 25 drop_overflow 0 0 drop_no_route 0 0
node 2 total drops: 37 drop_expiry 23 2087 drop_q_mngmnt 0 0 drop_retry 14 39 drop_overflow 0 0 drop_no_route 0 0
node 3 total drops: 34 drop_expiry 24 2111 drop_q_mngmnt 0 0 drop_retry 10 49 drop_overflow 0 0 drop_no_route 0 0
node 4 total drops: 443 drop_expiry 411 2522 drop_q_mngmnt 0 0 drop_retry 32 81 drop_overflow 0 0 drop_no_route 0 0
node 5 total drops: 151 drop_expiry 109 2631 drop_q_mngmnt 0 0 drop_retry 42 123 drop_overflow 0 0 drop_no_route 0 0
node 6 total drops: 63 drop_expiry 42 2673 drop_q_mngmnt 0 0 drop_retry 21 144 drop_overflow 0 0 drop_no_route 0 0
node 7 total drops: 59 drop_expiry 31 2704 drop_q_mngmnt 0 0 drop_retry 28 172 drop_overflow 0 0 drop_no_route 0 0
node 8 total drops: 0 drop_expiry 0 2704 drop_q_mngmnt 0 0 drop_retry 0 172 drop_overflow 0 0 drop_no_route 0 0
                                                                                                                               File Path Run No Packets Generated Packets Received      PDR  Avg Delay #Retransmissions #Forwards  Avg Route Length  %Route Uptime  %HQ Route Uptime Route Switches Packet Drop (Expiry) Packet Drop (Queue Management) Packet Drop (Retry) Packet Drop (Overflow) Packet Drop (No Route) Packet Reinserted (TCP)          Flow_ID
/home/pathey/Workspace/665/665-copy-project-7/Results/phase1_daisy_1000m_mcs_adaptive_3Mbps_0.95decrement_threshold/Flow_Node0-Node8.csv      1              1830              212 0.115847   2.386481             6349      3289               8.0            1.0               1.0              0                 2704                              0                 172                      0                      0                       0 Flow_Node0-Node8
                                                                                                                                    Mean                   1830.0            212.0 0.115847   2.386481           6349.0    3289.0               8.0            1.0               1.0            0.0                                                                                                                                                               
                                                                                                                                  Median                   1830.0            212.0 0.115847   2.386481           6349.0    3289.0               8.0            1.0               1.0            0.0                                                                                                                                                               
                                                                                                                            95% CI Lower                      NaN              NaN      NaN        NaN              NaN       NaN               NaN            NaN               NaN            NaN                                                                                                                                                               
                                                                                                                            95% CI Upper                      NaN              NaN      NaN        NaN              NaN       NaN               NaN            NaN               NaN            NaN                                                                                                                                                               
Instantaneous PDR data saved to /home/pathey/Workspace/665/665-copy-project-7/Results/phase1_daisy_1000m_mcs_adaptive_3Mbps_0.95decrement_threshold/instantaneous_pdr.csv

=== Flow-level Summary (All Metrics) ===
Empty DataFrame
Columns: [Pkt ID, Route, Generation Time (in s), First Tx At (in s), Delay (in s), Times Packet Forwarded, Retransmissions, Packet Size (in bytes), Tx Power (in watt), Average Transmission Power in the route (in watt), Min. SINR Along Route, SINR at Flow Dest, Min. Data Rate Along Route (in Mbps), Data Rate at Flow Src (in Mbps), Base Packet ID]
Index: []

Flow Flow_Node0-Node8:
  Packets Generated: 1830.00
  Packets Received : 212.00
  PDR              : 0.116
  Avg Delay (s)    : 2.3865
  Max Delay (s)    : 3.0077
  95th %ile Delay(s): 3.0020
  Retransmissions  : 6349.00
  Forwards         : 3289.00
  Drops (Expiry)   : 2704
  Drops (Queue Mgmt): 0
  Drops (Retry)    : 172
  Drops (Overflow) : 0
  Drops (No Route) : 0
  TCP Reinsertions : 0
Avg:  Packets generated: 1830 Packets received: 212 PDR: 0.11584699453551912 Avg delay: 2.3864814764150943 Retransmissions: 6349 Packet forwards: 3289 Route length: 8.0 Route uptime: 1.0 HQ Route Uptime: 1.0 Route switches: 0.0 

Plot saved to: /home/pathey/Workspace/665/665-copy-project-7/Results/phase1_daisy_1000m_mcs_adaptive_3Mbps_0.95decrement_threshold/instantaneous_pdr_plot.png
Delay-over-time plot saved to: /home/pathey/Workspace/665/665-copy-project-7/Results/phase1_daisy_1000m_mcs_adaptive_3Mbps_0.95decrement_threshold/delay_over_time.png
