Rows with invalid delay (0 or inf):
                               Pkt ID                        Route  ...  Min. Data Rate Along Route (in Mbps)  Data Rate at Flow Src (in Mbps)
0      2000005463450_Node0_Node8_Zero  [0, 1, 2, 3, 4, 5, 6, 7, 8]  ...                                    33                               33
1      2000010932556_Node0_Node8_Zero  [0, 1, 2, 3, 4, 5, 6, 7, 8]  ...                                    33                               33
2      2000016399477_Node0_Node8_Zero  [0, 1, 2, 3, 4, 5, 6, 7, 8]  ...                                    33                               33
3      2000021868395_Node0_Node8_Zero  [0, 1, 2, 3, 4, 5, 6, 7, 8]  ...                                    33                               33
4      2000027333597_Node0_Node8_Zero  [0, 1, 2, 3, 4, 5, 6, 7, 8]  ...                                    33                               33
...                               ...                          ...  ...                                   ...                              ...
15899  2099983463771_Node0_Node8_Zero  [0, 1, 2, 3, 4, 5, 6, 7, 8]  ...                                    22                               22
15900  2099988928302_Node0_Node8_Zero  [0, 1, 2, 3, 4, 5, 6, 7, 8]  ...                                    22                               22
15901  2099994394941_Node0_Node8_Zero  [0, 1, 2, 3, 4, 5, 6, 7, 8]  ...                                    22                               22
15902  2099999858683_Node0_Node8_Zero  [0, 1, 2, 3, 4, 5, 6, 7, 8]  ...                                    22                               22
15903  2100005319492_Node0_Node8_Zero  [0, 1, 2, 3, 4, 5, 6, 7, 8]  ...                                    22                               22

[15721 rows x 14 columns]
Parent directory is not in 'WARx' format.
DEBUG Flow file=Flow_Node0-Node8.csv, Extracted src=0, dst=8
DEBUG Route dict candidate=[0, 8]
Unique nodes participated for this flow: [0, 1, 2, 3, 4, 5, 6, 7, 8]
node 0 total drops: 17833 drop_expiry 17732 17732 drop_q_mngmnt 0 0 drop_retry 101 101 drop_overflow 0 0 drop_no_route 0 0
node 1 total drops: 15659 drop_expiry 15620 33352 drop_q_mngmnt 0 0 drop_retry 39 140 drop_overflow 0 0 drop_no_route 0 0
node 2 total drops: 742 drop_expiry 698 34050 drop_q_mngmnt 0 0 drop_retry 44 184 drop_overflow 0 0 drop_no_route 0 0
node 3 total drops: 515 drop_expiry 468 34518 drop_q_mngmnt 0 0 drop_retry 47 231 drop_overflow 0 0 drop_no_route 0 0
node 4 total drops: 406 drop_expiry 324 34842 drop_q_mngmnt 0 0 drop_retry 82 313 drop_overflow 0 0 drop_no_route 0 0
node 5 total drops: 242 drop_expiry 223 35065 drop_q_mngmnt 0 0 drop_retry 19 332 drop_overflow 0 0 drop_no_route 0 0
node 6 total drops: 252 drop_expiry 210 35275 drop_q_mngmnt 0 0 drop_retry 42 374 drop_overflow 0 0 drop_no_route 0 0
node 7 total drops: 212 drop_expiry 179 35454 drop_q_mngmnt 0 0 drop_retry 33 407 drop_overflow 0 0 drop_no_route 0 0
node 8 total drops: 0 drop_expiry 0 35454 drop_q_mngmnt 0 0 drop_retry 0 407 drop_overflow 0 0 drop_no_route 0 0
                                                                                                                         File Path Run No Packets Generated Packets Received      PDR  Avg Delay #Retransmissions #Forwards  Avg Route Length  %Route Uptime  %HQ Route Uptime Route Switches Packet Drop (Expiry) Packet Drop (Queue Management) Packet Drop (Retry) Packet Drop (Overflow) Packet Drop (No Route) Packet Reinserted (TCP)          Flow_ID
/home/pathey/Workspace/665/665-copy-project-7/Results/phase3_crossflow_1000m_mcs_adaptive_3Mbps_1.1inc_1.5dec/Flow_Node0-Node8.csv      1             18301              183 0.009999    3.00984            56167       331               8.0            1.0               1.0              0                35454                              0                 407                      0                      0                       0 Flow_Node0-Node8
                                                                                                                              Mean                  18301.0            183.0 0.009999    3.00984          56167.0     331.0               8.0            1.0               1.0            0.0                                                                                                                                                               
                                                                                                                            Median                  18301.0            183.0 0.009999    3.00984          56167.0     331.0               8.0            1.0               1.0            0.0                                                                                                                                                               
                                                                                                                      95% CI Lower                      NaN              NaN      NaN        NaN              NaN       NaN               NaN            NaN               NaN            NaN                                                                                                                                                               
                                                                                                                      95% CI Upper                      NaN              NaN      NaN        NaN              NaN       NaN               NaN            NaN               NaN            NaN                                                                                                                                                               
Instantaneous PDR data saved to /home/pathey/Workspace/665/665-copy-project-7/Results/phase3_crossflow_1000m_mcs_adaptive_3Mbps_1.1inc_1.5dec/instantaneous_pdr.csv

=== Flow-level Summary (All Metrics) ===
Empty DataFrame
Columns: [Pkt ID, Route, Generation Time (in s), First Tx At (in s), Delay (in s), Times Packet Forwarded, Retransmissions, Packet Size (in bytes), Tx Power (in watt), Average Transmission Power in the route (in watt), Min. SINR Along Route, SINR at Flow Dest, Min. Data Rate Along Route (in Mbps), Data Rate at Flow Src (in Mbps), Base Packet ID]
Index: []

Flow Flow_Node0-Node8:
  Packets Generated: 18301.00
  Packets Received : 183.00
  PDR              : 0.010
  Avg Delay (s)    : 3.0098
  Max Delay (s)    : 3.9426
  95th %ile Delay(s): 3.6680
  Retransmissions  : 56167.00
  Forwards         : 331.00
  Drops (Expiry)   : 35454
  Drops (Queue Mgmt): 0
  Drops (Retry)    : 407
  Drops (Overflow) : 0
  Drops (No Route) : 0
  TCP Reinsertions : 0
Avg:  Packets generated: 18301 Packets received: 183 PDR: 0.009999453581771487 Avg delay: 3.00983987431694 Retransmissions: 56167 Packet forwards: 331 Route length: 8.0 Route uptime: 1.0 HQ Route Uptime: 1.0 Route switches: 0.0 

Plot saved to: /home/pathey/Workspace/665/665-copy-project-7/Results/phase3_crossflow_1000m_mcs_adaptive_3Mbps_1.1inc_1.5dec/instantaneous_pdr_plot.png
Delay-over-time plot saved to: /home/pathey/Workspace/665/665-copy-project-7/Results/phase3_crossflow_1000m_mcs_adaptive_3Mbps_1.1inc_1.5dec/delay_over_time.png
