Rows with invalid delay (0 or inf):
                              Pkt ID  ... Data Rate at Flow Src (in Mbps)
0     2000005463450_Node0_Node8_Zero  ...                              33
1     2000010932556_Node0_Node8_Zero  ...                              33
2     2000016395391_Node0_Node8_Zero  ...                              33
3     2000021860571_Node0_Node8_Zero  ...                              33
4     2000027327671_Node0_Node8_Zero  ...                              33
...                              ...  ...                             ...
1766  2009655803564_Node0_Node8_Zero  ...                              11
1767  2009661264328_Node0_Node8_Zero  ...                              11
1769  2009672191608_Node0_Node8_Zero  ...                              11
1771  2009683116570_Node0_Node8_Zero  ...                              11
1772  2009688585347_Node0_Node8_Zero  ...                              11

[418 rows x 14 columns]
Parent directory is not in 'WARx' format.
DEBUG Flow file=Flow_Node0-Node8.csv, Extracted src=0, dst=8
DEBUG Route dict candidate=[0, 8]
Unique nodes participated for this flow: [0, 2, 4, 6, 8]
node 0 total drops: 628 drop_expiry 490 490 drop_q_mngmnt 0 0 drop_retry 138 138 drop_overflow 0 0 drop_no_route 0 0
node 2 total drops: 54 drop_expiry 27 517 drop_q_mngmnt 0 0 drop_retry 27 165 drop_overflow 0 0 drop_no_route 0 0
node 4 total drops: 1051 drop_expiry 1004 1521 drop_q_mngmnt 0 0 drop_retry 47 212 drop_overflow 0 0 drop_no_route 0 0
node 6 total drops: 139 drop_expiry 119 1640 drop_q_mngmnt 0 0 drop_retry 20 232 drop_overflow 0 0 drop_no_route 0 0
node 8 total drops: 0 drop_expiry 0 1640 drop_q_mngmnt 0 0 drop_retry 0 232 drop_overflow 0 0 drop_no_route 0 0
                                                                                                                              File Path Run No Packets Generated Packets Received      PDR  Avg Delay #Retransmissions #Forwards  Avg Route Length  %Route Uptime  %HQ Route Uptime Route Switches Packet Drop (Expiry) Packet Drop (Queue Management) Packet Drop (Retry) Packet Drop (Overflow) Packet Drop (No Route) Packet Reinserted (TCP)          Flow_ID
/home/pathey/Workspace/665/665-copy-project-7/Results/phase1_daisy_500m_mcs_adaptive_3Mbps_0.95decrement_threshold/Flow_Node0-Node8.csv      1              1830             1355 0.740437   1.755732             6523      4707               4.0            1.0               1.0              0                 1640                              0                 232                      0                      0                       0 Flow_Node0-Node8
                                                                                                                                   Mean                   1830.0           1355.0 0.740437   1.755732           6523.0    4707.0               4.0            1.0               1.0            0.0                                                                                                                                                               
                                                                                                                                 Median                   1830.0           1355.0 0.740437   1.755732           6523.0    4707.0               4.0            1.0               1.0            0.0                                                                                                                                                               
                                                                                                                           95% CI Lower                      NaN              NaN      NaN        NaN              NaN       NaN               NaN            NaN               NaN            NaN                                                                                                                                                               
                                                                                                                           95% CI Upper                      NaN              NaN      NaN        NaN              NaN       NaN               NaN            NaN               NaN            NaN                                                                                                                                                               
Instantaneous PDR data saved to /home/pathey/Workspace/665/665-copy-project-7/Results/phase1_daisy_500m_mcs_adaptive_3Mbps_0.95decrement_threshold/instantaneous_pdr.csv

=== Flow-level Summary (All Metrics) ===
Empty DataFrame
Columns: [Pkt ID, Route, Generation Time (in s), First Tx At (in s), Delay (in s), Times Packet Forwarded, Retransmissions, Packet Size (in bytes), Tx Power (in watt), Average Transmission Power in the route (in watt), Min. SINR Along Route, SINR at Flow Dest, Min. Data Rate Along Route (in Mbps), Data Rate at Flow Src (in Mbps), Base Packet ID]
Index: []

Flow Flow_Node0-Node8:
  Packets Generated: 1830.00
  Packets Received : 1355.00
  PDR              : 0.740
  Avg Delay (s)    : 1.7557
  Max Delay (s)    : 3.0091
  95th %ile Delay(s): 2.9994
  Retransmissions  : 6523.00
  Forwards         : 4707.00
  Drops (Expiry)   : 1640
  Drops (Queue Mgmt): 0
  Drops (Retry)    : 232
  Drops (Overflow) : 0
  Drops (No Route) : 0
  TCP Reinsertions : 0
Avg:  Packets generated: 1830 Packets received: 1355 PDR: 0.7404371584699454 Avg delay: 1.7557319874538748 Retransmissions: 6523 Packet forwards: 4707 Route length: 4.0 Route uptime: 1.0 HQ Route Uptime: 1.0 Route switches: 0.0 

Plot saved to: /home/pathey/Workspace/665/665-copy-project-7/Results/phase1_daisy_500m_mcs_adaptive_3Mbps_0.95decrement_threshold/instantaneous_pdr_plot.png
Delay-over-time plot saved to: /home/pathey/Workspace/665/665-copy-project-7/Results/phase1_daisy_500m_mcs_adaptive_3Mbps_0.95decrement_threshold/delay_over_time.png
