Rows with invalid delay (0 or inf):
                             Pkt ID                        Route  ...  Min. Data Rate Along Route (in Mbps)  Data Rate at Flow Src (in Mbps)
0    2000016392412_Node0_Node8_Zero  [0, 1, 2, 3, 4, 5, 6, 7, 8]  ...                                    33                               33
1    2000032790479_Node0_Node8_Zero  [0, 1, 2, 3, 4, 5, 6, 7, 8]  ...                                    33                               33
2    2000049186541_Node0_Node8_Zero  [0, 1, 2, 3, 4, 5, 6, 7, 8]  ...                                    33                               33
3    2000065578020_Node0_Node8_Zero  [0, 1, 2, 3, 4, 5, 6, 7, 8]  ...                                    33                               33
4    2000081976387_Node0_Node8_Zero  [0, 1, 2, 3, 4, 5, 6, 7, 8]  ...                                    33                               33
..                              ...                          ...  ...                                   ...                              ...
597  2009803363030_Node0_Node8_Zero  [0, 1, 2, 3, 4, 5, 6, 7, 8]  ...                                    11                               11
598  2009819760737_Node0_Node8_Zero  [0, 1, 2, 3, 4, 5, 6, 7, 8]  ...                                    11                               11
599  2009836155662_Node0_Node8_Zero  [0, 1, 2, 3, 4, 5, 6, 7, 8]  ...                                    11                               11
600  2009852546716_Node0_Node8_Zero  [0, 1, 2, 3, 4, 5, 6, 7, 8]  ...                                    11                               11
601  2009868944470_Node0_Node8_Zero  [0, 1, 2, 3, 4, 5, 6, 7, 8]  ...                                    11                               11

[306 rows x 14 columns]
Parent directory is not in 'WARx' format.
DEBUG Flow file=Flow_Node0-Node8.csv, Extracted src=0, dst=8
DEBUG Route dict candidate=[0, 8]
Unique nodes participated for this flow: [0, 1, 2, 3, 4, 5, 6, 7, 8]
node 0 total drops: 431 drop_expiry 105 105 drop_q_mngmnt 0 0 drop_retry 326 326 drop_overflow 0 0 drop_no_route 0 0
node 1 total drops: 43 drop_expiry 5 110 drop_q_mngmnt 0 0 drop_retry 38 364 drop_overflow 0 0 drop_no_route 0 0
node 2 total drops: 285 drop_expiry 223 333 drop_q_mngmnt 0 0 drop_retry 62 426 drop_overflow 0 0 drop_no_route 0 0
node 3 total drops: 310 drop_expiry 227 560 drop_q_mngmnt 0 0 drop_retry 83 509 drop_overflow 0 0 drop_no_route 0 0
node 4 total drops: 27 drop_expiry 9 569 drop_q_mngmnt 0 0 drop_retry 18 527 drop_overflow 0 0 drop_no_route 0 0
node 5 total drops: 220 drop_expiry 173 742 drop_q_mngmnt 0 0 drop_retry 47 574 drop_overflow 0 0 drop_no_route 0 0
node 6 total drops: 26 drop_expiry 21 763 drop_q_mngmnt 0 0 drop_retry 5 579 drop_overflow 0 0 drop_no_route 0 0
node 7 total drops: 256 drop_expiry 142 905 drop_q_mngmnt 0 0 drop_retry 114 693 drop_overflow 0 0 drop_no_route 0 0
node 8 total drops: 0 drop_expiry 0 905 drop_q_mngmnt 0 0 drop_retry 0 693 drop_overflow 0 0 drop_no_route 0 0
                                                                                                                              File Path Run No Packets Generated Packets Received      PDR  Avg Delay #Retransmissions #Forwards  Avg Route Length  %Route Uptime  %HQ Route Uptime Route Switches Packet Drop (Expiry) Packet Drop (Queue Management) Packet Drop (Retry) Packet Drop (Overflow) Packet Drop (No Route) Packet Reinserted (TCP)          Flow_ID
/home/pathey/Workspace/665/665-copy-project-7/Results/phase1_daisy_1200m_mcs_adaptive_1Mbps_0.9increment_threshold/Flow_Node0-Node8.csv      1               610              304 0.498361   2.331183             9528      2171               8.0            1.0               1.0              0                  905                              0                 693                      0                      0                       0 Flow_Node0-Node8
                                                                                                                                   Mean                    610.0            304.0 0.498361   2.331183           9528.0    2171.0               8.0            1.0               1.0            0.0                                                                                                                                                               
                                                                                                                                 Median                    610.0            304.0 0.498361   2.331183           9528.0    2171.0               8.0            1.0               1.0            0.0                                                                                                                                                               
                                                                                                                           95% CI Lower                      NaN              NaN      NaN        NaN              NaN       NaN               NaN            NaN               NaN            NaN                                                                                                                                                               
                                                                                                                           95% CI Upper                      NaN              NaN      NaN        NaN              NaN       NaN               NaN            NaN               NaN            NaN                                                                                                                                                               
Instantaneous PDR data saved to /home/pathey/Workspace/665/665-copy-project-7/Results/phase1_daisy_1200m_mcs_adaptive_1Mbps_0.9increment_threshold/instantaneous_pdr.csv

=== Flow-level Summary (All Metrics) ===
Empty DataFrame
Columns: [Pkt ID, Route, Generation Time (in s), First Tx At (in s), Delay (in s), Times Packet Forwarded, Retransmissions, Packet Size (in bytes), Tx Power (in watt), Average Transmission Power in the route (in watt), Min. SINR Along Route, SINR at Flow Dest, Min. Data Rate Along Route (in Mbps), Data Rate at Flow Src (in Mbps), Base Packet ID]
Index: []

Flow Flow_Node0-Node8:
  Packets Generated: 610.00
  Packets Received : 304.00
  PDR              : 0.498
  Avg Delay (s)    : 2.3312
  Max Delay (s)    : 4.1642
  95th %ile Delay(s): 3.4983
  Retransmissions  : 9528.00
  Forwards         : 2171.00
  Drops (Expiry)   : 905
  Drops (Queue Mgmt): 0
  Drops (Retry)    : 693
  Drops (Overflow) : 0
  Drops (No Route) : 0
  TCP Reinsertions : 0
Avg:  Packets generated: 610 Packets received: 304 PDR: 0.49836065573770494 Avg delay: 2.3311834013157893 Retransmissions: 9528 Packet forwards: 2171 Route length: 8.0 Route uptime: 1.0 HQ Route Uptime: 1.0 Route switches: 0.0 

Plot saved to: /home/pathey/Workspace/665/665-copy-project-7/Results/phase1_daisy_1200m_mcs_adaptive_1Mbps_0.9increment_threshold/instantaneous_pdr_plot.png
Delay-over-time plot saved to: /home/pathey/Workspace/665/665-copy-project-7/Results/phase1_daisy_1200m_mcs_adaptive_1Mbps_0.9increment_threshold/delay_over_time.png
