Rows with invalid delay (0 or inf):
                              Pkt ID  ... Data Rate at Flow Src (in Mbps)
2     2000016395507_Node0_Node8_Zero  ...                              33
4     2000027327600_Node0_Node8_Zero  ...                              33
9     2000054657717_Node0_Node8_Zero  ...                              33
12    2000071055501_Node0_Node8_Zero  ...                              33
14    2000081979681_Node0_Node8_Zero  ...                              33
...                              ...  ...                             ...
1677  2009169391160_Node0_Node8_Zero  ...                              33
1767  2009661209532_Node0_Node8_Zero  ...                              33
1768  2009666678098_Node0_Node8_Zero  ...                              33
1776  2009710398601_Node0_Node8_Zero  ...                              33
1777  2009715866137_Node0_Node8_Zero  ...                              33

[1549 rows x 14 columns]
Parent directory is not in 'WARx' format.
DEBUG Flow file=Flow_Node0-Node8.csv, Extracted src=0, dst=8
DEBUG Route dict candidate=[0, 8]
Unique nodes participated for this flow: [0, 1, 3, 5, 6, 8]
node 0 total drops: 6 drop_expiry 0 0 drop_q_mngmnt 0 0 drop_retry 6 6 drop_overflow 0 0 drop_no_route 0 0
node 1 total drops: 1481 drop_expiry 1460 1460 drop_q_mngmnt 0 0 drop_retry 21 27 drop_overflow 0 0 drop_no_route 0 0
node 3 total drops: 149 drop_expiry 107 1567 drop_q_mngmnt 0 0 drop_retry 42 69 drop_overflow 0 0 drop_no_route 0 0
node 5 total drops: 253 drop_expiry 223 1790 drop_q_mngmnt 0 0 drop_retry 30 99 drop_overflow 0 0 drop_no_route 0 0
node 6 total drops: 173 drop_expiry 144 1934 drop_q_mngmnt 0 0 drop_retry 29 128 drop_overflow 0 0 drop_no_route 0 0
node 8 total drops: 0 drop_expiry 0 1934 drop_q_mngmnt 0 0 drop_retry 0 128 drop_overflow 0 0 drop_no_route 0 0
                                                                                                          File Path Run No Packets Generated Packets Received      PDR  Avg Delay #Retransmissions #Forwards  Avg Route Length  %Route Uptime  %HQ Route Uptime Route Switches Packet Drop (Expiry) Packet Drop (Queue Management) Packet Drop (Retry) Packet Drop (Overflow) Packet Drop (No Route) Packet Reinserted (TCP)          Flow_ID
/home/pathey/Workspace/665/665-copy-project-7/Results/phase2_crossflow_500m_mcs_adaptive_3Mbps/Flow_Node0-Node8.csv      1              1830              281 0.153552   2.679456             2845      2907               5.0            1.0               1.0              0                 1934                              0                 128                      0                      0                       0 Flow_Node0-Node8
                                                                                                               Mean                   1830.0            281.0 0.153552   2.679456           2845.0    2907.0               5.0            1.0               1.0            0.0                                                                                                                                                               
                                                                                                             Median                   1830.0            281.0 0.153552   2.679456           2845.0    2907.0               5.0            1.0               1.0            0.0                                                                                                                                                               
                                                                                                       95% CI Lower                      NaN              NaN      NaN        NaN              NaN       NaN               NaN            NaN               NaN            NaN                                                                                                                                                               
                                                                                                       95% CI Upper                      NaN              NaN      NaN        NaN              NaN       NaN               NaN            NaN               NaN            NaN                                                                                                                                                               
Instantaneous PDR data saved to /home/pathey/Workspace/665/665-copy-project-7/Results/phase2_crossflow_500m_mcs_adaptive_3Mbps/instantaneous_pdr.csv

=== Flow-level Summary (All Metrics) ===
Empty DataFrame
Columns: [Pkt ID, Route, Generation Time (in s), First Tx At (in s), Delay (in s), Times Packet Forwarded, Retransmissions, Packet Size (in bytes), Tx Power (in watt), Average Transmission Power in the route (in watt), Min. SINR Along Route, SINR at Flow Dest, Min. Data Rate Along Route (in Mbps), Data Rate at Flow Src (in Mbps), Base Packet ID]
Index: []

Flow Flow_Node0-Node8:
  Packets Generated: 1830.00
  Packets Received : 281.00
  PDR              : 0.154
  Avg Delay (s)    : 2.6795
  Max Delay (s)    : 3.6458
  95th %ile Delay(s): 3.2641
  Retransmissions  : 2845.00
  Forwards         : 2907.00
  Drops (Expiry)   : 1934
  Drops (Queue Mgmt): 0
  Drops (Retry)    : 128
  Drops (Overflow) : 0
  Drops (No Route) : 0
  TCP Reinsertions : 0
Avg:  Packets generated: 1830 Packets received: 281 PDR: 0.153551912568306 Avg delay: 2.679456131672598 Retransmissions: 2845 Packet forwards: 2907 Route length: 5.0 Route uptime: 1.0 HQ Route Uptime: 1.0 Route switches: 0.0 

Plot saved to: /home/pathey/Workspace/665/665-copy-project-7/Results/phase2_crossflow_500m_mcs_adaptive_3Mbps/instantaneous_pdr_plot.png
Delay-over-time plot saved to: /home/pathey/Workspace/665/665-copy-project-7/Results/phase2_crossflow_500m_mcs_adaptive_3Mbps/delay_over_time.png
