Rows with invalid delay (0 or inf):
                              Pkt ID               Route  ...  Min. Data Rate Along Route (in Mbps)  Data Rate at Flow Src (in Mbps)
758   2004147472922_Node0_Node8_Zero  [0, 1, 3, 5, 6, 8]  ...                                    11                               11
759   2004152937975_Node0_Node8_Zero  [0, 1, 3, 5, 6, 8]  ...                                    11                               11
760   2004158398862_Node0_Node8_Zero  [0, 1, 3, 5, 6, 8]  ...                                    11                               11
761   2004163863578_Node0_Node8_Zero  [0, 1, 3, 5, 6, 8]  ...                                    11                               11
762   2004169323539_Node0_Node8_Zero  [0, 1, 3, 5, 6, 8]  ...                                    11                               11
...                              ...                 ...  ...                                   ...                              ...
1817  2009934353752_Node0_Node8_Zero  [0, 1, 3, 5, 6, 8]  ...                                    11                               11
1820  2009950746661_Node0_Node8_Zero  [0, 1, 3, 5, 6, 8]  ...                                    11                               11
1821  2009956213721_Node0_Node8_Zero  [0, 1, 3, 5, 6, 8]  ...                                    11                               11
1826  2009983537402_Node0_Node8_Zero  [0, 1, 3, 5, 6, 8]  ...                                    11                               11
1827  2009989001134_Node0_Node8_Zero  [0, 1, 3, 5, 6, 8]  ...                                    11                               11

[753 rows x 14 columns]
Parent directory is not in 'WARx' format.
DEBUG Flow file=Flow_Node0-Node8.csv, Extracted src=0, dst=8
DEBUG Route dict candidate=[0, 8]
Unique nodes participated for this flow: [0, 1, 3, 5, 6, 8]
node 0 total drops: 2 drop_expiry 2 2 drop_q_mngmnt 0 0 drop_retry 0 0 drop_overflow 0 0 drop_no_route 0 0
node 1 total drops: 0 drop_expiry 0 2 drop_q_mngmnt 0 0 drop_retry 0 0 drop_overflow 0 0 drop_no_route 0 0
node 3 total drops: 86 drop_expiry 86 88 drop_q_mngmnt 0 0 drop_retry 0 0 drop_overflow 0 0 drop_no_route 0 0
node 5 total drops: 388 drop_expiry 388 476 drop_q_mngmnt 0 0 drop_retry 0 0 drop_overflow 0 0 drop_no_route 0 0
node 6 total drops: 279 drop_expiry 279 755 drop_q_mngmnt 0 0 drop_retry 0 0 drop_overflow 0 0 drop_no_route 0 0
node 8 total drops: 0 drop_expiry 0 755 drop_q_mngmnt 0 0 drop_retry 0 0 drop_overflow 0 0 drop_no_route 0 0
                                                                                                  File Path Run No Packets Generated Packets Received      PDR  Avg Delay #Retransmissions #Forwards  Avg Route Length  %Route Uptime  %HQ Route Uptime Route Switches Packet Drop (Expiry) Packet Drop (Queue Management) Packet Drop (Retry) Packet Drop (Overflow) Packet Drop (No Route) Packet Reinserted (TCP)          Flow_ID
/home/pathey/Workspace/665/665-copy-project-7/Results/phase2_crossflow_500m_mcs0_3Mbps/Flow_Node0-Node8.csv      1              1831             1076 0.587657   1.979323             1777      7832               5.0            1.0               1.0              0                  755                              0                   0                      0                      0                       0 Flow_Node0-Node8
                                                                                                       Mean                   1831.0           1076.0 0.587657   1.979323           1777.0    7832.0               5.0            1.0               1.0            0.0                                                                                                                                                               
                                                                                                     Median                   1831.0           1076.0 0.587657   1.979323           1777.0    7832.0               5.0            1.0               1.0            0.0                                                                                                                                                               
                                                                                               95% CI Lower                      NaN              NaN      NaN        NaN              NaN       NaN               NaN            NaN               NaN            NaN                                                                                                                                                               
                                                                                               95% CI Upper                      NaN              NaN      NaN        NaN              NaN       NaN               NaN            NaN               NaN            NaN                                                                                                                                                               
Instantaneous PDR data saved to /home/pathey/Workspace/665/665-copy-project-7/Results/phase2_crossflow_500m_mcs0_3Mbps/instantaneous_pdr.csv

=== Flow-level Summary (All Metrics) ===
Empty DataFrame
Columns: [Pkt ID, Route, Generation Time (in s), First Tx At (in s), Delay (in s), Times Packet Forwarded, Retransmissions, Packet Size (in bytes), Tx Power (in watt), Average Transmission Power in the route (in watt), Min. SINR Along Route, SINR at Flow Dest, Min. Data Rate Along Route (in Mbps), Data Rate at Flow Src (in Mbps), Base Packet ID]
Index: []

Flow Flow_Node0-Node8:
  Packets Generated: 1831.00
  Packets Received : 1076.00
  PDR              : 0.588
  Avg Delay (s)    : 1.9793
  Max Delay (s)    : 3.0127
  95th %ile Delay(s): 3.0039
  Retransmissions  : 1777.00
  Forwards         : 7832.00
  Drops (Expiry)   : 755
  Drops (Queue Mgmt): 0
  Drops (Retry)    : 0
  Drops (Overflow) : 0
  Drops (No Route) : 0
  TCP Reinsertions : 0
Avg:  Packets generated: 1831 Packets received: 1076 PDR: 0.5876570180229382 Avg delay: 1.9793228671003718 Retransmissions: 1777 Packet forwards: 7832 Route length: 5.0 Route uptime: 1.0 HQ Route Uptime: 1.0 Route switches: 0.0 

Plot saved to: /home/pathey/Workspace/665/665-copy-project-7/Results/phase2_crossflow_500m_mcs0_3Mbps/instantaneous_pdr_plot.png
Delay-over-time plot saved to: /home/pathey/Workspace/665/665-copy-project-7/Results/phase2_crossflow_500m_mcs0_3Mbps/delay_over_time.png
