Rows with invalid delay (0 or inf):
                             Pkt ID                        Route  ...  Min. Data Rate Along Route (in Mbps)  Data Rate at Flow Src (in Mbps)
0    2000016392412_Node0_Node8_Zero  [0, 1, 2, 3, 4, 5, 6, 7, 8]  ...                                    33                               33
1    2000032790479_Node0_Node8_Zero  [0, 1, 2, 3, 4, 5, 6, 7, 8]  ...                                    33                               33
2    2000049186319_Node0_Node8_Zero  [0, 1, 2, 3, 4, 5, 6, 7, 8]  ...                                    33                               33
3    2000065577449_Node0_Node8_Zero  [0, 1, 2, 3, 4, 5, 6, 7, 8]  ...                                    33                               33
4    2000081968069_Node0_Node8_Zero  [0, 1, 2, 3, 4, 5, 6, 7, 8]  ...                                    33                               33
..                              ...                          ...  ...                                   ...                              ...
605  2009934427089_Node0_Node8_Zero  [0, 1, 2, 3, 4, 5, 6, 7, 8]  ...                                    11                               11
606  2009950820925_Node0_Node8_Zero  [0, 1, 2, 3, 4, 5, 6, 7, 8]  ...                                    11                               11
607  2009967216884_Node0_Node8_Zero  [0, 1, 2, 3, 4, 5, 6, 7, 8]  ...                                    11                               11
608  2009983608622_Node0_Node8_Zero  [0, 1, 2, 3, 4, 5, 6, 7, 8]  ...                                    11                               11
609  2010000004716_Node0_Node8_Zero  [0, 1, 2, 3, 4, 5, 6, 7, 8]  ...                                    11                               11

[557 rows x 14 columns]
Parent directory is not in 'WARx' format.
DEBUG Flow file=Flow_Node0-Node8.csv, Extracted src=0, dst=8
DEBUG Route dict candidate=[0, 8]
Unique nodes participated for this flow: [0, 1, 2, 3, 4, 5, 6, 7, 8]
node 0 total drops: 520 drop_expiry 436 436 drop_q_mngmnt 0 0 drop_retry 84 84 drop_overflow 0 0 drop_no_route 0 0
node 1 total drops: 584 drop_expiry 547 983 drop_q_mngmnt 0 0 drop_retry 37 121 drop_overflow 0 0 drop_no_route 0 0
node 2 total drops: 55 drop_expiry 5 988 drop_q_mngmnt 0 0 drop_retry 50 171 drop_overflow 0 0 drop_no_route 0 0
node 3 total drops: 51 drop_expiry 0 988 drop_q_mngmnt 0 0 drop_retry 51 222 drop_overflow 0 0 drop_no_route 0 0
node 4 total drops: 51 drop_expiry 0 988 drop_q_mngmnt 0 0 drop_retry 51 273 drop_overflow 0 0 drop_no_route 0 0
node 5 total drops: 51 drop_expiry 0 988 drop_q_mngmnt 0 0 drop_retry 51 324 drop_overflow 0 0 drop_no_route 0 0
node 6 total drops: 58 drop_expiry 0 988 drop_q_mngmnt 0 0 drop_retry 58 382 drop_overflow 0 0 drop_no_route 0 0
node 7 total drops: 47 drop_expiry 0 988 drop_q_mngmnt 0 0 drop_retry 47 429 drop_overflow 0 0 drop_no_route 0 0
node 8 total drops: 0 drop_expiry 0 988 drop_q_mngmnt 0 0 drop_retry 0 429 drop_overflow 0 0 drop_no_route 0 0
                                                                                                                                  File Path Run No Packets Generated Packets Received      PDR  Avg Delay #Retransmissions #Forwards  Avg Route Length  %Route Uptime  %HQ Route Uptime Route Switches Packet Drop (Expiry) Packet Drop (Queue Management) Packet Drop (Retry) Packet Drop (Overflow) Packet Drop (No Route) Packet Reinserted (TCP)          Flow_ID
/home/pathey/Workspace/665/665-copy-project-7/Results/phase2_crossflow_1200m_mcs_adaptive_1Mbps_0.5increment_threshold/Flow_Node0-Node8.csv      1               610               53 0.086885   1.013395             5705       110               8.0            1.0               1.0              0                  988                              0                 429                      0                      0                       0 Flow_Node0-Node8
                                                                                                                                       Mean                    610.0             53.0 0.086885   1.013395           5705.0     110.0               8.0            1.0               1.0            0.0                                                                                                                                                               
                                                                                                                                     Median                    610.0             53.0 0.086885   1.013395           5705.0     110.0               8.0            1.0               1.0            0.0                                                                                                                                                               
                                                                                                                               95% CI Lower                      NaN              NaN      NaN        NaN              NaN       NaN               NaN            NaN               NaN            NaN                                                                                                                                                               
                                                                                                                               95% CI Upper                      NaN              NaN      NaN        NaN              NaN       NaN               NaN            NaN               NaN            NaN                                                                                                                                                               
Instantaneous PDR data saved to /home/pathey/Workspace/665/665-copy-project-7/Results/phase2_crossflow_1200m_mcs_adaptive_1Mbps_0.5increment_threshold/instantaneous_pdr.csv

=== Flow-level Summary (All Metrics) ===
Empty DataFrame
Columns: [Pkt ID, Route, Generation Time (in s), First Tx At (in s), Delay (in s), Times Packet Forwarded, Retransmissions, Packet Size (in bytes), Tx Power (in watt), Average Transmission Power in the route (in watt), Min. SINR Along Route, SINR at Flow Dest, Min. Data Rate Along Route (in Mbps), Data Rate at Flow Src (in Mbps), Base Packet ID]
Index: []

Flow Flow_Node0-Node8:
  Packets Generated: 610.00
  Packets Received : 53.00
  PDR              : 0.087
  Avg Delay (s)    : 1.0134
  Max Delay (s)    : 2.2295
  95th %ile Delay(s): 2.0484
  Retransmissions  : 5705.00
  Forwards         : 110.00
  Drops (Expiry)   : 988
  Drops (Queue Mgmt): 0
  Drops (Retry)    : 429
  Drops (Overflow) : 0
  Drops (No Route) : 0
  TCP Reinsertions : 0
Avg:  Packets generated: 610 Packets received: 53 PDR: 0.08688524590163935 Avg delay: 1.013394679245283 Retransmissions: 5705 Packet forwards: 110 Route length: 8.0 Route uptime: 1.0 HQ Route Uptime: 1.0 Route switches: 0.0 

Plot saved to: /home/pathey/Workspace/665/665-copy-project-7/Results/phase2_crossflow_1200m_mcs_adaptive_1Mbps_0.5increment_threshold/instantaneous_pdr_plot.png
Delay-over-time plot saved to: /home/pathey/Workspace/665/665-copy-project-7/Results/phase2_crossflow_1200m_mcs_adaptive_1Mbps_0.5increment_threshold/delay_over_time.png
