Rows with invalid delay (0 or inf):
                               Pkt ID                        Route  ...  Min. Data Rate Along Route (in Mbps)  Data Rate at Flow Src (in Mbps)
0      2000005463450_Node0_Node8_Zero  [0, 1, 2, 3, 4, 5, 6, 7, 8]  ...                                    33                               33
1      2000010932556_Node0_Node8_Zero  [0, 1, 2, 3, 4, 5, 6, 7, 8]  ...                                    33                               33
2      2000016395391_Node0_Node8_Zero  [0, 1, 2, 3, 4, 5, 6, 7, 8]  ...                                    33                               33
3      2000021860571_Node0_Node8_Zero  [0, 1, 2, 3, 4, 5, 6, 7, 8]  ...                                    33                               33
4      2000027327671_Node0_Node8_Zero  [0, 1, 2, 3, 4, 5, 6, 7, 8]  ...                                    33                               33
...                               ...                          ...  ...                                   ...                              ...
18295  2099977848854_Node0_Node8_Zero  [0, 1, 2, 3, 4, 5, 6, 7, 8]  ...                                    11                               33
18297  2099988774880_Node0_Node8_Zero  [0, 1, 2, 3, 4, 5, 6, 7, 8]  ...                                    11                               33
18298  2099994241346_Node0_Node8_Zero  [0, 1, 2, 3, 4, 5, 6, 7, 8]  ...                                    33                               33
18299  2099999710328_Node0_Node8_Zero  [0, 1, 2, 3, 4, 5, 6, 7, 8]  ...                                    33                               33
18300  2100005173946_Node0_Node8_Zero  [0, 1, 2, 3, 4, 5, 6, 7, 8]  ...                                    33                               33

[18072 rows x 14 columns]
Parent directory is not in 'WARx' format.
DEBUG Flow file=Flow_Node0-Node8.csv, Extracted src=0, dst=8
DEBUG Route dict candidate=[0, 8]
Unique nodes participated for this flow: [0, 1, 2, 3, 4, 5, 6, 7, 8]
node 0 total drops: 27 drop_expiry 0 0 drop_q_mngmnt 0 0 drop_retry 27 27 drop_overflow 0 0 drop_no_route 0 0
node 1 total drops: 16815 drop_expiry 16749 16749 drop_q_mngmnt 0 0 drop_retry 66 93 drop_overflow 0 0 drop_no_route 0 0
node 2 total drops: 1332 drop_expiry 1309 18058 drop_q_mngmnt 0 0 drop_retry 23 116 drop_overflow 0 0 drop_no_route 0 0
node 3 total drops: 1437 drop_expiry 1404 19462 drop_q_mngmnt 0 0 drop_retry 33 149 drop_overflow 0 0 drop_no_route 0 0
node 4 total drops: 718 drop_expiry 674 20136 drop_q_mngmnt 0 0 drop_retry 44 193 drop_overflow 0 0 drop_no_route 0 0
node 5 total drops: 404 drop_expiry 385 20521 drop_q_mngmnt 0 0 drop_retry 19 212 drop_overflow 0 0 drop_no_route 0 0
node 6 total drops: 345 drop_expiry 267 20788 drop_q_mngmnt 0 0 drop_retry 78 290 drop_overflow 0 0 drop_no_route 0 0
node 7 total drops: 228 drop_expiry 204 20992 drop_q_mngmnt 0 0 drop_retry 24 314 drop_overflow 0 0 drop_no_route 0 0
node 8 total drops: 0 drop_expiry 0 20992 drop_q_mngmnt 0 0 drop_retry 0 314 drop_overflow 0 0 drop_no_route 0 0
                                                                                                                     File Path Run No Packets Generated Packets Received      PDR  Avg Delay #Retransmissions #Forwards  Avg Route Length  %Route Uptime  %HQ Route Uptime Route Switches Packet Drop (Expiry) Packet Drop (Queue Management) Packet Drop (Retry) Packet Drop (Overflow) Packet Drop (No Route) Packet Reinserted (TCP)          Flow_ID
/home/pathey/Workspace/665/665-copy-project-7/Results/phase3_daisy_1000m_mcs_adaptive_3Mbps_0.7inc_1.1dec/Flow_Node0-Node8.csv      1             18301              229 0.012513   2.360237            14168     20616               8.0            1.0               1.0              0                20992                              0                 314                      0                      0                       0 Flow_Node0-Node8
                                                                                                                          Mean                  18301.0            229.0 0.012513   2.360237          14168.0   20616.0               8.0            1.0               1.0            0.0                                                                                                                                                               
                                                                                                                        Median                  18301.0            229.0 0.012513   2.360237          14168.0   20616.0               8.0            1.0               1.0            0.0                                                                                                                                                               
                                                                                                                  95% CI Lower                      NaN              NaN      NaN        NaN              NaN       NaN               NaN            NaN               NaN            NaN                                                                                                                                                               
                                                                                                                  95% CI Upper                      NaN              NaN      NaN        NaN              NaN       NaN               NaN            NaN               NaN            NaN                                                                                                                                                               
Instantaneous PDR data saved to /home/pathey/Workspace/665/665-copy-project-7/Results/phase3_daisy_1000m_mcs_adaptive_3Mbps_0.7inc_1.1dec/instantaneous_pdr.csv

=== Flow-level Summary (All Metrics) ===
Empty DataFrame
Columns: [Pkt ID, Route, Generation Time (in s), First Tx At (in s), Delay (in s), Times Packet Forwarded, Retransmissions, Packet Size (in bytes), Tx Power (in watt), Average Transmission Power in the route (in watt), Min. SINR Along Route, SINR at Flow Dest, Min. Data Rate Along Route (in Mbps), Data Rate at Flow Src (in Mbps), Base Packet ID]
Index: []

Flow Flow_Node0-Node8:
  Packets Generated: 18301.00
  Packets Received : 229.00
  PDR              : 0.013
  Avg Delay (s)    : 2.3602
  Max Delay (s)    : 3.0721
  95th %ile Delay(s): 3.0137
  Retransmissions  : 14168.00
  Forwards         : 20616.00
  Drops (Expiry)   : 20992
  Drops (Queue Mgmt): 0
  Drops (Retry)    : 314
  Drops (Overflow) : 0
  Drops (No Route) : 0
  TCP Reinsertions : 0
Avg:  Packets generated: 18301 Packets received: 229 PDR: 0.012512977432927163 Avg delay: 2.3602370524017466 Retransmissions: 14168 Packet forwards: 20616 Route length: 8.0 Route uptime: 1.0 HQ Route Uptime: 1.0 Route switches: 0.0 

Plot saved to: /home/pathey/Workspace/665/665-copy-project-7/Results/phase3_daisy_1000m_mcs_adaptive_3Mbps_0.7inc_1.1dec/instantaneous_pdr_plot.png
Delay-over-time plot saved to: /home/pathey/Workspace/665/665-copy-project-7/Results/phase3_daisy_1000m_mcs_adaptive_3Mbps_0.7inc_1.1dec/delay_over_time.png
