Rows with invalid delay (0 or inf):
                             Pkt ID                        Route  ...  Min. Data Rate Along Route (in Mbps)  Data Rate at Flow Src (in Mbps)
0    2000005463450_Node0_Node8_Zero  [0, 1, 2, 3, 4, 5, 6, 7, 8]  ...                                    33                               33
1    2000010932556_Node0_Node8_Zero  [0, 1, 2, 3, 4, 5, 6, 7, 8]  ...                                    33                               33
2    2000016395391_Node0_Node8_Zero  [0, 1, 2, 3, 4, 5, 6, 7, 8]  ...                                    33                               33
3    2000021860571_Node0_Node8_Zero  [0, 1, 2, 3, 4, 5, 6, 7, 8]  ...                                    33                               33
4    2000027327671_Node0_Node8_Zero  [0, 1, 2, 3, 4, 5, 6, 7, 8]  ...                                    33                               33
..                              ...                          ...  ...                                   ...                              ...
104  2000573800848_Node0_Node8_Zero  [0, 1, 2, 3, 4, 5, 6, 7, 8]  ...                                    22                               22
105  2000579263770_Node0_Node8_Zero  [0, 1, 2, 3, 4, 5, 6, 7, 8]  ...                                    22                               22
106  2000584730618_Node0_Node8_Zero  [0, 1, 2, 3, 4, 5, 6, 7, 8]  ...                                    22                               22
107  2000590198970_Node0_Node8_Zero  [0, 1, 2, 3, 4, 5, 6, 7, 8]  ...                                    22                               22
108  2000595668388_Node0_Node8_Zero  [0, 1, 2, 3, 4, 5, 6, 7, 8]  ...                                    22                               22

[109 rows x 14 columns]
Parent directory is not in 'WARx' format.
DEBUG Flow file=Flow_Node0-Node8.csv, Extracted src=0, dst=8
DEBUG Route dict candidate=[0, 8]
Unique nodes participated for this flow: [0, 1, 2, 3, 4, 5, 6, 7, 8]
node 0 total drops: 5 drop_expiry 0 0 drop_q_mngmnt 0 0 drop_retry 5 5 drop_overflow 0 0 drop_no_route 0 0
node 1 total drops: 3 drop_expiry 0 0 drop_q_mngmnt 0 0 drop_retry 3 8 drop_overflow 0 0 drop_no_route 0 0
node 2 total drops: 5 drop_expiry 0 0 drop_q_mngmnt 0 0 drop_retry 5 13 drop_overflow 0 0 drop_no_route 0 0
node 3 total drops: 5 drop_expiry 0 0 drop_q_mngmnt 0 0 drop_retry 5 18 drop_overflow 0 0 drop_no_route 0 0
node 4 total drops: 7 drop_expiry 0 0 drop_q_mngmnt 0 0 drop_retry 7 25 drop_overflow 0 0 drop_no_route 0 0
node 5 total drops: 3 drop_expiry 0 0 drop_q_mngmnt 0 0 drop_retry 3 28 drop_overflow 0 0 drop_no_route 0 0
node 6 total drops: 3 drop_expiry 0 0 drop_q_mngmnt 0 0 drop_retry 3 31 drop_overflow 0 0 drop_no_route 0 0
node 7 total drops: 0 drop_expiry 0 0 drop_q_mngmnt 0 0 drop_retry 0 31 drop_overflow 0 0 drop_no_route 0 0
node 8 total drops: 0 drop_expiry 0 0 drop_q_mngmnt 0 0 drop_retry 0 31 drop_overflow 0 0 drop_no_route 0 0
                                                                                                                              File Path Run No Packets Generated Packets Received  PDR Avg Delay #Retransmissions #Forwards  Avg Route Length  %Route Uptime  %HQ Route Uptime Route Switches Packet Drop (Expiry) Packet Drop (Queue Management) Packet Drop (Retry) Packet Drop (Overflow) Packet Drop (No Route) Packet Reinserted (TCP)          Flow_ID
/home/pathey/Workspace/665/665-copy-project-7/Results/phase1_daisy_1000m_mcs_adaptive_3Mbps_0.9increment_threshold/Flow_Node0-Node8.csv      1               116                0  0.0         0              409       402               8.0            1.0               1.0              0                    0                              0                  31                      0                      0                       0 Flow_Node0-Node8
                                                                                                                                   Mean                    116.0              0.0  0.0       0.0            409.0     402.0               8.0            1.0               1.0            0.0                                                                                                                                                               
                                                                                                                                 Median                    116.0              0.0  0.0       0.0            409.0     402.0               8.0            1.0               1.0            0.0                                                                                                                                                               
                                                                                                                           95% CI Lower                      NaN              NaN  NaN       NaN              NaN       NaN               NaN            NaN               NaN            NaN                                                                                                                                                               
                                                                                                                           95% CI Upper                      NaN              NaN  NaN       NaN              NaN       NaN               NaN            NaN               NaN            NaN                                                                                                                                                               
Avg:  Packets generated: 116 Packets received: 0 PDR: 0.0 Avg delay: 0.0 Retransmissions: 409 Packet forwards: 402 Route length: 8.0 Route uptime: 1.0 HQ Route Uptime: 1.0 Route switches: 0.0 

Plot saved to: /home/pathey/Workspace/665/665-copy-project-7/Results/phase1_daisy_1000m_mcs_adaptive_3Mbps_0.9increment_threshold/instantaneous_pdr_plot.png
Delay-over-time plot saved to: /home/pathey/Workspace/665/665-copy-project-7/Results/phase1_daisy_1000m_mcs_adaptive_3Mbps_0.9increment_threshold/delay_over_time.png
