Rows with invalid delay (0 or inf):
                               Pkt ID                        Route  ...  Min. Data Rate Along Route (in Mbps)  Data Rate at Flow Src (in Mbps)
0      2000008195690_Node0_Node8_Zero  [0, 1, 2, 3, 4, 5, 6, 7, 8]  ...                                    33                               33
1      2000016397037_Node0_Node8_Zero  [0, 1, 2, 3, 4, 5, 6, 7, 8]  ...                                    33                               33
2      2000024594458_Node0_Node8_Zero  [0, 1, 2, 3, 4, 5, 6, 7, 8]  ...                                    33                               33
3      2000032793798_Node0_Node8_Zero  [0, 1, 2, 3, 4, 5, 6, 7, 8]  ...                                    33                               33
4      2000040988557_Node0_Node8_Zero  [0, 1, 2, 3, 4, 5, 6, 7, 8]  ...                                    33                               33
...                               ...                          ...  ...                                   ...                              ...
10902  2099975092619_Node0_Node8_Zero  [0, 1, 2, 3, 4, 5, 6, 7, 8]  ...                                    22                               22
10903  2099983288073_Node0_Node8_Zero  [0, 1, 2, 3, 4, 5, 6, 7, 8]  ...                                    22                               22
10904  2099991480033_Node0_Node8_Zero  [0, 1, 2, 3, 4, 5, 6, 7, 8]  ...                                    22                               22
10905  2099999675286_Node0_Node8_Zero  [0, 1, 2, 3, 4, 5, 6, 7, 8]  ...                                    22                               22
10906  2100007872873_Node0_Node8_Zero  [0, 1, 2, 3, 4, 5, 6, 7, 8]  ...                                    22                               22

[10752 rows x 14 columns]
Parent directory is not in 'WARx' format.
DEBUG Flow file=Flow_Node0-Node8.csv, Extracted src=0, dst=8
DEBUG Route dict candidate=[0, 8]
Unique nodes participated for this flow: [0, 1, 2, 3, 4, 5, 6, 7, 8]
node 0 total drops: 10093 drop_expiry 10024 10024 drop_q_mngmnt 0 0 drop_retry 69 69 drop_overflow 0 0 drop_no_route 0 0
node 1 total drops: 10728 drop_expiry 10705 20729 drop_q_mngmnt 0 0 drop_retry 23 92 drop_overflow 0 0 drop_no_route 0 0
node 2 total drops: 495 drop_expiry 456 21185 drop_q_mngmnt 0 0 drop_retry 39 131 drop_overflow 0 0 drop_no_route 0 0
node 3 total drops: 346 drop_expiry 305 21490 drop_q_mngmnt 0 0 drop_retry 41 172 drop_overflow 0 0 drop_no_route 0 0
node 4 total drops: 244 drop_expiry 202 21692 drop_q_mngmnt 0 0 drop_retry 42 214 drop_overflow 0 0 drop_no_route 0 0
node 5 total drops: 189 drop_expiry 147 21839 drop_q_mngmnt 0 0 drop_retry 42 256 drop_overflow 0 0 drop_no_route 0 0
node 6 total drops: 163 drop_expiry 119 21958 drop_q_mngmnt 0 0 drop_retry 44 300 drop_overflow 0 0 drop_no_route 0 0
node 7 total drops: 163 drop_expiry 98 22056 drop_q_mngmnt 0 0 drop_retry 65 365 drop_overflow 0 0 drop_no_route 0 0
node 8 total drops: 0 drop_expiry 0 22056 drop_q_mngmnt 0 0 drop_retry 0 365 drop_overflow 0 0 drop_no_route 0 0
                                                                                                                     File Path Run No Packets Generated Packets Received      PDR  Avg Delay #Retransmissions #Forwards  Avg Route Length  %Route Uptime  %HQ Route Uptime Route Switches Packet Drop (Expiry) Packet Drop (Queue Management) Packet Drop (Retry) Packet Drop (Overflow) Packet Drop (No Route) Packet Reinserted (TCP)          Flow_ID
/home/pathey/Workspace/665/665-copy-project-7/Results/phase3_daisy_1000m_mcs_adaptive_2Mbps_1.1inc_1.1dec/Flow_Node0-Node8.csv      1             12201              155 0.012704   2.348395            51147       253               8.0            1.0               1.0              0                22056                              0                 365                      0                      0                       0 Flow_Node0-Node8
                                                                                                                          Mean                  12201.0            155.0 0.012704   2.348395          51147.0     253.0               8.0            1.0               1.0            0.0                                                                                                                                                               
                                                                                                                        Median                  12201.0            155.0 0.012704   2.348395          51147.0     253.0               8.0            1.0               1.0            0.0                                                                                                                                                               
                                                                                                                  95% CI Lower                      NaN              NaN      NaN        NaN              NaN       NaN               NaN            NaN               NaN            NaN                                                                                                                                                               
                                                                                                                  95% CI Upper                      NaN              NaN      NaN        NaN              NaN       NaN               NaN            NaN               NaN            NaN                                                                                                                                                               
Instantaneous PDR data saved to /home/pathey/Workspace/665/665-copy-project-7/Results/phase3_daisy_1000m_mcs_adaptive_2Mbps_1.1inc_1.1dec/instantaneous_pdr.csv

=== Flow-level Summary (All Metrics) ===
Empty DataFrame
Columns: [Pkt ID, Route, Generation Time (in s), First Tx At (in s), Delay (in s), Times Packet Forwarded, Retransmissions, Packet Size (in bytes), Tx Power (in watt), Average Transmission Power in the route (in watt), Min. SINR Along Route, SINR at Flow Dest, Min. Data Rate Along Route (in Mbps), Data Rate at Flow Src (in Mbps), Base Packet ID]
Index: []

Flow Flow_Node0-Node8:
  Packets Generated: 12201.00
  Packets Received : 155.00
  PDR              : 0.013
  Avg Delay (s)    : 2.3484
  Max Delay (s)    : 3.0306
  95th %ile Delay(s): 3.0152
  Retransmissions  : 51147.00
  Forwards         : 253.00
  Drops (Expiry)   : 22056
  Drops (Queue Mgmt): 0
  Drops (Retry)    : 365
  Drops (Overflow) : 0
  Drops (No Route) : 0
  TCP Reinsertions : 0
Avg:  Packets generated: 12201 Packets received: 155 PDR: 0.012703876731415457 Avg delay: 2.348395496774194 Retransmissions: 51147 Packet forwards: 253 Route length: 8.0 Route uptime: 1.0 HQ Route Uptime: 1.0 Route switches: 0.0 

Plot saved to: /home/pathey/Workspace/665/665-copy-project-7/Results/phase3_daisy_1000m_mcs_adaptive_2Mbps_1.1inc_1.1dec/instantaneous_pdr_plot.png
Delay-over-time plot saved to: /home/pathey/Workspace/665/665-copy-project-7/Results/phase3_daisy_1000m_mcs_adaptive_2Mbps_1.1inc_1.1dec/delay_over_time.png
