Rows with invalid delay (0 or inf):
                              Pkt ID                        Route  ...  Min. Data Rate Along Route (in Mbps)  Data Rate at Flow Src (in Mbps)
17    2000098356044_Node0_Node8_Zero  [0, 1, 2, 3, 4, 5, 6, 7, 8]  ...                                    11                               11
43    2000240445313_Node0_Node8_Zero  [0, 1, 2, 3, 4, 5, 6, 7, 8]  ...                                    11                               11
126   2000693979559_Node0_Node8_Zero  [0, 1, 2, 3, 4, 5, 6, 7, 8]  ...                                    11                               11
289   2001584590987_Node0_Node8_Zero  [0, 1, 2, 3, 4, 5, 6, 7, 8]  ...                                    11                               11
309   2001693860988_Node0_Node8_Zero  [0, 1, 2, 3, 4, 5, 6, 7, 8]  ...                                    11                               11
...                              ...                          ...  ...                                   ...                              ...
1825  2009978067981_Node0_Node8_Zero  [0, 1, 2, 3, 4, 5, 6, 7, 8]  ...                                    11                               11
1826  2009983534848_Node0_Node8_Zero  [0, 1, 2, 3, 4, 5, 6, 7, 8]  ...                                    11                               11
1828  2009994467729_Node0_Node8_Zero  [0, 1, 2, 3, 4, 5, 6, 7, 8]  ...                                    11                               11
1829  2009999933260_Node0_Node8_Zero  [0, 1, 2, 3, 4, 5, 6, 7, 8]  ...                                    11                               11
1830  2010005399437_Node0_Node8_Zero  [0, 1, 2, 3, 4, 5, 6, 7, 8]  ...                                    11                               11

[1166 rows x 14 columns]
Parent directory is not in 'WARx' format.
DEBUG Flow file=Flow_Node0-Node8.csv, Extracted src=0, dst=8
DEBUG Route dict candidate=[0, 8]
Unique nodes participated for this flow: [0, 1, 2, 3, 4, 5, 6, 7, 8]
node 0 total drops: 30 drop_expiry 0 0 drop_q_mngmnt 0 0 drop_retry 30 30 drop_overflow 0 0 drop_no_route 0 0
node 1 total drops: 10 drop_expiry 0 0 drop_q_mngmnt 0 0 drop_retry 10 40 drop_overflow 0 0 drop_no_route 0 0
node 2 total drops: 70 drop_expiry 70 70 drop_q_mngmnt 0 0 drop_retry 0 40 drop_overflow 0 0 drop_no_route 0 0
node 3 total drops: 278 drop_expiry 278 348 drop_q_mngmnt 0 0 drop_retry 0 40 drop_overflow 0 0 drop_no_route 0 0
node 4 total drops: 334 drop_expiry 333 681 drop_q_mngmnt 0 0 drop_retry 1 41 drop_overflow 0 0 drop_no_route 0 0
node 5 total drops: 242 drop_expiry 242 923 drop_q_mngmnt 0 0 drop_retry 0 41 drop_overflow 0 0 drop_no_route 0 0
node 6 total drops: 155 drop_expiry 155 1078 drop_q_mngmnt 0 0 drop_retry 0 41 drop_overflow 0 0 drop_no_route 0 0
node 7 total drops: 47 drop_expiry 47 1125 drop_q_mngmnt 0 0 drop_retry 0 41 drop_overflow 0 0 drop_no_route 0 0
node 8 total drops: 0 drop_expiry 0 1125 drop_q_mngmnt 0 0 drop_retry 0 41 drop_overflow 0 0 drop_no_route 0 0
                                                                                               File Path Run No Packets Generated Packets Received     PDR  Avg Delay #Retransmissions #Forwards  Avg Route Length  %Route Uptime  %HQ Route Uptime Route Switches Packet Drop (Expiry) Packet Drop (Queue Management) Packet Drop (Retry) Packet Drop (Overflow) Packet Drop (No Route) Packet Reinserted (TCP)          Flow_ID
/home/pathey/Workspace/665/665-copy-project-7/Results/phase1_daisy_1200m_mcs0_3Mbps/Flow_Node0-Node8.csv      1              1831              665 0.36319   1.593541             4878     10109               8.0            1.0               1.0              0                 1125                              0                  41                      0                      0                       0 Flow_Node0-Node8
                                                                                                    Mean                   1831.0            665.0 0.36319   1.593541           4878.0   10109.0               8.0            1.0               1.0            0.0                                                                                                                                                               
                                                                                                  Median                   1831.0            665.0 0.36319   1.593541           4878.0   10109.0               8.0            1.0               1.0            0.0                                                                                                                                                               
                                                                                            95% CI Lower                      NaN              NaN     NaN        NaN              NaN       NaN               NaN            NaN               NaN            NaN                                                                                                                                                               
                                                                                            95% CI Upper                      NaN              NaN     NaN        NaN              NaN       NaN               NaN            NaN               NaN            NaN                                                                                                                                                               
Instantaneous PDR data saved to /home/pathey/Workspace/665/665-copy-project-7/Results/phase1_daisy_1200m_mcs0_3Mbps/instantaneous_pdr.csv

=== Flow-level Summary (All Metrics) ===
Empty DataFrame
Columns: [Pkt ID, Route, Generation Time (in s), First Tx At (in s), Delay (in s), Times Packet Forwarded, Retransmissions, Packet Size (in bytes), Tx Power (in watt), Average Transmission Power in the route (in watt), Min. SINR Along Route, SINR at Flow Dest, Min. Data Rate Along Route (in Mbps), Data Rate at Flow Src (in Mbps), Base Packet ID]
Index: []

Flow Flow_Node0-Node8:
  Packets Generated: 1831.00
  Packets Received : 665.00
  PDR              : 0.363
  Avg Delay (s)    : 1.5935
  Max Delay (s)    : 3.0020
  95th %ile Delay(s): 2.9561
  Retransmissions  : 4878.00
  Forwards         : 10109.00
  Drops (Expiry)   : 1125
  Drops (Queue Mgmt): 0
  Drops (Retry)    : 41
  Drops (Overflow) : 0
  Drops (No Route) : 0
  TCP Reinsertions : 0
Avg:  Packets generated: 1831 Packets received: 665 PDR: 0.3631895139268159 Avg delay: 1.593540660150376 Retransmissions: 4878 Packet forwards: 10109 Route length: 8.0 Route uptime: 1.0 HQ Route Uptime: 1.0 Route switches: 0.0 

Plot saved to: /home/pathey/Workspace/665/665-copy-project-7/Results/phase1_daisy_1200m_mcs0_3Mbps/instantaneous_pdr_plot.png
Delay-over-time plot saved to: /home/pathey/Workspace/665/665-copy-project-7/Results/phase1_daisy_1200m_mcs0_3Mbps/delay_over_time.png
