Rows with invalid delay (0 or inf):
                               Pkt ID                        Route  ...  Min. Data Rate Along Route (in Mbps)  Data Rate at Flow Src (in Mbps)
0      2000004097330_Node0_Node8_Zero  [0, 1, 2, 3, 4, 5, 6, 7, 8]  ...                                    22                               22
1      2000008200315_Node0_Node8_Zero  [0, 1, 2, 3, 4, 5, 6, 7, 8]  ...                                    22                               22
2      2000012301423_Node0_Node8_Zero  [0, 1, 2, 3, 4, 5, 6, 7, 8]  ...                                    22                               22
3      2000016403543_Node0_Node8_Zero  [0, 1, 2, 3, 4, 5, 6, 7, 8]  ...                                    22                               22
4      2000020501001_Node0_Node8_Zero  [0, 1, 2, 3, 4, 5, 6, 7, 8]  ...                                    22                               22
...                               ...                          ...  ...                                   ...                              ...
24384  2099938760787_Node0_Node8_Zero  [0, 1, 2, 3, 4, 5, 6, 7, 8]  ...                                    22                               22
24385  2099942857149_Node0_Node8_Zero  [0, 1, 2, 3, 4, 5, 6, 7, 8]  ...                                    22                               22
24386  2099946955579_Node0_Node8_Zero  [0, 1, 2, 3, 4, 5, 6, 7, 8]  ...                                    22                               22
24387  2099951048959_Node0_Node8_Zero  [0, 1, 2, 3, 4, 5, 6, 7, 8]  ...                                    22                               22
24388  2099955149399_Node0_Node8_Zero  [0, 1, 2, 3, 4, 5, 6, 7, 8]  ...                                    22                               22

[20069 rows x 14 columns]
Parent directory is not in 'WARx' format.
DEBUG Flow file=Flow_Node0-Node8.csv, Extracted src=0, dst=8
DEBUG Route dict candidate=[0, 8]
Unique nodes participated for this flow: [0, 1, 2, 3, 4, 5, 6, 7, 8]
node 0 total drops: 246 drop_expiry 0 0 drop_q_mngmnt 0 0 drop_retry 246 246 drop_overflow 0 0 drop_no_route 0 0
node 1 total drops: 901 drop_expiry 870 870 drop_q_mngmnt 0 0 drop_retry 31 277 drop_overflow 0 0 drop_no_route 0 0
node 2 total drops: 1515 drop_expiry 1513 2383 drop_q_mngmnt 0 0 drop_retry 2 279 drop_overflow 0 0 drop_no_route 0 0
node 3 total drops: 5511 drop_expiry 5509 7892 drop_q_mngmnt 0 0 drop_retry 2 281 drop_overflow 0 0 drop_no_route 0 0
node 4 total drops: 5512 drop_expiry 5510 13402 drop_q_mngmnt 0 0 drop_retry 2 283 drop_overflow 0 0 drop_no_route 0 0
node 5 total drops: 3618 drop_expiry 3616 17018 drop_q_mngmnt 0 0 drop_retry 2 285 drop_overflow 0 0 drop_no_route 0 0
node 6 total drops: 2249 drop_expiry 2247 19265 drop_q_mngmnt 0 0 drop_retry 2 287 drop_overflow 0 0 drop_no_route 0 0
node 7 total drops: 1472 drop_expiry 1470 20735 drop_q_mngmnt 0 0 drop_retry 2 289 drop_overflow 0 0 drop_no_route 0 0
node 8 total drops: 0 drop_expiry 0 20735 drop_q_mngmnt 0 0 drop_retry 0 289 drop_overflow 0 0 drop_no_route 0 0
                                                                                               File Path Run No Packets Generated Packets Received    PDR  Avg Delay #Retransmissions #Forwards  Avg Route Length  %Route Uptime  %HQ Route Uptime Route Switches Packet Drop (Expiry) Packet Drop (Queue Management) Packet Drop (Retry) Packet Drop (Overflow) Packet Drop (No Route) Packet Reinserted (TCP)          Flow_ID
/home/pathey/Workspace/665/665-copy-project-7/Results/phase3_daisy_1000m_mcs1_4Mbps/Flow_Node0-Node8.csv      1             24400             4331 0.1775   2.629066            32078    114609               8.0            1.0               1.0              0                20735                              0                 289                      0                      0                       0 Flow_Node0-Node8
                                                                                                    Mean                  24400.0           4331.0 0.1775   2.629066          32078.0  114609.0               8.0            1.0               1.0            0.0                                                                                                                                                               
                                                                                                  Median                  24400.0           4331.0 0.1775   2.629066          32078.0  114609.0               8.0            1.0               1.0            0.0                                                                                                                                                               
                                                                                            95% CI Lower                      NaN              NaN    NaN        NaN              NaN       NaN               NaN            NaN               NaN            NaN                                                                                                                                                               
                                                                                            95% CI Upper                      NaN              NaN    NaN        NaN              NaN       NaN               NaN            NaN               NaN            NaN                                                                                                                                                               
Instantaneous PDR data saved to /home/pathey/Workspace/665/665-copy-project-7/Results/phase3_daisy_1000m_mcs1_4Mbps/instantaneous_pdr.csv

=== Flow-level Summary (All Metrics) ===
Empty DataFrame
Columns: [Pkt ID, Route, Generation Time (in s), First Tx At (in s), Delay (in s), Times Packet Forwarded, Retransmissions, Packet Size (in bytes), Tx Power (in watt), Average Transmission Power in the route (in watt), Min. SINR Along Route, SINR at Flow Dest, Min. Data Rate Along Route (in Mbps), Data Rate at Flow Src (in Mbps), Base Packet ID]
Index: []

Flow Flow_Node0-Node8:
  Packets Generated: 24400.00
  Packets Received : 4331.00
  PDR              : 0.177
  Avg Delay (s)    : 2.6291
  Max Delay (s)    : 3.0181
  95th %ile Delay(s): 3.0011
  Retransmissions  : 32078.00
  Forwards         : 114609.00
  Drops (Expiry)   : 20735
  Drops (Queue Mgmt): 0
  Drops (Retry)    : 289
  Drops (Overflow) : 0
  Drops (No Route) : 0
  TCP Reinsertions : 0
Avg:  Packets generated: 24400 Packets received: 4331 PDR: 0.1775 Avg delay: 2.629066019856846 Retransmissions: 32078 Packet forwards: 114609 Route length: 8.0 Route uptime: 1.0 HQ Route Uptime: 1.0 Route switches: 0.0 

Plot saved to: /home/pathey/Workspace/665/665-copy-project-7/Results/phase3_daisy_1000m_mcs1_4Mbps/instantaneous_pdr_plot.png
Delay-over-time plot saved to: /home/pathey/Workspace/665/665-copy-project-7/Results/phase3_daisy_1000m_mcs1_4Mbps/delay_over_time.png
