Rows with invalid delay (0 or inf):
                              Pkt ID                        Route  ...  Min. Data Rate Along Route (in Mbps)  Data Rate at Flow Src (in Mbps)
0     2000008195690_Node0_Node8_Zero  [0, 1, 2, 3, 4, 5, 6, 7, 8]  ...                                    33                               33
1     2000016397037_Node0_Node8_Zero  [0, 1, 2, 3, 4, 5, 6, 7, 8]  ...                                    33                               33
2     2000024596198_Node0_Node8_Zero  [0, 1, 2, 3, 4, 5, 6, 7, 8]  ...                                    33                               33
3     2000032790607_Node0_Node8_Zero  [0, 1, 2, 3, 4, 5, 6, 7, 8]  ...                                    33                               33
4     2000040984976_Node0_Node8_Zero  [0, 1, 2, 3, 4, 5, 6, 7, 8]  ...                                    33                               33
...                              ...                          ...  ...                                   ...                              ...
1215  2009967379420_Node0_Node8_Zero  [0, 1, 2, 3, 4, 5, 6, 7, 8]  ...                                    22                               22
1216  2009975578819_Node0_Node8_Zero  [0, 1, 2, 3, 4, 5, 6, 7, 8]  ...                                    22                               22
1217  2009983774528_Node0_Node8_Zero  [0, 1, 2, 3, 4, 5, 6, 7, 8]  ...                                    22                               22
1218  2009991967534_Node0_Node8_Zero  [0, 1, 2, 3, 4, 5, 6, 7, 8]  ...                                    22                               22
1219  2010000165278_Node0_Node8_Zero  [0, 1, 2, 3, 4, 5, 6, 7, 8]  ...                                    22                               22

[1103 rows x 14 columns]
Parent directory is not in 'WARx' format.
DEBUG Flow file=Flow_Node0-Node8.csv, Extracted src=0, dst=8
DEBUG Route dict candidate=[0, 8]
Unique nodes participated for this flow: [0, 1, 2, 3, 4, 5, 6, 7, 8]
node 0 total drops: 1044 drop_expiry 897 897 drop_q_mngmnt 0 0 drop_retry 147 147 drop_overflow 0 0 drop_no_route 0 0
node 1 total drops: 1122 drop_expiry 1041 1938 drop_q_mngmnt 0 0 drop_retry 81 228 drop_overflow 0 0 drop_no_route 0 0
node 2 total drops: 152 drop_expiry 82 2020 drop_q_mngmnt 0 0 drop_retry 70 298 drop_overflow 0 0 drop_no_route 0 0
node 3 total drops: 145 drop_expiry 65 2085 drop_q_mngmnt 0 0 drop_retry 80 378 drop_overflow 0 0 drop_no_route 0 0
node 4 total drops: 137 drop_expiry 63 2148 drop_q_mngmnt 0 0 drop_retry 74 452 drop_overflow 0 0 drop_no_route 0 0
node 5 total drops: 115 drop_expiry 36 2184 drop_q_mngmnt 0 0 drop_retry 79 531 drop_overflow 0 0 drop_no_route 0 0
node 6 total drops: 132 drop_expiry 34 2218 drop_q_mngmnt 0 0 drop_retry 98 629 drop_overflow 0 0 drop_no_route 0 0
node 7 total drops: 122 drop_expiry 20 2238 drop_q_mngmnt 0 0 drop_retry 102 731 drop_overflow 0 0 drop_no_route 0 0
node 8 total drops: 0 drop_expiry 0 2238 drop_q_mngmnt 0 0 drop_retry 0 731 drop_overflow 0 0 drop_no_route 0 0
                                                                                                                                   File Path Run No Packets Generated Packets Received      PDR  Avg Delay #Retransmissions #Forwards  Avg Route Length  %Route Uptime  %HQ Route Uptime Route Switches Packet Drop (Expiry) Packet Drop (Queue Management) Packet Drop (Retry) Packet Drop (Overflow) Packet Drop (No Route) Packet Reinserted (TCP)          Flow_ID
/home/pathey/Workspace/665/665-copy-project-7/Results/phase2_crossflow_1000m_mcs_adaptive_2Mbps_0.75decrement_threshold/Flow_Node0-Node8.csv      1              1220              117 0.095902   2.047801            10594       228               8.0            1.0               1.0              0                 2238                              0                 731                      0                      0                       0 Flow_Node0-Node8
                                                                                                                                        Mean                   1220.0            117.0 0.095902   2.047801          10594.0     228.0               8.0            1.0               1.0            0.0                                                                                                                                                               
                                                                                                                                      Median                   1220.0            117.0 0.095902   2.047801          10594.0     228.0               8.0            1.0               1.0            0.0                                                                                                                                                               
                                                                                                                                95% CI Lower                      NaN              NaN      NaN        NaN              NaN       NaN               NaN            NaN               NaN            NaN                                                                                                                                                               
                                                                                                                                95% CI Upper                      NaN              NaN      NaN        NaN              NaN       NaN               NaN            NaN               NaN            NaN                                                                                                                                                               
Instantaneous PDR data saved to /home/pathey/Workspace/665/665-copy-project-7/Results/phase2_crossflow_1000m_mcs_adaptive_2Mbps_0.75decrement_threshold/instantaneous_pdr.csv

=== Flow-level Summary (All Metrics) ===
Empty DataFrame
Columns: [Pkt ID, Route, Generation Time (in s), First Tx At (in s), Delay (in s), Times Packet Forwarded, Retransmissions, Packet Size (in bytes), Tx Power (in watt), Average Transmission Power in the route (in watt), Min. SINR Along Route, SINR at Flow Dest, Min. Data Rate Along Route (in Mbps), Data Rate at Flow Src (in Mbps), Base Packet ID]
Index: []

Flow Flow_Node0-Node8:
  Packets Generated: 1220.00
  Packets Received : 117.00
  PDR              : 0.096
  Avg Delay (s)    : 2.0478
  Max Delay (s)    : 3.0800
  95th %ile Delay(s): 3.0248
  Retransmissions  : 10594.00
  Forwards         : 228.00
  Drops (Expiry)   : 2238
  Drops (Queue Mgmt): 0
  Drops (Retry)    : 731
  Drops (Overflow) : 0
  Drops (No Route) : 0
  TCP Reinsertions : 0
Avg:  Packets generated: 1220 Packets received: 117 PDR: 0.0959016393442623 Avg delay: 2.0478013076923083 Retransmissions: 10594 Packet forwards: 228 Route length: 8.0 Route uptime: 1.0 HQ Route Uptime: 1.0 Route switches: 0.0 

Plot saved to: /home/pathey/Workspace/665/665-copy-project-7/Results/phase2_crossflow_1000m_mcs_adaptive_2Mbps_0.75decrement_threshold/instantaneous_pdr_plot.png
Delay-over-time plot saved to: /home/pathey/Workspace/665/665-copy-project-7/Results/phase2_crossflow_1000m_mcs_adaptive_2Mbps_0.75decrement_threshold/delay_over_time.png
