Rows with invalid delay (0 or inf):
                              Pkt ID  ... Data Rate at Flow Src (in Mbps)
0     2000005463450_Node0_Node8_Zero  ...                              33
1     2000010932556_Node0_Node8_Zero  ...                              33
2     2000016395391_Node0_Node8_Zero  ...                              33
3     2000021860571_Node0_Node8_Zero  ...                              33
4     2000027327671_Node0_Node8_Zero  ...                              33
...                              ...  ...                             ...
1813  2009967179461_Node0_Node8_Zero  ...                              11
1814  2009972645092_Node0_Node8_Zero  ...                              11
1817  2009989043932_Node0_Node8_Zero  ...                              11
1819  2009999971182_Node0_Node8_Zero  ...                              11
1820  2010005438717_Node0_Node8_Zero  ...                              11

[620 rows x 14 columns]
Parent directory is not in 'WARx' format.
DEBUG Flow file=Flow_Node0-Node8.csv, Extracted src=0, dst=8
DEBUG Route dict candidate=[0, 8]
Unique nodes participated for this flow: [0, 2, 4, 6, 8]
node 0 total drops: 715 drop_expiry 551 551 drop_q_mngmnt 0 0 drop_retry 164 164 drop_overflow 0 0 drop_no_route 0 0
node 2 total drops: 127 drop_expiry 93 644 drop_q_mngmnt 0 0 drop_retry 34 198 drop_overflow 0 0 drop_no_route 0 0
node 4 total drops: 993 drop_expiry 940 1584 drop_q_mngmnt 0 0 drop_retry 53 251 drop_overflow 0 0 drop_no_route 0 0
node 6 total drops: 235 drop_expiry 173 1757 drop_q_mngmnt 0 0 drop_retry 62 313 drop_overflow 0 0 drop_no_route 0 0
node 8 total drops: 0 drop_expiry 0 1757 drop_q_mngmnt 0 0 drop_retry 0 313 drop_overflow 0 0 drop_no_route 0 0
                                                                                                                              File Path Run No Packets Generated Packets Received      PDR  Avg Delay #Retransmissions #Forwards  Avg Route Length  %Route Uptime  %HQ Route Uptime Route Switches Packet Drop (Expiry) Packet Drop (Queue Management) Packet Drop (Retry) Packet Drop (Overflow) Packet Drop (No Route) Packet Reinserted (TCP)          Flow_ID
/home/pathey/Workspace/665/665-copy-project-7/Results/phase1_daisy_500m_mcs_adaptive_3Mbps_0.75decrement_threshold/Flow_Node0-Node8.csv      1              1831             1201 0.655926    1.83008             7630      4336               4.0            1.0               1.0              0                 1757                              0                 313                      0                      0                       0 Flow_Node0-Node8
                                                                                                                                   Mean                   1831.0           1201.0 0.655926    1.83008           7630.0    4336.0               4.0            1.0               1.0            0.0                                                                                                                                                               
                                                                                                                                 Median                   1831.0           1201.0 0.655926    1.83008           7630.0    4336.0               4.0            1.0               1.0            0.0                                                                                                                                                               
                                                                                                                           95% CI Lower                      NaN              NaN      NaN        NaN              NaN       NaN               NaN            NaN               NaN            NaN                                                                                                                                                               
                                                                                                                           95% CI Upper                      NaN              NaN      NaN        NaN              NaN       NaN               NaN            NaN               NaN            NaN                                                                                                                                                               
Instantaneous PDR data saved to /home/pathey/Workspace/665/665-copy-project-7/Results/phase1_daisy_500m_mcs_adaptive_3Mbps_0.75decrement_threshold/instantaneous_pdr.csv

=== Flow-level Summary (All Metrics) ===
                             Pkt ID  ...             Base Packet ID
238  2001306028888_Node0_Node8_Zero  ...  2001306028888_Node0_Node8
239  2001311494432_Node0_Node8_Zero  ...  2001311494432_Node0_Node8
240  2001316955112_Node0_Node8_Zero  ...  2001316955112_Node0_Node8
241  2001322415371_Node0_Node8_Zero  ...  2001322415371_Node0_Node8
588  2003218524905_Node0_Node8_Zero  ...  2003218524905_Node0_Node8
589  2003223994058_Node0_Node8_Zero  ...  2003223994058_Node0_Node8
599  2003278652725_Node0_Node8_Zero  ...  2003278652725_Node0_Node8
600  2003284119313_Node0_Node8_Zero  ...  2003284119313_Node0_Node8
603  2003300510812_Node0_Node8_Zero  ...  2003300510812_Node0_Node8
615  2003366088738_Node0_Node8_Zero  ...  2003366088738_Node0_Node8
616  2003371554748_Node0_Node8_Zero  ...  2003371554748_Node0_Node8
632  2003458986353_Node0_Node8_Zero  ...  2003458986353_Node0_Node8
640  2003502701616_Node0_Node8_Zero  ...  2003502701616_Node0_Node8
652  2003568255972_Node0_Node8_Zero  ...  2003568255972_Node0_Node8
658  2003601037513_Node0_Node8_Zero  ...  2003601037513_Node0_Node8

[15 rows x 15 columns]

Flow Flow_Node0-Node8:
  Packets Generated: 1831.00
  Packets Received : 1201.00
  PDR              : 0.656
  Avg Delay (s)    : 1.8301
  Max Delay (s)    : 12.2382
  95th %ile Delay(s): 3.0004
  Retransmissions  : 7630.00
  Forwards         : 4336.00
  Drops (Expiry)   : 1757
  Drops (Queue Mgmt): 0
  Drops (Retry)    : 313
  Drops (Overflow) : 0
  Drops (No Route) : 0
  TCP Reinsertions : 0
Avg:  Packets generated: 1831 Packets received: 1201 PDR: 0.6559257236482796 Avg delay: 1.8300799933388845 Retransmissions: 7630 Packet forwards: 4336 Route length: 4.0 Route uptime: 1.0 HQ Route Uptime: 1.0 Route switches: 0.0 

Plot saved to: /home/pathey/Workspace/665/665-copy-project-7/Results/phase1_daisy_500m_mcs_adaptive_3Mbps_0.75decrement_threshold/instantaneous_pdr_plot.png
Delay-over-time plot saved to: /home/pathey/Workspace/665/665-copy-project-7/Results/phase1_daisy_500m_mcs_adaptive_3Mbps_0.75decrement_threshold/delay_over_time.png
