Rows with invalid delay (0 or inf):
                             Pkt ID                        Route  ...  Min. Data Rate Along Route (in Mbps)  Data Rate at Flow Src (in Mbps)
0    2000016392412_Node0_Node8_Zero  [0, 1, 2, 3, 4, 5, 6, 7, 8]  ...                                    33                               33
1    2000032790479_Node0_Node8_Zero  [0, 1, 2, 3, 4, 5, 6, 7, 8]  ...                                    33                               33
2    2000049186319_Node0_Node8_Zero  [0, 1, 2, 3, 4, 5, 6, 7, 8]  ...                                    33                               33
3    2000065577449_Node0_Node8_Zero  [0, 1, 2, 3, 4, 5, 6, 7, 8]  ...                                    33                               33
4    2000081968069_Node0_Node8_Zero  [0, 1, 2, 3, 4, 5, 6, 7, 8]  ...                                    33                               33
..                              ...                          ...  ...                                   ...                              ...
605  2009934504836_Node0_Node8_Zero  [0, 1, 2, 3, 4, 5, 6, 7, 8]  ...                                    22                               22
606  2009950894973_Node0_Node8_Zero  [0, 1, 2, 3, 4, 5, 6, 7, 8]  ...                                    22                               22
607  2009967288223_Node0_Node8_Zero  [0, 1, 2, 3, 4, 5, 6, 7, 8]  ...                                    22                               22
608  2009983681179_Node0_Node8_Zero  [0, 1, 2, 3, 4, 5, 6, 7, 8]  ...                                    22                               22
609  2010000072760_Node0_Node8_Zero  [0, 1, 2, 3, 4, 5, 6, 7, 8]  ...                                    22                               22

[460 rows x 14 columns]
Parent directory is not in 'WARx' format.
DEBUG Flow file=Flow_Node0-Node8.csv, Extracted src=0, dst=8
DEBUG Route dict candidate=[0, 8]
Unique nodes participated for this flow: [0, 1, 2, 3, 4, 5, 6, 7, 8]
node 0 total drops: 510 drop_expiry 370 370 drop_q_mngmnt 0 0 drop_retry 140 140 drop_overflow 0 0 drop_no_route 0 0
node 1 total drops: 568 drop_expiry 441 811 drop_q_mngmnt 0 0 drop_retry 127 267 drop_overflow 0 0 drop_no_route 0 0
node 2 total drops: 186 drop_expiry 66 877 drop_q_mngmnt 0 0 drop_retry 120 387 drop_overflow 0 0 drop_no_route 0 0
node 3 total drops: 181 drop_expiry 56 933 drop_q_mngmnt 0 0 drop_retry 125 512 drop_overflow 0 0 drop_no_route 0 0
node 4 total drops: 175 drop_expiry 55 988 drop_q_mngmnt 0 0 drop_retry 120 632 drop_overflow 0 0 drop_no_route 0 0
node 5 total drops: 163 drop_expiry 40 1028 drop_q_mngmnt 0 0 drop_retry 123 755 drop_overflow 0 0 drop_no_route 0 0
node 6 total drops: 149 drop_expiry 41 1069 drop_q_mngmnt 0 0 drop_retry 108 863 drop_overflow 0 0 drop_no_route 0 0
node 7 total drops: 160 drop_expiry 29 1098 drop_q_mngmnt 0 0 drop_retry 131 994 drop_overflow 0 0 drop_no_route 0 0
node 8 total drops: 0 drop_expiry 0 1098 drop_q_mngmnt 0 0 drop_retry 0 994 drop_overflow 0 0 drop_no_route 0 0
                                                                                                                                  File Path Run No Packets Generated Packets Received      PDR  Avg Delay #Retransmissions #Forwards  Avg Route Length  %Route Uptime  %HQ Route Uptime Route Switches Packet Drop (Expiry) Packet Drop (Queue Management) Packet Drop (Retry) Packet Drop (Overflow) Packet Drop (No Route) Packet Reinserted (TCP)          Flow_ID
/home/pathey/Workspace/665/665-copy-project-7/Results/phase2_crossflow_1000m_mcs_adaptive_1Mbps_0.5increment_threshold/Flow_Node0-Node8.csv      1               610              150 0.245902    2.13564            11087       118               8.0            1.0               1.0              0                 1098                              0                 994                      0                      0                       0 Flow_Node0-Node8
                                                                                                                                       Mean                    610.0            150.0 0.245902    2.13564          11087.0     118.0               8.0            1.0               1.0            0.0                                                                                                                                                               
                                                                                                                                     Median                    610.0            150.0 0.245902    2.13564          11087.0     118.0               8.0            1.0               1.0            0.0                                                                                                                                                               
                                                                                                                               95% CI Lower                      NaN              NaN      NaN        NaN              NaN       NaN               NaN            NaN               NaN            NaN                                                                                                                                                               
                                                                                                                               95% CI Upper                      NaN              NaN      NaN        NaN              NaN       NaN               NaN            NaN               NaN            NaN                                                                                                                                                               
Instantaneous PDR data saved to /home/pathey/Workspace/665/665-copy-project-7/Results/phase2_crossflow_1000m_mcs_adaptive_1Mbps_0.5increment_threshold/instantaneous_pdr.csv

=== Flow-level Summary (All Metrics) ===
Empty DataFrame
Columns: [Pkt ID, Route, Generation Time (in s), First Tx At (in s), Delay (in s), Times Packet Forwarded, Retransmissions, Packet Size (in bytes), Tx Power (in watt), Average Transmission Power in the route (in watt), Min. SINR Along Route, SINR at Flow Dest, Min. Data Rate Along Route (in Mbps), Data Rate at Flow Src (in Mbps), Base Packet ID]
Index: []

Flow Flow_Node0-Node8:
  Packets Generated: 610.00
  Packets Received : 150.00
  PDR              : 0.246
  Avg Delay (s)    : 2.1356
  Max Delay (s)    : 4.8521
  95th %ile Delay(s): 3.3063
  Retransmissions  : 11087.00
  Forwards         : 118.00
  Drops (Expiry)   : 1098
  Drops (Queue Mgmt): 0
  Drops (Retry)    : 994
  Drops (Overflow) : 0
  Drops (No Route) : 0
  TCP Reinsertions : 0
Avg:  Packets generated: 610 Packets received: 150 PDR: 0.2459016393442623 Avg delay: 2.135640366666667 Retransmissions: 11087 Packet forwards: 118 Route length: 8.0 Route uptime: 1.0 HQ Route Uptime: 1.0 Route switches: 0.0 

Plot saved to: /home/pathey/Workspace/665/665-copy-project-7/Results/phase2_crossflow_1000m_mcs_adaptive_1Mbps_0.5increment_threshold/instantaneous_pdr_plot.png
Delay-over-time plot saved to: /home/pathey/Workspace/665/665-copy-project-7/Results/phase2_crossflow_1000m_mcs_adaptive_1Mbps_0.5increment_threshold/delay_over_time.png
