Rows with invalid delay (0 or inf):
                              Pkt ID  ... Data Rate at Flow Src (in Mbps)
6     2000057378628_Node0_Node8_Zero  ...                              11
7     2000065572980_Node0_Node8_Zero  ...                              11
11    2000098357821_Node0_Node8_Zero  ...                              11
14    2000122943729_Node0_Node8_Zero  ...                              11
17    2000147527410_Node0_Node8_Zero  ...                              11
...                              ...  ...                             ...
1215  2009967237258_Node0_Node8_Zero  ...                              11
1216  2009975436059_Node0_Node8_Zero  ...                              11
1217  2009983630775_Node0_Node8_Zero  ...                              11
1218  2009991826268_Node0_Node8_Zero  ...                              11
1219  2010000027688_Node0_Node8_Zero  ...                              11

[1030 rows x 14 columns]
Parent directory is not in 'WARx' format.
DEBUG Flow file=Flow_Node0-Node8.csv, Extracted src=0, dst=8
DEBUG Route dict candidate=[0, 8]
Unique nodes participated for this flow: [0, 1, 2, 3, 4, 5, 6, 7, 8]
node 0 total drops: 327 drop_expiry 247 247 drop_q_mngmnt 0 0 drop_retry 80 80 drop_overflow 0 0 drop_no_route 0 0
node 1 total drops: 743 drop_expiry 701 948 drop_q_mngmnt 0 0 drop_retry 42 122 drop_overflow 0 0 drop_no_route 0 0
node 2 total drops: 87 drop_expiry 55 1003 drop_q_mngmnt 0 0 drop_retry 32 154 drop_overflow 0 0 drop_no_route 0 0
node 3 total drops: 77 drop_expiry 28 1031 drop_q_mngmnt 0 0 drop_retry 49 203 drop_overflow 0 0 drop_no_route 0 0
node 4 total drops: 99 drop_expiry 77 1108 drop_q_mngmnt 0 0 drop_retry 22 225 drop_overflow 0 0 drop_no_route 0 0
node 5 total drops: 188 drop_expiry 134 1242 drop_q_mngmnt 0 0 drop_retry 54 279 drop_overflow 0 0 drop_no_route 0 0
node 6 total drops: 252 drop_expiry 224 1466 drop_q_mngmnt 0 0 drop_retry 28 307 drop_overflow 0 0 drop_no_route 0 0
node 7 total drops: 206 drop_expiry 175 1641 drop_q_mngmnt 0 0 drop_retry 31 338 drop_overflow 0 0 drop_no_route 0 0
node 8 total drops: 0 drop_expiry 0 1641 drop_q_mngmnt 0 0 drop_retry 0 338 drop_overflow 0 0 drop_no_route 0 0
                                                                                                       File Path Run No Packets Generated Packets Received      PDR  Avg Delay #Retransmissions #Forwards  Avg Route Length  %Route Uptime  %HQ Route Uptime Route Switches Packet Drop (Expiry) Packet Drop (Queue Management) Packet Drop (Retry) Packet Drop (Overflow) Packet Drop (No Route) Packet Reinserted (TCP)          Flow_ID
/home/pathey/Workspace/665/665-copy-project-7/Results/phase1_daisy_1000m_mcs_adaptive_2Mbps/Flow_Node0-Node8.csv      1              1220              190 0.155738    2.80655             7287      2695               8.0            1.0               1.0              0                 1641                              0                 338                      0                      0                       0 Flow_Node0-Node8
                                                                                                            Mean                   1220.0            190.0 0.155738    2.80655           7287.0    2695.0               8.0            1.0               1.0            0.0                                                                                                                                                               
                                                                                                          Median                   1220.0            190.0 0.155738    2.80655           7287.0    2695.0               8.0            1.0               1.0            0.0                                                                                                                                                               
                                                                                                    95% CI Lower                      NaN              NaN      NaN        NaN              NaN       NaN               NaN            NaN               NaN            NaN                                                                                                                                                               
                                                                                                    95% CI Upper                      NaN              NaN      NaN        NaN              NaN       NaN               NaN            NaN               NaN            NaN                                                                                                                                                               
Instantaneous PDR data saved to /home/pathey/Workspace/665/665-copy-project-7/Results/phase1_daisy_1000m_mcs_adaptive_2Mbps/instantaneous_pdr.csv

=== Flow-level Summary (All Metrics) ===
Empty DataFrame
Columns: [Pkt ID, Route, Generation Time (in s), First Tx At (in s), Delay (in s), Times Packet Forwarded, Retransmissions, Packet Size (in bytes), Tx Power (in watt), Average Transmission Power in the route (in watt), Min. SINR Along Route, SINR at Flow Dest, Min. Data Rate Along Route (in Mbps), Data Rate at Flow Src (in Mbps), Base Packet ID]
Index: []

Flow Flow_Node0-Node8:
  Packets Generated: 1220.00
  Packets Received : 190.00
  PDR              : 0.156
  Avg Delay (s)    : 2.8065
  Max Delay (s)    : 3.3589
  95th %ile Delay(s): 3.2060
  Retransmissions  : 7287.00
  Forwards         : 2695.00
  Drops (Expiry)   : 1641
  Drops (Queue Mgmt): 0
  Drops (Retry)    : 338
  Drops (Overflow) : 0
  Drops (No Route) : 0
  TCP Reinsertions : 0
Avg:  Packets generated: 1220 Packets received: 190 PDR: 0.1557377049180328 Avg delay: 2.806549589473684 Retransmissions: 7287 Packet forwards: 2695 Route length: 8.0 Route uptime: 1.0 HQ Route Uptime: 1.0 Route switches: 0.0 

Plot saved to: /home/pathey/Workspace/665/665-copy-project-7/Results/phase1_daisy_1000m_mcs_adaptive_2Mbps/instantaneous_pdr_plot.png
Delay-over-time plot saved to: /home/pathey/Workspace/665/665-copy-project-7/Results/phase1_daisy_1000m_mcs_adaptive_2Mbps/delay_over_time.png
