Rows with invalid delay (0 or inf):
                            Pkt ID  ... Data Rate at Flow Src (in Mbps)
0   2000008195690_Node0_Node8_Zero  ...                              22
1   2000016397037_Node0_Node8_Zero  ...                              22
2   2000024593440_Node0_Node8_Zero  ...                              22
3   2000032793116_Node0_Node8_Zero  ...                              22
4   2000040987875_Node0_Node8_Zero  ...                              22
5   2000049189173_Node0_Node8_Zero  ...                              22
6   2000057386261_Node0_Node8_Zero  ...                              22
7   2000065586084_Node0_Node8_Zero  ...                              22
8   2000073784003_Node0_Node8_Zero  ...                              22
9   2000081980797_Node0_Node8_Zero  ...                              22
10  2000090181854_Node0_Node8_Zero  ...                              22
11  2000098374757_Node0_Node8_Zero  ...                              22
12  2000106572909_Node0_Node8_Zero  ...                              22
13  2000114767817_Node0_Node8_Zero  ...                              22
14  2000122966203_Node0_Node8_Zero  ...                              22
54  2000450856305_Node0_Node8_Zero  ...                              22
84  2000696746318_Node0_Node8_Zero  ...                              22

[17 rows x 14 columns]
Parent directory is not in 'WARx' format.
DEBUG Flow file=Flow_Node0-Node8.csv, Extracted src=0, dst=8
DEBUG Route dict candidate=[0, 8]
Unique nodes participated for this flow: [0, 1, 2, 3, 4, 5, 6, 7, 8]
node 0 total drops: 1 drop_expiry 0 0 drop_q_mngmnt 0 0 drop_retry 1 1 drop_overflow 0 0 drop_no_route 0 0
node 1 total drops: 2 drop_expiry 0 0 drop_q_mngmnt 0 0 drop_retry 2 3 drop_overflow 0 0 drop_no_route 0 0
node 2 total drops: 3 drop_expiry 0 0 drop_q_mngmnt 0 0 drop_retry 3 6 drop_overflow 0 0 drop_no_route 0 0
node 3 total drops: 2 drop_expiry 0 0 drop_q_mngmnt 0 0 drop_retry 2 8 drop_overflow 0 0 drop_no_route 0 0
node 4 total drops: 3 drop_expiry 0 0 drop_q_mngmnt 0 0 drop_retry 3 11 drop_overflow 0 0 drop_no_route 0 0
node 5 total drops: 2 drop_expiry 0 0 drop_q_mngmnt 0 0 drop_retry 2 13 drop_overflow 0 0 drop_no_route 0 0
node 6 total drops: 2 drop_expiry 0 0 drop_q_mngmnt 0 0 drop_retry 2 15 drop_overflow 0 0 drop_no_route 0 0
node 7 total drops: 2 drop_expiry 0 0 drop_q_mngmnt 0 0 drop_retry 2 17 drop_overflow 0 0 drop_no_route 0 0
node 8 total drops: 0 drop_expiry 0 0 drop_q_mngmnt 0 0 drop_retry 0 17 drop_overflow 0 0 drop_no_route 0 0
                                                                                               File Path Run No Packets Generated Packets Received      PDR  Avg Delay #Retransmissions #Forwards  Avg Route Length  %Route Uptime  %HQ Route Uptime Route Switches Packet Drop (Expiry) Packet Drop (Queue Management) Packet Drop (Retry) Packet Drop (Overflow) Packet Drop (No Route) Packet Reinserted (TCP)          Flow_ID
/home/pathey/Workspace/665/665-copy-project-7/Results/phase1_daisy_1200m_mcs1_2Mbps/Flow_Node0-Node8.csv      1              1220             1203 0.986066   0.029166              309      9686               8.0            1.0               1.0              0                    0                              0                  17                      0                      0                       0 Flow_Node0-Node8
                                                                                                    Mean                   1220.0           1203.0 0.986066   0.029166            309.0    9686.0               8.0            1.0               1.0            0.0                                                                                                                                                               
                                                                                                  Median                   1220.0           1203.0 0.986066   0.029166            309.0    9686.0               8.0            1.0               1.0            0.0                                                                                                                                                               
                                                                                            95% CI Lower                      NaN              NaN      NaN        NaN              NaN       NaN               NaN            NaN               NaN            NaN                                                                                                                                                               
                                                                                            95% CI Upper                      NaN              NaN      NaN        NaN              NaN       NaN               NaN            NaN               NaN            NaN                                                                                                                                                               
Instantaneous PDR data saved to /home/pathey/Workspace/665/665-copy-project-7/Results/phase1_daisy_1200m_mcs1_2Mbps/instantaneous_pdr.csv

=== Flow-level Summary (All Metrics) ===
Empty DataFrame
Columns: [Pkt ID, Route, Generation Time (in s), First Tx At (in s), Delay (in s), Times Packet Forwarded, Retransmissions, Packet Size (in bytes), Tx Power (in watt), Average Transmission Power in the route (in watt), Min. SINR Along Route, SINR at Flow Dest, Min. Data Rate Along Route (in Mbps), Data Rate at Flow Src (in Mbps), Base Packet ID]
Index: []

Flow Flow_Node0-Node8:
  Packets Generated: 1220.00
  Packets Received : 1203.00
  PDR              : 0.986
  Avg Delay (s)    : 0.0292
  Max Delay (s)    : 0.5875
  95th %ile Delay(s): 0.1548
  Retransmissions  : 309.00
  Forwards         : 9686.00
  Drops (Expiry)   : 0
  Drops (Queue Mgmt): 0
  Drops (Retry)    : 17
  Drops (Overflow) : 0
  Drops (No Route) : 0
  TCP Reinsertions : 0
Avg:  Packets generated: 1220 Packets received: 1203 PDR: 0.9860655737704918 Avg delay: 0.029165604322527017 Retransmissions: 309 Packet forwards: 9686 Route length: 8.0 Route uptime: 1.0 HQ Route Uptime: 1.0 Route switches: 0.0 

Plot saved to: /home/pathey/Workspace/665/665-copy-project-7/Results/phase1_daisy_1200m_mcs1_2Mbps/instantaneous_pdr_plot.png
Delay-over-time plot saved to: /home/pathey/Workspace/665/665-copy-project-7/Results/phase1_daisy_1200m_mcs1_2Mbps/delay_over_time.png
