Rows with invalid delay (0 or inf):
                              Pkt ID                        Route  ...  Min. Data Rate Along Route (in Mbps)  Data Rate at Flow Src (in Mbps)
0     2000005463450_Node0_Node8_Zero  [0, 1, 2, 3, 4, 5, 6, 7, 8]  ...                                    33                               33
1     2000010932556_Node0_Node8_Zero  [0, 1, 2, 3, 4, 5, 6, 7, 8]  ...                                    33                               33
2     2000016395391_Node0_Node8_Zero  [0, 1, 2, 3, 4, 5, 6, 7, 8]  ...                                    33                               33
3     2000021860571_Node0_Node8_Zero  [0, 1, 2, 3, 4, 5, 6, 7, 8]  ...                                    33                               33
4     2000027327671_Node0_Node8_Zero  [0, 1, 2, 3, 4, 5, 6, 7, 8]  ...                                    33                               33
...                              ...                          ...  ...                                   ...                              ...
1547  2009557092357_Node0_Node8_Zero  [0, 1, 2, 3, 4, 5, 6, 7, 8]  ...                                    11                               11
1548  2009562556317_Node0_Node8_Zero  [0, 1, 2, 3, 4, 5, 6, 7, 8]  ...                                    11                               11
1549  2009568019620_Node0_Node8_Zero  [0, 1, 2, 3, 4, 5, 6, 7, 8]  ...                                    11                               11
1550  2009573482639_Node0_Node8_Zero  [0, 1, 2, 3, 4, 5, 6, 7, 8]  ...                                    11                               11
1551  2009578947161_Node0_Node8_Zero  [0, 1, 2, 3, 4, 5, 6, 7, 8]  ...                                    11                               11

[1383 rows x 14 columns]
Parent directory is not in 'WARx' format.
DEBUG Flow file=Flow_Node0-Node8.csv, Extracted src=0, dst=8
DEBUG Route dict candidate=[0, 8]
Unique nodes participated for this flow: [0, 1, 2, 3, 4, 5, 6, 7, 8]
node 0 total drops: 1084 drop_expiry 1000 1000 drop_q_mngmnt 0 0 drop_retry 84 84 drop_overflow 0 0 drop_no_route 0 0
node 1 total drops: 685 drop_expiry 667 1667 drop_q_mngmnt 0 0 drop_retry 18 102 drop_overflow 0 0 drop_no_route 0 0
node 2 total drops: 167 drop_expiry 122 1789 drop_q_mngmnt 0 0 drop_retry 45 147 drop_overflow 0 0 drop_no_route 0 0
node 3 total drops: 336 drop_expiry 299 2088 drop_q_mngmnt 0 0 drop_retry 37 184 drop_overflow 0 0 drop_no_route 0 0
node 4 total drops: 632 drop_expiry 613 2701 drop_q_mngmnt 0 0 drop_retry 19 203 drop_overflow 0 0 drop_no_route 0 0
node 5 total drops: 155 drop_expiry 119 2820 drop_q_mngmnt 0 0 drop_retry 36 239 drop_overflow 0 0 drop_no_route 0 0
node 6 total drops: 63 drop_expiry 44 2864 drop_q_mngmnt 0 0 drop_retry 19 258 drop_overflow 0 0 drop_no_route 0 0
node 7 total drops: 94 drop_expiry 85 2949 drop_q_mngmnt 0 0 drop_retry 9 267 drop_overflow 0 0 drop_no_route 0 0
node 8 total drops: 0 drop_expiry 0 2949 drop_q_mngmnt 0 0 drop_retry 0 267 drop_overflow 0 0 drop_no_route 0 0
                                                                                                                               File Path Run No Packets Generated Packets Received      PDR  Avg Delay #Retransmissions #Forwards  Avg Route Length  %Route Uptime  %HQ Route Uptime Route Switches Packet Drop (Expiry) Packet Drop (Queue Management) Packet Drop (Retry) Packet Drop (Overflow) Packet Drop (No Route) Packet Reinserted (TCP)          Flow_ID
/home/pathey/Workspace/665/665-copy-project-7/Results/phase1_daisy_1000m_mcs_adaptive_3Mbps_0.75decrement_threshold/Flow_Node0-Node8.csv      1              1831              169 0.092299   2.250512             7955      3410               8.0            1.0               1.0              0                 2949                              0                 267                      0                      0                       0 Flow_Node0-Node8
                                                                                                                                    Mean                   1831.0            169.0 0.092299   2.250512           7955.0    3410.0               8.0            1.0               1.0            0.0                                                                                                                                                               
                                                                                                                                  Median                   1831.0            169.0 0.092299   2.250512           7955.0    3410.0               8.0            1.0               1.0            0.0                                                                                                                                                               
                                                                                                                            95% CI Lower                      NaN              NaN      NaN        NaN              NaN       NaN               NaN            NaN               NaN            NaN                                                                                                                                                               
                                                                                                                            95% CI Upper                      NaN              NaN      NaN        NaN              NaN       NaN               NaN            NaN               NaN            NaN                                                                                                                                                               
Instantaneous PDR data saved to /home/pathey/Workspace/665/665-copy-project-7/Results/phase1_daisy_1000m_mcs_adaptive_3Mbps_0.75decrement_threshold/instantaneous_pdr.csv

=== Flow-level Summary (All Metrics) ===
Empty DataFrame
Columns: [Pkt ID, Route, Generation Time (in s), First Tx At (in s), Delay (in s), Times Packet Forwarded, Retransmissions, Packet Size (in bytes), Tx Power (in watt), Average Transmission Power in the route (in watt), Min. SINR Along Route, SINR at Flow Dest, Min. Data Rate Along Route (in Mbps), Data Rate at Flow Src (in Mbps), Base Packet ID]
Index: []

Flow Flow_Node0-Node8:
  Packets Generated: 1831.00
  Packets Received : 169.00
  PDR              : 0.092
  Avg Delay (s)    : 2.2505
  Max Delay (s)    : 3.0286
  95th %ile Delay(s): 3.0110
  Retransmissions  : 7955.00
  Forwards         : 3410.00
  Drops (Expiry)   : 2949
  Drops (Queue Mgmt): 0
  Drops (Retry)    : 267
  Drops (Overflow) : 0
  Drops (No Route) : 0
  TCP Reinsertions : 0
Avg:  Packets generated: 1831 Packets received: 169 PDR: 0.0922992900054615 Avg delay: 2.2505120946745563 Retransmissions: 7955 Packet forwards: 3410 Route length: 8.0 Route uptime: 1.0 HQ Route Uptime: 1.0 Route switches: 0.0 

Plot saved to: /home/pathey/Workspace/665/665-copy-project-7/Results/phase1_daisy_1000m_mcs_adaptive_3Mbps_0.75decrement_threshold/instantaneous_pdr_plot.png
Delay-over-time plot saved to: /home/pathey/Workspace/665/665-copy-project-7/Results/phase1_daisy_1000m_mcs_adaptive_3Mbps_0.75decrement_threshold/delay_over_time.png
