Rows with invalid delay (0 or inf):
                               Pkt ID                        Route  ...  Min. Data Rate Along Route (in Mbps)  Data Rate at Flow Src (in Mbps)
0      2000005463450_Node0_Node8_Zero  [0, 1, 2, 3, 4, 5, 6, 7, 8]  ...                                    33                               33
1      2000010932556_Node0_Node8_Zero  [0, 1, 2, 3, 4, 5, 6, 7, 8]  ...                                    33                               33
2      2000016395391_Node0_Node8_Zero  [0, 1, 2, 3, 4, 5, 6, 7, 8]  ...                                    33                               33
3      2000021860571_Node0_Node8_Zero  [0, 1, 2, 3, 4, 5, 6, 7, 8]  ...                                    33                               33
4      2000027327671_Node0_Node8_Zero  [0, 1, 2, 3, 4, 5, 6, 7, 8]  ...                                    33                               33
...                               ...                          ...  ...                                   ...                              ...
16082  2099983016895_Node0_Node8_Zero  [0, 1, 2, 3, 4, 5, 6, 7, 8]  ...                                    11                               11
16083  2099988484735_Node0_Node8_Zero  [0, 1, 2, 3, 4, 5, 6, 7, 8]  ...                                    11                               11
16084  2099993946405_Node0_Node8_Zero  [0, 1, 2, 3, 4, 5, 6, 7, 8]  ...                                    11                               11
16085  2099999407173_Node0_Node8_Zero  [0, 1, 2, 3, 4, 5, 6, 7, 8]  ...                                    11                               11
16086  2100004874157_Node0_Node8_Zero  [0, 1, 2, 3, 4, 5, 6, 7, 8]  ...                                    11                               11

[15828 rows x 14 columns]
Parent directory is not in 'WARx' format.
DEBUG Flow file=Flow_Node0-Node8.csv, Extracted src=0, dst=8
DEBUG Route dict candidate=[0, 8]
Unique nodes participated for this flow: [0, 1, 2, 3, 4, 5, 6, 7, 8]
node 0 total drops: 16699 drop_expiry 16647 16647 drop_q_mngmnt 0 0 drop_retry 52 52 drop_overflow 0 0 drop_no_route 0 0
node 1 total drops: 15706 drop_expiry 15670 32317 drop_q_mngmnt 0 0 drop_retry 36 88 drop_overflow 0 0 drop_no_route 0 0
node 2 total drops: 1079 drop_expiry 1052 33369 drop_q_mngmnt 0 0 drop_retry 27 115 drop_overflow 0 0 drop_no_route 0 0
node 3 total drops: 748 drop_expiry 643 34012 drop_q_mngmnt 0 0 drop_retry 105 220 drop_overflow 0 0 drop_no_route 0 0
node 4 total drops: 528 drop_expiry 448 34460 drop_q_mngmnt 0 0 drop_retry 80 300 drop_overflow 0 0 drop_no_route 0 0
node 5 total drops: 325 drop_expiry 300 34760 drop_q_mngmnt 0 0 drop_retry 25 325 drop_overflow 0 0 drop_no_route 0 0
node 6 total drops: 326 drop_expiry 250 35010 drop_q_mngmnt 0 0 drop_retry 76 401 drop_overflow 0 0 drop_no_route 0 0
node 7 total drops: 223 drop_expiry 197 35207 drop_q_mngmnt 0 0 drop_retry 26 427 drop_overflow 0 0 drop_no_route 0 0
node 8 total drops: 0 drop_expiry 0 35207 drop_q_mngmnt 0 0 drop_retry 0 427 drop_overflow 0 0 drop_no_route 0 0
                                                                                                                     File Path Run No Packets Generated Packets Received      PDR  Avg Delay #Retransmissions #Forwards  Avg Route Length  %Route Uptime  %HQ Route Uptime Route Switches Packet Drop (Expiry) Packet Drop (Queue Management) Packet Drop (Retry) Packet Drop (Overflow) Packet Drop (No Route) Packet Reinserted (TCP)          Flow_ID
/home/pathey/Workspace/665/665-copy-project-7/Results/phase3_daisy_1000m_mcs_adaptive_3Mbps_0.9inc_1.3dec/Flow_Node0-Node8.csv      1             18301              259 0.014152   2.441076            58484       652               8.0            1.0               1.0              0                35207                              0                 427                      0                      0                       0 Flow_Node0-Node8
                                                                                                                          Mean                  18301.0            259.0 0.014152   2.441076          58484.0     652.0               8.0            1.0               1.0            0.0                                                                                                                                                               
                                                                                                                        Median                  18301.0            259.0 0.014152   2.441076          58484.0     652.0               8.0            1.0               1.0            0.0                                                                                                                                                               
                                                                                                                  95% CI Lower                      NaN              NaN      NaN        NaN              NaN       NaN               NaN            NaN               NaN            NaN                                                                                                                                                               
                                                                                                                  95% CI Upper                      NaN              NaN      NaN        NaN              NaN       NaN               NaN            NaN               NaN            NaN                                                                                                                                                               
Instantaneous PDR data saved to /home/pathey/Workspace/665/665-copy-project-7/Results/phase3_daisy_1000m_mcs_adaptive_3Mbps_0.9inc_1.3dec/instantaneous_pdr.csv

=== Flow-level Summary (All Metrics) ===
Empty DataFrame
Columns: [Pkt ID, Route, Generation Time (in s), First Tx At (in s), Delay (in s), Times Packet Forwarded, Retransmissions, Packet Size (in bytes), Tx Power (in watt), Average Transmission Power in the route (in watt), Min. SINR Along Route, SINR at Flow Dest, Min. Data Rate Along Route (in Mbps), Data Rate at Flow Src (in Mbps), Base Packet ID]
Index: []

Flow Flow_Node0-Node8:
  Packets Generated: 18301.00
  Packets Received : 259.00
  PDR              : 0.014
  Avg Delay (s)    : 2.4411
  Max Delay (s)    : 3.6211
  95th %ile Delay(s): 3.0188
  Retransmissions  : 58484.00
  Forwards         : 652.00
  Drops (Expiry)   : 35207
  Drops (Queue Mgmt): 0
  Drops (Retry)    : 427
  Drops (Overflow) : 0
  Drops (No Route) : 0
  TCP Reinsertions : 0
Avg:  Packets generated: 18301 Packets received: 259 PDR: 0.014152232118463472 Avg delay: 2.441075818532818 Retransmissions: 58484 Packet forwards: 652 Route length: 8.0 Route uptime: 1.0 HQ Route Uptime: 1.0 Route switches: 0.0 

Plot saved to: /home/pathey/Workspace/665/665-copy-project-7/Results/phase3_daisy_1000m_mcs_adaptive_3Mbps_0.9inc_1.3dec/instantaneous_pdr_plot.png
Delay-over-time plot saved to: /home/pathey/Workspace/665/665-copy-project-7/Results/phase3_daisy_1000m_mcs_adaptive_3Mbps_0.9inc_1.3dec/delay_over_time.png
