Rows with invalid delay (0 or inf):
                               Pkt ID                        Route  ...  Min. Data Rate Along Route (in Mbps)  Data Rate at Flow Src (in Mbps)
0      2000008195690_Node0_Node8_Zero  [0, 1, 2, 3, 4, 5, 6, 7, 8]  ...                                    33                               33
1      2000016397037_Node0_Node8_Zero  [0, 1, 2, 3, 4, 5, 6, 7, 8]  ...                                    33                               33
2      2000024596198_Node0_Node8_Zero  [0, 1, 2, 3, 4, 5, 6, 7, 8]  ...                                    33                               33
3      2000032790607_Node0_Node8_Zero  [0, 1, 2, 3, 4, 5, 6, 7, 8]  ...                                    33                               33
4      2000040984976_Node0_Node8_Zero  [0, 1, 2, 3, 4, 5, 6, 7, 8]  ...                                    33                               33
...                               ...                          ...  ...                                   ...                              ...
10881  2094974599091_Node0_Node8_Zero  [0, 1, 2, 3, 4, 5, 6, 7, 8]  ...                                    22                               22
10882  2094982795327_Node0_Node8_Zero  [0, 1, 2, 3, 4, 5, 6, 7, 8]  ...                                    22                               22
10883  2094990988714_Node0_Node8_Zero  [0, 1, 2, 3, 4, 5, 6, 7, 8]  ...                                    22                               22
10884  2094999184927_Node0_Node8_Zero  [0, 1, 2, 3, 4, 5, 6, 7, 8]  ...                                    22                               22
10885  2095007386635_Node0_Node8_Zero  [0, 1, 2, 3, 4, 5, 6, 7, 8]  ...                                    22                               22

[10809 rows x 14 columns]
Parent directory is not in 'WARx' format.
DEBUG Flow file=Flow_Node0-Node8.csv, Extracted src=0, dst=8
DEBUG Route dict candidate=[0, 8]
Unique nodes participated for this flow: [0, 1, 2, 3, 4, 5, 6, 7, 8]
node 0 total drops: 10493 drop_expiry 10377 10377 drop_q_mngmnt 0 0 drop_retry 116 116 drop_overflow 0 0 drop_no_route 0 0
node 1 total drops: 10788 drop_expiry 10741 21118 drop_q_mngmnt 0 0 drop_retry 47 163 drop_overflow 0 0 drop_no_route 0 0
node 2 total drops: 62 drop_expiry 3 21121 drop_q_mngmnt 0 0 drop_retry 59 222 drop_overflow 0 0 drop_no_route 0 0
node 3 total drops: 59 drop_expiry 0 21121 drop_q_mngmnt 0 0 drop_retry 59 281 drop_overflow 0 0 drop_no_route 0 0
node 4 total drops: 59 drop_expiry 0 21121 drop_q_mngmnt 0 0 drop_retry 59 340 drop_overflow 0 0 drop_no_route 0 0
node 5 total drops: 57 drop_expiry 0 21121 drop_q_mngmnt 0 0 drop_retry 57 397 drop_overflow 0 0 drop_no_route 0 0
node 6 total drops: 82 drop_expiry 0 21121 drop_q_mngmnt 0 0 drop_retry 82 479 drop_overflow 0 0 drop_no_route 0 0
node 7 total drops: 79 drop_expiry 0 21121 drop_q_mngmnt 0 0 drop_retry 79 558 drop_overflow 0 0 drop_no_route 0 0
node 8 total drops: 0 drop_expiry 0 21121 drop_q_mngmnt 0 0 drop_retry 0 558 drop_overflow 0 0 drop_no_route 0 0
                                                                                                                         File Path Run No Packets Generated Packets Received      PDR  Avg Delay #Retransmissions #Forwards  Avg Route Length  %Route Uptime  %HQ Route Uptime Route Switches Packet Drop (Expiry) Packet Drop (Queue Management) Packet Drop (Retry) Packet Drop (Overflow) Packet Drop (No Route) Packet Reinserted (TCP)          Flow_ID
/home/pathey/Workspace/665/665-copy-project-7/Results/phase3_crossflow_1000m_mcs_adaptive_2Mbps_1.1inc_1.3dec/Flow_Node0-Node8.csv      1             12201               77 0.006311   1.733923            49230       228               8.0            1.0               1.0              0                21121                              0                 558                      0                      0                       0 Flow_Node0-Node8
                                                                                                                              Mean                  12201.0             77.0 0.006311   1.733923          49230.0     228.0               8.0            1.0               1.0            0.0                                                                                                                                                               
                                                                                                                            Median                  12201.0             77.0 0.006311   1.733923          49230.0     228.0               8.0            1.0               1.0            0.0                                                                                                                                                               
                                                                                                                      95% CI Lower                      NaN              NaN      NaN        NaN              NaN       NaN               NaN            NaN               NaN            NaN                                                                                                                                                               
                                                                                                                      95% CI Upper                      NaN              NaN      NaN        NaN              NaN       NaN               NaN            NaN               NaN            NaN                                                                                                                                                               
Instantaneous PDR data saved to /home/pathey/Workspace/665/665-copy-project-7/Results/phase3_crossflow_1000m_mcs_adaptive_2Mbps_1.1inc_1.3dec/instantaneous_pdr.csv

=== Flow-level Summary (All Metrics) ===
Empty DataFrame
Columns: [Pkt ID, Route, Generation Time (in s), First Tx At (in s), Delay (in s), Times Packet Forwarded, Retransmissions, Packet Size (in bytes), Tx Power (in watt), Average Transmission Power in the route (in watt), Min. SINR Along Route, SINR at Flow Dest, Min. Data Rate Along Route (in Mbps), Data Rate at Flow Src (in Mbps), Base Packet ID]
Index: []

Flow Flow_Node0-Node8:
  Packets Generated: 12201.00
  Packets Received : 77.00
  PDR              : 0.006
  Avg Delay (s)    : 1.7339
  Max Delay (s)    : 2.8645
  95th %ile Delay(s): 2.7716
  Retransmissions  : 49230.00
  Forwards         : 228.00
  Drops (Expiry)   : 21121
  Drops (Queue Mgmt): 0
  Drops (Retry)    : 558
  Drops (Overflow) : 0
  Drops (No Route) : 0
  TCP Reinsertions : 0
Avg:  Packets generated: 12201 Packets received: 77 PDR: 0.006310958118187034 Avg delay: 1.7339231168831168 Retransmissions: 49230 Packet forwards: 228 Route length: 8.0 Route uptime: 1.0 HQ Route Uptime: 1.0 Route switches: 0.0 

Plot saved to: /home/pathey/Workspace/665/665-copy-project-7/Results/phase3_crossflow_1000m_mcs_adaptive_2Mbps_1.1inc_1.3dec/instantaneous_pdr_plot.png
Delay-over-time plot saved to: /home/pathey/Workspace/665/665-copy-project-7/Results/phase3_crossflow_1000m_mcs_adaptive_2Mbps_1.1inc_1.3dec/delay_over_time.png
