Rows with invalid delay (0 or inf):
                              Pkt ID            Route  ...  Min. Data Rate Along Route (in Mbps)  Data Rate at Flow Src (in Mbps)
0     2000008195690_Node0_Node8_Zero  [0, 2, 4, 6, 8]  ...                                    33                               33
1     2000016397037_Node0_Node8_Zero  [0, 2, 4, 6, 8]  ...                                    33                               33
2     2000024592445_Node0_Node8_Zero  [0, 2, 4, 6, 8]  ...                                    33                               33
3     2000032784369_Node0_Node8_Zero  [0, 2, 4, 6, 8]  ...                                    33                               33
4     2000040985872_Node0_Node8_Zero  [0, 2, 4, 6, 8]  ...                                    33                               33
...                              ...              ...  ...                                   ...                              ...
1145  2009975382592_Node0_Node8_Zero  [0, 2, 4, 6, 8]  ...                                    11                               11
1146  2009983577252_Node0_Node8_Zero  [0, 2, 4, 6, 8]  ...                                    11                               11
1147  2009991777412_Node0_Node8_Zero  [0, 2, 4, 6, 8]  ...                                    11                               11
1148  2009999974768_Node0_Node8_Zero  [0, 2, 4, 6, 8]  ...                                    11                               11
1149  2010008174761_Node0_Node8_Zero  [0, 2, 4, 6, 8]  ...                                    11                               11

[1088 rows x 14 columns]
Parent directory is not in 'WARx' format.
DEBUG Flow file=Flow_Node0-Node8.csv, Extracted src=0, dst=8
DEBUG Route dict candidate=[0, 8]
Unique nodes participated for this flow: [0, 2, 4, 6, 8]
node 0 total drops: 1028 drop_expiry 982 982 drop_q_mngmnt 0 0 drop_retry 46 46 drop_overflow 0 0 drop_no_route 0 0
node 2 total drops: 1090 drop_expiry 1074 2056 drop_q_mngmnt 0 0 drop_retry 16 62 drop_overflow 0 0 drop_no_route 0 0
node 4 total drops: 27 drop_expiry 0 2056 drop_q_mngmnt 0 0 drop_retry 27 89 drop_overflow 0 0 drop_no_route 0 0
node 6 total drops: 27 drop_expiry 0 2056 drop_q_mngmnt 0 0 drop_retry 27 116 drop_overflow 0 0 drop_no_route 0 0
node 8 total drops: 0 drop_expiry 0 2056 drop_q_mngmnt 0 0 drop_retry 0 116 drop_overflow 0 0 drop_no_route 0 0
                                                                                                                                  File Path Run No Packets Generated Packets Received      PDR  Avg Delay #Retransmissions #Forwards  Avg Route Length  %Route Uptime  %HQ Route Uptime Route Switches Packet Drop (Expiry) Packet Drop (Queue Management) Packet Drop (Retry) Packet Drop (Overflow) Packet Drop (No Route) Packet Reinserted (TCP)          Flow_ID
/home/pathey/Workspace/665/665-copy-project-7/Results/phase2_crossflow_500m_mcs_adaptive_2Mbps_0.95decrement_threshold/Flow_Node0-Node8.csv      1              1221               62 0.050778   0.215423             5042       170               4.0            1.0               1.0              0                 2056                              0                 116                      0                      0                       0 Flow_Node0-Node8
                                                                                                                                       Mean                   1221.0             62.0 0.050778   0.215423           5042.0     170.0               4.0            1.0               1.0            0.0                                                                                                                                                               
                                                                                                                                     Median                   1221.0             62.0 0.050778   0.215423           5042.0     170.0               4.0            1.0               1.0            0.0                                                                                                                                                               
                                                                                                                               95% CI Lower                      NaN              NaN      NaN        NaN              NaN       NaN               NaN            NaN               NaN            NaN                                                                                                                                                               
                                                                                                                               95% CI Upper                      NaN              NaN      NaN        NaN              NaN       NaN               NaN            NaN               NaN            NaN                                                                                                                                                               
Instantaneous PDR data saved to /home/pathey/Workspace/665/665-copy-project-7/Results/phase2_crossflow_500m_mcs_adaptive_2Mbps_0.95decrement_threshold/instantaneous_pdr.csv

=== Flow-level Summary (All Metrics) ===
Empty DataFrame
Columns: [Pkt ID, Route, Generation Time (in s), First Tx At (in s), Delay (in s), Times Packet Forwarded, Retransmissions, Packet Size (in bytes), Tx Power (in watt), Average Transmission Power in the route (in watt), Min. SINR Along Route, SINR at Flow Dest, Min. Data Rate Along Route (in Mbps), Data Rate at Flow Src (in Mbps), Base Packet ID]
Index: []

Flow Flow_Node0-Node8:
  Packets Generated: 1221.00
  Packets Received : 62.00
  PDR              : 0.051
  Avg Delay (s)    : 0.2154
  Max Delay (s)    : 0.8060
  95th %ile Delay(s): 0.7609
  Retransmissions  : 5042.00
  Forwards         : 170.00
  Drops (Expiry)   : 2056
  Drops (Queue Mgmt): 0
  Drops (Retry)    : 116
  Drops (Overflow) : 0
  Drops (No Route) : 0
  TCP Reinsertions : 0
Avg:  Packets generated: 1221 Packets received: 62 PDR: 0.050778050778050775 Avg delay: 0.21542306451612905 Retransmissions: 5042 Packet forwards: 170 Route length: 4.0 Route uptime: 1.0 HQ Route Uptime: 1.0 Route switches: 0.0 

Plot saved to: /home/pathey/Workspace/665/665-copy-project-7/Results/phase2_crossflow_500m_mcs_adaptive_2Mbps_0.95decrement_threshold/instantaneous_pdr_plot.png
Delay-over-time plot saved to: /home/pathey/Workspace/665/665-copy-project-7/Results/phase2_crossflow_500m_mcs_adaptive_2Mbps_0.95decrement_threshold/delay_over_time.png
