Rows with invalid delay (0 or inf):
                           Pkt ID  ... Data Rate at Flow Src (in Mbps)
0  2000008195690_Node0_Node8_Zero  ...                              22
1  2000016397037_Node0_Node8_Zero  ...                              22
2  2000024592480_Node0_Node8_Zero  ...                              22
3  2000032789568_Node0_Node8_Zero  ...                              22
4  2000040981527_Node0_Node8_Zero  ...                              22
5  2000049175368_Node0_Node8_Zero  ...                              22
6  2000057375082_Node0_Node8_Zero  ...                              22

[7 rows x 14 columns]
Parent directory is not in 'WARx' format.
DEBUG Flow file=Flow_Node0-Node8.csv, Extracted src=0, dst=8
DEBUG Route dict candidate=[0, 8]
Unique nodes participated for this flow: [0, 1, 3, 5, 6, 8]
node 0 total drops: 0 drop_expiry 0 0 drop_q_mngmnt 0 0 drop_retry 0 0 drop_overflow 0 0 drop_no_route 0 0
node 1 total drops: 1 drop_expiry 0 0 drop_q_mngmnt 0 0 drop_retry 1 1 drop_overflow 0 0 drop_no_route 0 0
node 3 total drops: 2 drop_expiry 0 0 drop_q_mngmnt 0 0 drop_retry 2 3 drop_overflow 0 0 drop_no_route 0 0
node 5 total drops: 2 drop_expiry 0 0 drop_q_mngmnt 0 0 drop_retry 2 5 drop_overflow 0 0 drop_no_route 0 0
node 6 total drops: 2 drop_expiry 0 0 drop_q_mngmnt 0 0 drop_retry 2 7 drop_overflow 0 0 drop_no_route 0 0
node 8 total drops: 0 drop_expiry 0 0 drop_q_mngmnt 0 0 drop_retry 0 7 drop_overflow 0 0 drop_no_route 0 0
                                                                                                  File Path Run No Packets Generated Packets Received      PDR  Avg Delay #Retransmissions #Forwards  Avg Route Length  %Route Uptime  %HQ Route Uptime Route Switches Packet Drop (Expiry) Packet Drop (Queue Management) Packet Drop (Retry) Packet Drop (Overflow) Packet Drop (No Route) Packet Reinserted (TCP)          Flow_ID
/home/pathey/Workspace/665/665-copy-project-7/Results/phase2_crossflow_500m_mcs1_2Mbps/Flow_Node0-Node8.csv      1              1221             1214 0.994267   0.009142               99      6089               5.0            1.0               1.0              0                    0                              0                   7                      0                      0                       0 Flow_Node0-Node8
                                                                                                       Mean                   1221.0           1214.0 0.994267   0.009142             99.0    6089.0               5.0            1.0               1.0            0.0                                                                                                                                                               
                                                                                                     Median                   1221.0           1214.0 0.994267   0.009142             99.0    6089.0               5.0            1.0               1.0            0.0                                                                                                                                                               
                                                                                               95% CI Lower                      NaN              NaN      NaN        NaN              NaN       NaN               NaN            NaN               NaN            NaN                                                                                                                                                               
                                                                                               95% CI Upper                      NaN              NaN      NaN        NaN              NaN       NaN               NaN            NaN               NaN            NaN                                                                                                                                                               
Instantaneous PDR data saved to /home/pathey/Workspace/665/665-copy-project-7/Results/phase2_crossflow_500m_mcs1_2Mbps/instantaneous_pdr.csv

=== Flow-level Summary (All Metrics) ===
Empty DataFrame
Columns: [Pkt ID, Route, Generation Time (in s), First Tx At (in s), Delay (in s), Times Packet Forwarded, Retransmissions, Packet Size (in bytes), Tx Power (in watt), Average Transmission Power in the route (in watt), Min. SINR Along Route, SINR at Flow Dest, Min. Data Rate Along Route (in Mbps), Data Rate at Flow Src (in Mbps), Base Packet ID]
Index: []

Flow Flow_Node0-Node8:
  Packets Generated: 1221.00
  Packets Received : 1214.00
  PDR              : 0.994
  Avg Delay (s)    : 0.0091
  Max Delay (s)    : 0.2361
  95th %ile Delay(s): 0.0063
  Retransmissions  : 99.00
  Forwards         : 6089.00
  Drops (Expiry)   : 0
  Drops (Queue Mgmt): 0
  Drops (Retry)    : 7
  Drops (Overflow) : 0
  Drops (No Route) : 0
  TCP Reinsertions : 0
Avg:  Packets generated: 1221 Packets received: 1214 PDR: 0.9942669942669943 Avg delay: 0.009141626853377265 Retransmissions: 99 Packet forwards: 6089 Route length: 5.0 Route uptime: 1.0 HQ Route Uptime: 1.0 Route switches: 0.0 

Plot saved to: /home/pathey/Workspace/665/665-copy-project-7/Results/phase2_crossflow_500m_mcs1_2Mbps/instantaneous_pdr_plot.png
Delay-over-time plot saved to: /home/pathey/Workspace/665/665-copy-project-7/Results/phase2_crossflow_500m_mcs1_2Mbps/delay_over_time.png
