Rows with invalid delay (0 or inf):
                               Pkt ID                        Route  ...  Min. Data Rate Along Route (in Mbps)  Data Rate at Flow Src (in Mbps)
0      2000005463450_Node0_Node8_Zero  [0, 1, 2, 3, 4, 5, 6, 7, 8]  ...                                    33                               33
1      2000010932556_Node0_Node8_Zero  [0, 1, 2, 3, 4, 5, 6, 7, 8]  ...                                    33                               33
2      2000016399477_Node0_Node8_Zero  [0, 1, 2, 3, 4, 5, 6, 7, 8]  ...                                    33                               33
3      2000021868395_Node0_Node8_Zero  [0, 1, 2, 3, 4, 5, 6, 7, 8]  ...                                    33                               33
4      2000027333597_Node0_Node8_Zero  [0, 1, 2, 3, 4, 5, 6, 7, 8]  ...                                    33                               33
...                               ...                          ...  ...                                   ...                              ...
18294  2099973082376_Node0_Node8_Zero  [0, 1, 2, 3, 4, 5, 6, 7, 8]  ...                                    11                               33
18295  2099978547943_Node0_Node8_Zero  [0, 1, 2, 3, 4, 5, 6, 7, 8]  ...                                    11                               33
18296  2099984014783_Node0_Node8_Zero  [0, 1, 2, 3, 4, 5, 6, 7, 8]  ...                                    11                               33
18298  2099994946224_Node0_Node8_Zero  [0, 1, 2, 3, 4, 5, 6, 7, 8]  ...                                    11                               33
18299  2100000408698_Node0_Node8_Zero  [0, 1, 2, 3, 4, 5, 6, 7, 8]  ...                                    11                               33

[18126 rows x 14 columns]
Parent directory is not in 'WARx' format.
DEBUG Flow file=Flow_Node0-Node8.csv, Extracted src=0, dst=8
DEBUG Route dict candidate=[0, 8]
Unique nodes participated for this flow: [0, 1, 2, 3, 4, 5, 6, 7, 8]
node 0 total drops: 7 drop_expiry 0 0 drop_q_mngmnt 0 0 drop_retry 7 7 drop_overflow 0 0 drop_no_route 0 0
node 1 total drops: 11 drop_expiry 0 0 drop_q_mngmnt 0 0 drop_retry 11 18 drop_overflow 0 0 drop_no_route 0 0
node 2 total drops: 17929 drop_expiry 17888 17888 drop_q_mngmnt 0 0 drop_retry 41 59 drop_overflow 0 0 drop_no_route 0 0
node 3 total drops: 803 drop_expiry 766 18654 drop_q_mngmnt 0 0 drop_retry 37 96 drop_overflow 0 0 drop_no_route 0 0
node 4 total drops: 609 drop_expiry 579 19233 drop_q_mngmnt 0 0 drop_retry 30 126 drop_overflow 0 0 drop_no_route 0 0
node 5 total drops: 298 drop_expiry 271 19504 drop_q_mngmnt 0 0 drop_retry 27 153 drop_overflow 0 0 drop_no_route 0 0
node 6 total drops: 252 drop_expiry 172 19676 drop_q_mngmnt 0 0 drop_retry 80 233 drop_overflow 0 0 drop_no_route 0 0
node 7 total drops: 144 drop_expiry 119 19795 drop_q_mngmnt 0 0 drop_retry 25 258 drop_overflow 0 0 drop_no_route 0 0
node 8 total drops: 0 drop_expiry 0 19795 drop_q_mngmnt 0 0 drop_retry 0 258 drop_overflow 0 0 drop_no_route 0 0
                                                                                                                         File Path Run No Packets Generated Packets Received      PDR  Avg Delay #Retransmissions #Forwards  Avg Route Length  %Route Uptime  %HQ Route Uptime Route Switches Packet Drop (Expiry) Packet Drop (Queue Management) Packet Drop (Retry) Packet Drop (Overflow) Packet Drop (No Route) Packet Reinserted (TCP)          Flow_ID
/home/pathey/Workspace/665/665-copy-project-7/Results/phase3_crossflow_1000m_mcs_adaptive_3Mbps_0.9inc_1.3dec/Flow_Node0-Node8.csv      1             18300              174 0.009508   2.182082             8344     37117               8.0            1.0               1.0              0                19795                              0                 258                      0                      0                       0 Flow_Node0-Node8
                                                                                                                              Mean                  18300.0            174.0 0.009508   2.182082           8344.0   37117.0               8.0            1.0               1.0            0.0                                                                                                                                                               
                                                                                                                            Median                  18300.0            174.0 0.009508   2.182082           8344.0   37117.0               8.0            1.0               1.0            0.0                                                                                                                                                               
                                                                                                                      95% CI Lower                      NaN              NaN      NaN        NaN              NaN       NaN               NaN            NaN               NaN            NaN                                                                                                                                                               
                                                                                                                      95% CI Upper                      NaN              NaN      NaN        NaN              NaN       NaN               NaN            NaN               NaN            NaN                                                                                                                                                               
Instantaneous PDR data saved to /home/pathey/Workspace/665/665-copy-project-7/Results/phase3_crossflow_1000m_mcs_adaptive_3Mbps_0.9inc_1.3dec/instantaneous_pdr.csv

=== Flow-level Summary (All Metrics) ===
Empty DataFrame
Columns: [Pkt ID, Route, Generation Time (in s), First Tx At (in s), Delay (in s), Times Packet Forwarded, Retransmissions, Packet Size (in bytes), Tx Power (in watt), Average Transmission Power in the route (in watt), Min. SINR Along Route, SINR at Flow Dest, Min. Data Rate Along Route (in Mbps), Data Rate at Flow Src (in Mbps), Base Packet ID]
Index: []

Flow Flow_Node0-Node8:
  Packets Generated: 18300.00
  Packets Received : 174.00
  PDR              : 0.010
  Avg Delay (s)    : 2.1821
  Max Delay (s)    : 3.1065
  95th %ile Delay(s): 3.0081
  Retransmissions  : 8344.00
  Forwards         : 37117.00
  Drops (Expiry)   : 19795
  Drops (Queue Mgmt): 0
  Drops (Retry)    : 258
  Drops (Overflow) : 0
  Drops (No Route) : 0
  TCP Reinsertions : 0
Avg:  Packets generated: 18300 Packets received: 174 PDR: 0.009508196721311476 Avg delay: 2.1820820804597703 Retransmissions: 8344 Packet forwards: 37117 Route length: 8.0 Route uptime: 1.0 HQ Route Uptime: 1.0 Route switches: 0.0 

Plot saved to: /home/pathey/Workspace/665/665-copy-project-7/Results/phase3_crossflow_1000m_mcs_adaptive_3Mbps_0.9inc_1.3dec/instantaneous_pdr_plot.png
Delay-over-time plot saved to: /home/pathey/Workspace/665/665-copy-project-7/Results/phase3_crossflow_1000m_mcs_adaptive_3Mbps_0.9inc_1.3dec/delay_over_time.png
