Rows with invalid delay (0 or inf):
                            Pkt ID            Route  ...  Min. Data Rate Along Route (in Mbps)  Data Rate at Flow Src (in Mbps)
0   2000016392412_Node0_Node8_Zero  [0, 2, 4, 6, 8]  ...                                    33                               33
1   2000032790479_Node0_Node8_Zero  [0, 2, 4, 6, 8]  ...                                    33                               33
2   2000049186541_Node0_Node8_Zero  [0, 2, 4, 6, 8]  ...                                    33                               33
3   2000065578020_Node0_Node8_Zero  [0, 2, 4, 6, 8]  ...                                    33                               33
4   2000081976387_Node0_Node8_Zero  [0, 2, 4, 6, 8]  ...                                    33                               33
5   2000098372243_Node0_Node8_Zero  [0, 2, 4, 6, 8]  ...                                    33                               33
6   2000114761081_Node0_Node8_Zero  [0, 2, 4, 6, 8]  ...                                    33                               33
7   2000131155721_Node0_Node8_Zero  [0, 2, 4, 6, 8]  ...                                    33                               33
8   2000147550398_Node0_Node8_Zero  [0, 2, 4, 6, 8]  ...                                    33                               33
32  2000541003207_Node0_Node8_Zero  [0, 2, 4, 6, 8]  ...                                    22                               22
33  2000557391699_Node0_Node8_Zero  [0, 2, 4, 6, 8]  ...                                    22                               22
34  2000573782049_Node0_Node8_Zero  [0, 2, 4, 6, 8]  ...                                    22                               22
35  2000590174739_Node0_Node8_Zero  [0, 2, 4, 6, 8]  ...                                    22                               22
36  2000606566219_Node0_Node8_Zero  [0, 2, 4, 6, 8]  ...                                    22                               22
37  2000622963032_Node0_Node8_Zero  [0, 2, 4, 6, 8]  ...                                    22                               22
38  2000639358645_Node0_Node8_Zero  [0, 2, 4, 6, 8]  ...                                    22                               22
39  2000655755925_Node0_Node8_Zero  [0, 2, 4, 6, 8]  ...                                    22                               22
40  2000672149713_Node0_Node8_Zero  [0, 2, 4, 6, 8]  ...                                    22                               22
41  2000688539719_Node0_Node8_Zero  [0, 2, 4, 6, 8]  ...                                    22                               22
42  2000704929437_Node0_Node8_Zero  [0, 2, 4, 6, 8]  ...                                    22                               22
43  2000721320139_Node0_Node8_Zero  [0, 2, 4, 6, 8]  ...                                    22                               22

[21 rows x 14 columns]
Parent directory is not in 'WARx' format.
DEBUG Flow file=Flow_Node0-Node8.csv, Extracted src=0, dst=8
DEBUG Route dict candidate=[0, 8]
Unique nodes participated for this flow: [0, 2, 4, 6, 8]
node 0 total drops: 2 drop_expiry 0 0 drop_q_mngmnt 0 0 drop_retry 2 2 drop_overflow 0 0 drop_no_route 0 0
node 2 total drops: 5 drop_expiry 0 0 drop_q_mngmnt 0 0 drop_retry 5 7 drop_overflow 0 0 drop_no_route 0 0
node 4 total drops: 5 drop_expiry 0 0 drop_q_mngmnt 0 0 drop_retry 5 12 drop_overflow 0 0 drop_no_route 0 0
node 6 total drops: 7 drop_expiry 0 0 drop_q_mngmnt 0 0 drop_retry 7 19 drop_overflow 0 0 drop_no_route 0 0
node 8 total drops: 0 drop_expiry 0 0 drop_q_mngmnt 0 0 drop_retry 0 19 drop_overflow 0 0 drop_no_route 0 0
                                                                                                                             File Path Run No Packets Generated Packets Received      PDR  Avg Delay #Retransmissions #Forwards  Avg Route Length  %Route Uptime  %HQ Route Uptime Route Switches Packet Drop (Expiry) Packet Drop (Queue Management) Packet Drop (Retry) Packet Drop (Overflow) Packet Drop (No Route) Packet Reinserted (TCP)          Flow_ID
/home/pathey/Workspace/665/665-copy-project-7/Results/phase1_daisy_500m_mcs_adaptive_1Mbps_0.5increment_threshold/Flow_Node0-Node8.csv      1                44               23 0.522727   0.073057              321        77               4.0            1.0               1.0              0                    0                              0                  19                      0                      0                       0 Flow_Node0-Node8
                                                                                                                                  Mean                     44.0             23.0 0.522727   0.073057            321.0      77.0               4.0            1.0               1.0            0.0                                                                                                                                                               
                                                                                                                                Median                     44.0             23.0 0.522727   0.073057            321.0      77.0               4.0            1.0               1.0            0.0                                                                                                                                                               
                                                                                                                          95% CI Lower                      NaN              NaN      NaN        NaN              NaN       NaN               NaN            NaN               NaN            NaN                                                                                                                                                               
                                                                                                                          95% CI Upper                      NaN              NaN      NaN        NaN              NaN       NaN               NaN            NaN               NaN            NaN                                                                                                                                                               
Instantaneous PDR data saved to /home/pathey/Workspace/665/665-copy-project-7/Results/phase1_daisy_500m_mcs_adaptive_1Mbps_0.5increment_threshold/instantaneous_pdr.csv

=== Flow-level Summary (All Metrics) ===
Empty DataFrame
Columns: [Pkt ID, Route, Generation Time (in s), First Tx At (in s), Delay (in s), Times Packet Forwarded, Retransmissions, Packet Size (in bytes), Tx Power (in watt), Average Transmission Power in the route (in watt), Min. SINR Along Route, SINR at Flow Dest, Min. Data Rate Along Route (in Mbps), Data Rate at Flow Src (in Mbps), Base Packet ID]
Index: []

Flow Flow_Node0-Node8:
  Packets Generated: 44.00
  Packets Received : 23.00
  PDR              : 0.523
  Avg Delay (s)    : 0.0731
  Max Delay (s)    : 0.2364
  95th %ile Delay(s): 0.2218
  Retransmissions  : 321.00
  Forwards         : 77.00
  Drops (Expiry)   : 0
  Drops (Queue Mgmt): 0
  Drops (Retry)    : 19
  Drops (Overflow) : 0
  Drops (No Route) : 0
  TCP Reinsertions : 0
Avg:  Packets generated: 44 Packets received: 23 PDR: 0.5227272727272727 Avg delay: 0.07305695652173913 Retransmissions: 321 Packet forwards: 77 Route length: 4.0 Route uptime: 1.0 HQ Route Uptime: 1.0 Route switches: 0.0 

Plot saved to: /home/pathey/Workspace/665/665-copy-project-7/Results/phase1_daisy_500m_mcs_adaptive_1Mbps_0.5increment_threshold/instantaneous_pdr_plot.png
Delay-over-time plot saved to: /home/pathey/Workspace/665/665-copy-project-7/Results/phase1_daisy_500m_mcs_adaptive_1Mbps_0.5increment_threshold/delay_over_time.png
