Rows with invalid delay (0 or inf):
                               Pkt ID                        Route  ...  Min. Data Rate Along Route (in Mbps)  Data Rate at Flow Src (in Mbps)
0      2000004097330_Node0_Node8_Zero  [0, 1, 2, 3, 4, 5, 6, 7, 8]  ...                                    33                               33
1      2000008200315_Node0_Node8_Zero  [0, 1, 2, 3, 4, 5, 6, 7, 8]  ...                                    33                               33
2      2000012296848_Node0_Node8_Zero  [0, 1, 2, 3, 4, 5, 6, 7, 8]  ...                                    33                               33
3      2000016399647_Node0_Node8_Zero  [0, 1, 2, 3, 4, 5, 6, 7, 8]  ...                                    33                               33
4      2000020494571_Node0_Node8_Zero  [0, 1, 2, 3, 4, 5, 6, 7, 8]  ...                                    33                               33
...                               ...                          ...  ...                                   ...                              ...
20264  2099984242944_Node0_Node8_Zero  [0, 1, 2, 3, 4, 5, 6, 7, 8]  ...                                    11                               11
20265  2099988340991_Node0_Node8_Zero  [0, 1, 2, 3, 4, 5, 6, 7, 8]  ...                                    11                               11
20266  2099992441236_Node0_Node8_Zero  [0, 1, 2, 3, 4, 5, 6, 7, 8]  ...                                    11                               11
20267  2099996541049_Node0_Node8_Zero  [0, 1, 2, 3, 4, 5, 6, 7, 8]  ...                                    11                               11
20268  2100000643231_Node0_Node8_Zero  [0, 1, 2, 3, 4, 5, 6, 7, 8]  ...                                    11                               11

[19840 rows x 14 columns]
Parent directory is not in 'WARx' format.
DEBUG Flow file=Flow_Node0-Node8.csv, Extracted src=0, dst=8
DEBUG Route dict candidate=[0, 8]
Unique nodes participated for this flow: [0, 1, 2, 3, 4, 5, 6, 7, 8]
node 0 total drops: 22350 drop_expiry 22283 22283 drop_q_mngmnt 0 0 drop_retry 67 67 drop_overflow 0 0 drop_no_route 0 0
node 1 total drops: 18327 drop_expiry 18279 40562 drop_q_mngmnt 0 0 drop_retry 48 115 drop_overflow 0 0 drop_no_route 0 0
node 2 total drops: 5246 drop_expiry 5212 45774 drop_q_mngmnt 0 0 drop_retry 34 149 drop_overflow 0 0 drop_no_route 0 0
node 3 total drops: 3122 drop_expiry 3105 48879 drop_q_mngmnt 0 0 drop_retry 17 166 drop_overflow 0 0 drop_no_route 0 0
node 4 total drops: 1743 drop_expiry 1710 50589 drop_q_mngmnt 0 0 drop_retry 33 199 drop_overflow 0 0 drop_no_route 0 0
node 5 total drops: 937 drop_expiry 897 51486 drop_q_mngmnt 0 0 drop_retry 40 239 drop_overflow 0 0 drop_no_route 0 0
node 6 total drops: 712 drop_expiry 634 52120 drop_q_mngmnt 0 0 drop_retry 78 317 drop_overflow 0 0 drop_no_route 0 0
node 7 total drops: 544 drop_expiry 478 52598 drop_q_mngmnt 0 0 drop_retry 66 383 drop_overflow 0 0 drop_no_route 0 0
node 8 total drops: 0 drop_expiry 0 52598 drop_q_mngmnt 0 0 drop_retry 0 383 drop_overflow 0 0 drop_no_route 0 0
                                                                                                                         File Path Run No Packets Generated Packets Received      PDR  Avg Delay #Retransmissions #Forwards  Avg Route Length  %Route Uptime  %HQ Route Uptime Route Switches Packet Drop (Expiry) Packet Drop (Queue Management) Packet Drop (Retry) Packet Drop (Overflow) Packet Drop (No Route) Packet Reinserted (TCP)          Flow_ID
/home/pathey/Workspace/665/665-copy-project-7/Results/phase3_crossflow_1000m_mcs_adaptive_4Mbps_0.7inc_1.1dec/Flow_Node0-Node8.csv      1             24400              429 0.017582   2.919714            71911      2780               8.0            1.0               1.0              0                52598                              0                 383                      0                      0                       0 Flow_Node0-Node8
                                                                                                                              Mean                  24400.0            429.0 0.017582   2.919714          71911.0    2780.0               8.0            1.0               1.0            0.0                                                                                                                                                               
                                                                                                                            Median                  24400.0            429.0 0.017582   2.919714          71911.0    2780.0               8.0            1.0               1.0            0.0                                                                                                                                                               
                                                                                                                      95% CI Lower                      NaN              NaN      NaN        NaN              NaN       NaN               NaN            NaN               NaN            NaN                                                                                                                                                               
                                                                                                                      95% CI Upper                      NaN              NaN      NaN        NaN              NaN       NaN               NaN            NaN               NaN            NaN                                                                                                                                                               
Instantaneous PDR data saved to /home/pathey/Workspace/665/665-copy-project-7/Results/phase3_crossflow_1000m_mcs_adaptive_4Mbps_0.7inc_1.1dec/instantaneous_pdr.csv

=== Flow-level Summary (All Metrics) ===
Empty DataFrame
Columns: [Pkt ID, Route, Generation Time (in s), First Tx At (in s), Delay (in s), Times Packet Forwarded, Retransmissions, Packet Size (in bytes), Tx Power (in watt), Average Transmission Power in the route (in watt), Min. SINR Along Route, SINR at Flow Dest, Min. Data Rate Along Route (in Mbps), Data Rate at Flow Src (in Mbps), Base Packet ID]
Index: []

Flow Flow_Node0-Node8:
  Packets Generated: 24400.00
  Packets Received : 429.00
  PDR              : 0.018
  Avg Delay (s)    : 2.9197
  Max Delay (s)    : 3.0603
  95th %ile Delay(s): 3.0093
  Retransmissions  : 71911.00
  Forwards         : 2780.00
  Drops (Expiry)   : 52598
  Drops (Queue Mgmt): 0
  Drops (Retry)    : 383
  Drops (Overflow) : 0
  Drops (No Route) : 0
  TCP Reinsertions : 0
Avg:  Packets generated: 24400 Packets received: 429 PDR: 0.017581967213114755 Avg delay: 2.9197140745920747 Retransmissions: 71911 Packet forwards: 2780 Route length: 8.0 Route uptime: 1.0 HQ Route Uptime: 1.0 Route switches: 0.0 

Plot saved to: /home/pathey/Workspace/665/665-copy-project-7/Results/phase3_crossflow_1000m_mcs_adaptive_4Mbps_0.7inc_1.1dec/instantaneous_pdr_plot.png
Delay-over-time plot saved to: /home/pathey/Workspace/665/665-copy-project-7/Results/phase3_crossflow_1000m_mcs_adaptive_4Mbps_0.7inc_1.1dec/delay_over_time.png
