Parent directory is not in 'WARx' format.
DEBUG Flow file=Flow_Node0-Node8.csv, Extracted src=0, dst=8
DEBUG Route dict candidate=[0, 8]
Unique nodes participated for this flow: [0, 8, 4]
node 0 total drops: 0 drop_expiry 0 0 drop_q_mngmnt 0 0 drop_retry 0 0 drop_overflow 0 0 drop_no_route 0 0
node 8 total drops: 0 drop_expiry 0 0 drop_q_mngmnt 0 0 drop_retry 0 0 drop_overflow 0 0 drop_no_route 0 0
node 4 total drops: 0 drop_expiry 0 0 drop_q_mngmnt 0 0 drop_retry 0 0 drop_overflow 0 0 drop_no_route 0 0
                                                                                       File Path Run No Packets Generated Packets Received  PDR  Avg Delay #Retransmissions #Forwards  Avg Route Length  %Route Uptime  %HQ Route Uptime Route Switches Packet Drop (Expiry) Packet Drop (Queue Management) Packet Drop (Retry) Packet Drop (Overflow) Packet Drop (No Route) Packet Reinserted (TCP)          Flow_ID
/home/peter/Workspace/665/665-copy-project-7/Results/phase1_daisy_200m_mcs0/Flow_Node0-Node8.csv      1              1830             1830  1.0   0.004007                0      3660               2.0            1.0               1.0              0                    0                              0                   0                      0                      0                       0 Flow_Node0-Node8
                                                                                            Mean                   1830.0           1830.0  1.0   0.004007              0.0    3660.0               2.0            1.0               1.0            0.0                                                                                                                                                               
                                                                                          Median                   1830.0           1830.0  1.0   0.004007              0.0    3660.0               2.0            1.0               1.0            0.0                                                                                                                                                               
                                                                                    95% CI Lower                      NaN              NaN  NaN        NaN              NaN       NaN               NaN            NaN               NaN            NaN                                                                                                                                                               
                                                                                    95% CI Upper                      NaN              NaN  NaN        NaN              NaN       NaN               NaN            NaN               NaN            NaN                                                                                                                                                               
Instantaneous PDR data saved to /home/peter/Workspace/665/665-copy-project-7/Results/phase1_daisy_200m_mcs0/instantaneous_pdr.csv

=== Flow-level Summary (All Metrics) ===
Empty DataFrame
Columns: [Pkt ID, Route, Generation Time (in s), First Tx At (in s), Delay (in s), Times Packet Forwarded, Retransmissions, Packet Size (in bytes), Tx Power (in watt), Average Transmission Power in the route (in watt), Min. SINR Along Route, SINR at Flow Dest, Min. Data Rate Along Route (in Mbps), Data Rate at Flow Src (in Mbps), Base Packet ID]
Index: []

Flow Flow_Node0-Node8:
  Packets Generated: 1830.00
  Packets Received : 1830.00
  PDR              : 1.000
  Avg Delay (s)    : 0.0040
  Max Delay (s)    : 0.0043
  95th %ile Delay(s): 0.0042
  Retransmissions  : 0.00
  Forwards         : 3660.00
  Drops (Expiry)   : 0
  Drops (Queue Mgmt): 0
  Drops (Retry)    : 0
  Drops (Overflow) : 0
  Drops (No Route) : 0
  TCP Reinsertions : 0
Avg:  Packets generated: 1830 Packets received: 1830 PDR: 1.0 Avg delay: 0.004006597267759563 Retransmissions: 0 Packet forwards: 3660 Route length: 2.0 Route uptime: 1.0 HQ Route Uptime: 1.0 Route switches: 0.0 

Plot saved to: /home/peter/Workspace/665/665-copy-project-7/Results/phase1_daisy_200m_mcs0/instantaneous_pdr_plot.png
Delay-over-time plot saved to: /home/peter/Workspace/665/665-copy-project-7/Results/phase1_daisy_200m_mcs0/delay_over_time.png
