Rows with invalid delay (0 or inf):
                              Pkt ID            Route  ...  Min. Data Rate Along Route (in Mbps)  Data Rate at Flow Src (in Mbps)
0     2000005463450_Node0_Node8_Zero  [0, 2, 4, 6, 8]  ...                                    33                               33
1     2000010932556_Node0_Node8_Zero  [0, 2, 4, 6, 8]  ...                                    33                               33
2     2000016395724_Node0_Node8_Zero  [0, 2, 4, 6, 8]  ...                                    33                               33
3     2000021857829_Node0_Node8_Zero  [0, 2, 4, 6, 8]  ...                                    33                               33
4     2000027317513_Node0_Node8_Zero  [0, 2, 4, 6, 8]  ...                                    33                               33
...                              ...              ...  ...                                   ...                              ...
1633  2009978245252_Node0_Node8_Zero  [0, 2, 4, 6, 8]  ...                                    11                               11
1634  2009983705559_Node0_Node8_Zero  [0, 2, 4, 6, 8]  ...                                    11                               11
1635  2009989166508_Node0_Node8_Zero  [0, 2, 4, 6, 8]  ...                                    11                               11
1636  2009994629043_Node0_Node8_Zero  [0, 2, 4, 6, 8]  ...                                    11                               11
1637  2010000097240_Node0_Node8_Zero  [0, 2, 4, 6, 8]  ...                                    11                               11

[1386 rows x 14 columns]
Parent directory is not in 'WARx' format.
DEBUG Flow file=Flow_Node0-Node8.csv, Extracted src=0, dst=8
DEBUG Route dict candidate=[0, 8]
Unique nodes participated for this flow: [0, 2, 4, 6, 8]
node 0 total drops: 1674 drop_expiry 1566 1566 drop_q_mngmnt 0 0 drop_retry 108 108 drop_overflow 0 0 drop_no_route 0 0
node 2 total drops: 1507 drop_expiry 1466 3032 drop_q_mngmnt 0 0 drop_retry 41 149 drop_overflow 0 0 drop_no_route 0 0
node 4 total drops: 312 drop_expiry 273 3305 drop_q_mngmnt 0 0 drop_retry 39 188 drop_overflow 0 0 drop_no_route 0 0
node 6 total drops: 244 drop_expiry 154 3459 drop_q_mngmnt 0 0 drop_retry 90 278 drop_overflow 0 0 drop_no_route 0 0
node 8 total drops: 0 drop_expiry 0 3459 drop_q_mngmnt 0 0 drop_retry 0 278 drop_overflow 0 0 drop_no_route 0 0
                                                                                                                                  File Path Run No Packets Generated Packets Received      PDR  Avg Delay #Retransmissions #Forwards  Avg Route Length  %Route Uptime  %HQ Route Uptime Route Switches Packet Drop (Expiry) Packet Drop (Queue Management) Packet Drop (Retry) Packet Drop (Overflow) Packet Drop (No Route) Packet Reinserted (TCP)          Flow_ID
/home/pathey/Workspace/665/665-copy-project-7/Results/phase2_crossflow_500m_mcs_adaptive_3Mbps_0.75decrement_threshold/Flow_Node0-Node8.csv      1              1830              252 0.137705   1.941008             8583       268               4.0            1.0               1.0              0                 3459                              0                 278                      0                      0                       0 Flow_Node0-Node8
                                                                                                                                       Mean                   1830.0            252.0 0.137705   1.941008           8583.0     268.0               4.0            1.0               1.0            0.0                                                                                                                                                               
                                                                                                                                     Median                   1830.0            252.0 0.137705   1.941008           8583.0     268.0               4.0            1.0               1.0            0.0                                                                                                                                                               
                                                                                                                               95% CI Lower                      NaN              NaN      NaN        NaN              NaN       NaN               NaN            NaN               NaN            NaN                                                                                                                                                               
                                                                                                                               95% CI Upper                      NaN              NaN      NaN        NaN              NaN       NaN               NaN            NaN               NaN            NaN                                                                                                                                                               
Instantaneous PDR data saved to /home/pathey/Workspace/665/665-copy-project-7/Results/phase2_crossflow_500m_mcs_adaptive_3Mbps_0.75decrement_threshold/instantaneous_pdr.csv

=== Flow-level Summary (All Metrics) ===
                             Pkt ID            Route  ...  Data Rate at Flow Src (in Mbps)             Base Packet ID
163  2000896209599_Node0_Node8_Zero  [0, 2, 4, 6, 8]  ...                               22  2000896209599_Node0_Node8
164  2000901672443_Node0_Node8_Zero  [0, 2, 4, 6, 8]  ...                               22  2000901672443_Node0_Node8

[2 rows x 15 columns]

Flow Flow_Node0-Node8:
  Packets Generated: 1830.00
  Packets Received : 252.00
  PDR              : 0.138
  Avg Delay (s)    : 1.9410
  Max Delay (s)    : 5.0076
  95th %ile Delay(s): 4.5299
  Retransmissions  : 8583.00
  Forwards         : 268.00
  Drops (Expiry)   : 3459
  Drops (Queue Mgmt): 0
  Drops (Retry)    : 278
  Drops (Overflow) : 0
  Drops (No Route) : 0
  TCP Reinsertions : 0
Avg:  Packets generated: 1830 Packets received: 252 PDR: 0.1377049180327869 Avg delay: 1.941007757936508 Retransmissions: 8583 Packet forwards: 268 Route length: 4.0 Route uptime: 1.0 HQ Route Uptime: 1.0 Route switches: 0.0 

Plot saved to: /home/pathey/Workspace/665/665-copy-project-7/Results/phase2_crossflow_500m_mcs_adaptive_3Mbps_0.75decrement_threshold/instantaneous_pdr_plot.png
Delay-over-time plot saved to: /home/pathey/Workspace/665/665-copy-project-7/Results/phase2_crossflow_500m_mcs_adaptive_3Mbps_0.75decrement_threshold/delay_over_time.png
