Rows with invalid delay (0 or inf):
                               Pkt ID                        Route  ...  Min. Data Rate Along Route (in Mbps)  Data Rate at Flow Src (in Mbps)
0      2000005463450_Node0_Node8_Zero  [0, 1, 2, 3, 4, 5, 6, 7, 8]  ...                                    33                               33
1      2000010932556_Node0_Node8_Zero  [0, 1, 2, 3, 4, 5, 6, 7, 8]  ...                                    33                               33
2      2000016395391_Node0_Node8_Zero  [0, 1, 2, 3, 4, 5, 6, 7, 8]  ...                                    33                               33
3      2000021860571_Node0_Node8_Zero  [0, 1, 2, 3, 4, 5, 6, 7, 8]  ...                                    33                               33
4      2000027327671_Node0_Node8_Zero  [0, 1, 2, 3, 4, 5, 6, 7, 8]  ...                                    33                               33
...                               ...                          ...  ...                                   ...                              ...
18295  2099977791435_Node0_Node8_Zero  [0, 1, 2, 3, 4, 5, 6, 7, 8]  ...                                    22                               33
18296  2099983252257_Node0_Node8_Zero  [0, 1, 2, 3, 4, 5, 6, 7, 8]  ...                                    22                               33
18297  2099988719896_Node0_Node8_Zero  [0, 1, 2, 3, 4, 5, 6, 7, 8]  ...                                    22                               33
18299  2099999651743_Node0_Node8_Zero  [0, 1, 2, 3, 4, 5, 6, 7, 8]  ...                                    22                               33
18300  2100005118655_Node0_Node8_Zero  [0, 1, 2, 3, 4, 5, 6, 7, 8]  ...                                    22                               33

[18140 rows x 14 columns]
Parent directory is not in 'WARx' format.
DEBUG Flow file=Flow_Node0-Node8.csv, Extracted src=0, dst=8
DEBUG Route dict candidate=[0, 8]
Unique nodes participated for this flow: [0, 1, 2, 3, 4, 5, 6, 7, 8]
node 0 total drops: 13 drop_expiry 0 0 drop_q_mngmnt 0 0 drop_retry 13 13 drop_overflow 0 0 drop_no_route 0 0
node 1 total drops: 7 drop_expiry 0 0 drop_q_mngmnt 0 0 drop_retry 7 20 drop_overflow 0 0 drop_no_route 0 0
node 2 total drops: 8 drop_expiry 0 0 drop_q_mngmnt 0 0 drop_retry 8 28 drop_overflow 0 0 drop_no_route 0 0
node 3 total drops: 18204 drop_expiry 18171 18171 drop_q_mngmnt 0 0 drop_retry 33 61 drop_overflow 0 0 drop_no_route 0 0
node 4 total drops: 705 drop_expiry 662 18833 drop_q_mngmnt 0 0 drop_retry 43 104 drop_overflow 0 0 drop_no_route 0 0
node 5 total drops: 326 drop_expiry 308 19141 drop_q_mngmnt 0 0 drop_retry 18 122 drop_overflow 0 0 drop_no_route 0 0
node 6 total drops: 288 drop_expiry 211 19352 drop_q_mngmnt 0 0 drop_retry 77 199 drop_overflow 0 0 drop_no_route 0 0
node 7 total drops: 153 drop_expiry 130 19482 drop_q_mngmnt 0 0 drop_retry 23 222 drop_overflow 0 0 drop_no_route 0 0
node 8 total drops: 0 drop_expiry 0 19482 drop_q_mngmnt 0 0 drop_retry 0 222 drop_overflow 0 0 drop_no_route 0 0
                                                                                                                     File Path Run No Packets Generated Packets Received      PDR  Avg Delay #Retransmissions #Forwards  Avg Route Length  %Route Uptime  %HQ Route Uptime Route Switches Packet Drop (Expiry) Packet Drop (Queue Management) Packet Drop (Retry) Packet Drop (Overflow) Packet Drop (No Route) Packet Reinserted (TCP)          Flow_ID
/home/pathey/Workspace/665/665-copy-project-7/Results/phase3_daisy_1000m_mcs_adaptive_3Mbps_0.7inc_1.3dec/Flow_Node0-Node8.csv      1             18301              161 0.008797   2.089195             7962     55034               8.0            1.0               1.0              0                19482                              0                 222                      0                      0                       0 Flow_Node0-Node8
                                                                                                                          Mean                  18301.0            161.0 0.008797   2.089195           7962.0   55034.0               8.0            1.0               1.0            0.0                                                                                                                                                               
                                                                                                                        Median                  18301.0            161.0 0.008797   2.089195           7962.0   55034.0               8.0            1.0               1.0            0.0                                                                                                                                                               
                                                                                                                  95% CI Lower                      NaN              NaN      NaN        NaN              NaN       NaN               NaN            NaN               NaN            NaN                                                                                                                                                               
                                                                                                                  95% CI Upper                      NaN              NaN      NaN        NaN              NaN       NaN               NaN            NaN               NaN            NaN                                                                                                                                                               
Instantaneous PDR data saved to /home/pathey/Workspace/665/665-copy-project-7/Results/phase3_daisy_1000m_mcs_adaptive_3Mbps_0.7inc_1.3dec/instantaneous_pdr.csv

=== Flow-level Summary (All Metrics) ===
Empty DataFrame
Columns: [Pkt ID, Route, Generation Time (in s), First Tx At (in s), Delay (in s), Times Packet Forwarded, Retransmissions, Packet Size (in bytes), Tx Power (in watt), Average Transmission Power in the route (in watt), Min. SINR Along Route, SINR at Flow Dest, Min. Data Rate Along Route (in Mbps), Data Rate at Flow Src (in Mbps), Base Packet ID]
Index: []

Flow Flow_Node0-Node8:
  Packets Generated: 18301.00
  Packets Received : 161.00
  PDR              : 0.009
  Avg Delay (s)    : 2.0892
  Max Delay (s)    : 3.0892
  95th %ile Delay(s): 3.0148
  Retransmissions  : 7962.00
  Forwards         : 55034.00
  Drops (Expiry)   : 19482
  Drops (Queue Mgmt): 0
  Drops (Retry)    : 222
  Drops (Overflow) : 0
  Drops (No Route) : 0
  TCP Reinsertions : 0
Avg:  Packets generated: 18301 Packets received: 161 PDR: 0.00879733347904486 Avg delay: 2.0891945900621116 Retransmissions: 7962 Packet forwards: 55034 Route length: 8.0 Route uptime: 1.0 HQ Route Uptime: 1.0 Route switches: 0.0 

Plot saved to: /home/pathey/Workspace/665/665-copy-project-7/Results/phase3_daisy_1000m_mcs_adaptive_3Mbps_0.7inc_1.3dec/instantaneous_pdr_plot.png
Delay-over-time plot saved to: /home/pathey/Workspace/665/665-copy-project-7/Results/phase3_daisy_1000m_mcs_adaptive_3Mbps_0.7inc_1.3dec/delay_over_time.png
