Rows with invalid delay (0 or inf):
                              Pkt ID  ... Data Rate at Flow Src (in Mbps)
0     2000008195690_Node0_Node8_Zero  ...                              33
1     2000016397037_Node0_Node8_Zero  ...                              33
2     2000024594458_Node0_Node8_Zero  ...                              33
3     2000032793798_Node0_Node8_Zero  ...                              33
4     2000040988557_Node0_Node8_Zero  ...                              33
...                              ...  ...                             ...
1163  2009967207404_Node0_Node8_Zero  ...                              11
1164  2009975408896_Node0_Node8_Zero  ...                              11
1165  2009983603732_Node0_Node8_Zero  ...                              11
1167  2009999994244_Node0_Node8_Zero  ...                              11
1168  2010008195131_Node0_Node8_Zero  ...                              11

[745 rows x 14 columns]
Parent directory is not in 'WARx' format.
DEBUG Flow file=Flow_Node0-Node8.csv, Extracted src=0, dst=8
DEBUG Route dict candidate=[0, 8]
Unique nodes participated for this flow: [0, 1, 2, 3, 4, 5, 6, 7, 8]
node 0 total drops: 513 drop_expiry 284 284 drop_q_mngmnt 0 0 drop_retry 229 229 drop_overflow 0 0 drop_no_route 0 0
node 1 total drops: 56 drop_expiry 16 300 drop_q_mngmnt 0 0 drop_retry 40 269 drop_overflow 0 0 drop_no_route 0 0
node 2 total drops: 709 drop_expiry 608 908 drop_q_mngmnt 0 0 drop_retry 101 370 drop_overflow 0 0 drop_no_route 0 0
node 3 total drops: 121 drop_expiry 92 1000 drop_q_mngmnt 0 0 drop_retry 29 399 drop_overflow 0 0 drop_no_route 0 0
node 4 total drops: 470 drop_expiry 373 1373 drop_q_mngmnt 0 0 drop_retry 97 496 drop_overflow 0 0 drop_no_route 0 0
node 5 total drops: 163 drop_expiry 140 1513 drop_q_mngmnt 0 0 drop_retry 23 519 drop_overflow 0 0 drop_no_route 0 0
node 6 total drops: 325 drop_expiry 295 1808 drop_q_mngmnt 0 0 drop_retry 30 549 drop_overflow 0 0 drop_no_route 0 0
node 7 total drops: 74 drop_expiry 56 1864 drop_q_mngmnt 0 0 drop_retry 18 567 drop_overflow 0 0 drop_no_route 0 0
node 8 total drops: 0 drop_expiry 0 1864 drop_q_mngmnt 0 0 drop_retry 0 567 drop_overflow 0 0 drop_no_route 0 0
                                                                                                                               File Path Run No Packets Generated Packets Received      PDR  Avg Delay #Retransmissions #Forwards  Avg Route Length  %Route Uptime  %HQ Route Uptime Route Switches Packet Drop (Expiry) Packet Drop (Queue Management) Packet Drop (Retry) Packet Drop (Overflow) Packet Drop (No Route) Packet Reinserted (TCP)          Flow_ID
/home/pathey/Workspace/665/665-copy-project-7/Results/phase1_daisy_1000m_mcs_adaptive_2Mbps_0.75decrement_threshold/Flow_Node0-Node8.csv      1              1221              424 0.347256   2.139127             9041      4265               8.0            1.0               1.0              0                 1864                              0                 567                      0                      0                       0 Flow_Node0-Node8
                                                                                                                                    Mean                   1221.0            424.0 0.347256   2.139127           9041.0    4265.0               8.0            1.0               1.0            0.0                                                                                                                                                               
                                                                                                                                  Median                   1221.0            424.0 0.347256   2.139127           9041.0    4265.0               8.0            1.0               1.0            0.0                                                                                                                                                               
                                                                                                                            95% CI Lower                      NaN              NaN      NaN        NaN              NaN       NaN               NaN            NaN               NaN            NaN                                                                                                                                                               
                                                                                                                            95% CI Upper                      NaN              NaN      NaN        NaN              NaN       NaN               NaN            NaN               NaN            NaN                                                                                                                                                               
Instantaneous PDR data saved to /home/pathey/Workspace/665/665-copy-project-7/Results/phase1_daisy_1000m_mcs_adaptive_2Mbps_0.75decrement_threshold/instantaneous_pdr.csv

=== Flow-level Summary (All Metrics) ===
Empty DataFrame
Columns: [Pkt ID, Route, Generation Time (in s), First Tx At (in s), Delay (in s), Times Packet Forwarded, Retransmissions, Packet Size (in bytes), Tx Power (in watt), Average Transmission Power in the route (in watt), Min. SINR Along Route, SINR at Flow Dest, Min. Data Rate Along Route (in Mbps), Data Rate at Flow Src (in Mbps), Base Packet ID]
Index: []

Flow Flow_Node0-Node8:
  Packets Generated: 1221.00
  Packets Received : 424.00
  PDR              : 0.347
  Avg Delay (s)    : 2.1391
  Max Delay (s)    : 3.0063
  95th %ile Delay(s): 3.0004
  Retransmissions  : 9041.00
  Forwards         : 4265.00
  Drops (Expiry)   : 1864
  Drops (Queue Mgmt): 0
  Drops (Retry)    : 567
  Drops (Overflow) : 0
  Drops (No Route) : 0
  TCP Reinsertions : 0
Avg:  Packets generated: 1221 Packets received: 424 PDR: 0.34725634725634724 Avg delay: 2.1391269103773585 Retransmissions: 9041 Packet forwards: 4265 Route length: 8.0 Route uptime: 1.0 HQ Route Uptime: 1.0 Route switches: 0.0 

Plot saved to: /home/pathey/Workspace/665/665-copy-project-7/Results/phase1_daisy_1000m_mcs_adaptive_2Mbps_0.75decrement_threshold/instantaneous_pdr_plot.png
Delay-over-time plot saved to: /home/pathey/Workspace/665/665-copy-project-7/Results/phase1_daisy_1000m_mcs_adaptive_2Mbps_0.75decrement_threshold/delay_over_time.png
