Rows with invalid delay (0 or inf):
                              Pkt ID            Route  ...  Min. Data Rate Along Route (in Mbps)  Data Rate at Flow Src (in Mbps)
0     2000005463450_Node0_Node8_Zero  [0, 2, 4, 6, 8]  ...                                    33                               33
1     2000010932556_Node0_Node8_Zero  [0, 2, 4, 6, 8]  ...                                    33                               33
2     2000016395391_Node0_Node8_Zero  [0, 2, 4, 6, 8]  ...                                    33                               33
3     2000021860571_Node0_Node8_Zero  [0, 2, 4, 6, 8]  ...                                    33                               33
4     2000027327671_Node0_Node8_Zero  [0, 2, 4, 6, 8]  ...                                    33                               33
...                              ...              ...  ...                                   ...                              ...
1807  2009978229995_Node0_Node8_Zero  [0, 2, 4, 6, 8]  ...                                    11                               33
1808  2009983695604_Node0_Node8_Zero  [0, 2, 4, 6, 8]  ...                                    11                               33
1809  2009989163739_Node0_Node8_Zero  [0, 2, 4, 6, 8]  ...                                    11                               33
1810  2009994630760_Node0_Node8_Zero  [0, 2, 4, 6, 8]  ...                                    11                               33
1811  2010000097932_Node0_Node8_Zero  [0, 2, 4, 6, 8]  ...                                    11                               33

[753 rows x 14 columns]
Parent directory is not in 'WARx' format.
DEBUG Flow file=Flow_Node0-Node8.csv, Extracted src=0, dst=8
DEBUG Route dict candidate=[0, 8]
Unique nodes participated for this flow: [0, 2, 4, 6, 8]
node 0 total drops: 435 drop_expiry 147 147 drop_q_mngmnt 0 0 drop_retry 288 288 drop_overflow 0 0 drop_no_route 0 0
node 2 total drops: 762 drop_expiry 684 831 drop_q_mngmnt 0 0 drop_retry 78 366 drop_overflow 0 0 drop_no_route 0 0
node 4 total drops: 982 drop_expiry 914 1745 drop_q_mngmnt 0 0 drop_retry 68 434 drop_overflow 0 0 drop_no_route 0 0
node 6 total drops: 202 drop_expiry 154 1899 drop_q_mngmnt 0 0 drop_retry 48 482 drop_overflow 0 0 drop_no_route 0 0
node 8 total drops: 0 drop_expiry 0 1899 drop_q_mngmnt 0 0 drop_retry 0 482 drop_overflow 0 0 drop_no_route 0 0
                                                                                                                             File Path Run No Packets Generated Packets Received      PDR  Avg Delay #Retransmissions #Forwards  Avg Route Length  %Route Uptime  %HQ Route Uptime Route Switches Packet Drop (Expiry) Packet Drop (Queue Management) Packet Drop (Retry) Packet Drop (Overflow) Packet Drop (No Route) Packet Reinserted (TCP)          Flow_ID
/home/pathey/Workspace/665/665-copy-project-7/Results/phase1_daisy_500m_mcs_adaptive_3Mbps_0.5increment_threshold/Flow_Node0-Node8.csv      1              1830             1059 0.578689   2.291364             7713      3904               4.0            1.0               1.0              0                 1899                              0                 482                      0                      0                       0 Flow_Node0-Node8
                                                                                                                                  Mean                   1830.0           1059.0 0.578689   2.291364           7713.0    3904.0               4.0            1.0               1.0            0.0                                                                                                                                                               
                                                                                                                                Median                   1830.0           1059.0 0.578689   2.291364           7713.0    3904.0               4.0            1.0               1.0            0.0                                                                                                                                                               
                                                                                                                          95% CI Lower                      NaN              NaN      NaN        NaN              NaN       NaN               NaN            NaN               NaN            NaN                                                                                                                                                               
                                                                                                                          95% CI Upper                      NaN              NaN      NaN        NaN              NaN       NaN               NaN            NaN               NaN            NaN                                                                                                                                                               
Instantaneous PDR data saved to /home/pathey/Workspace/665/665-copy-project-7/Results/phase1_daisy_500m_mcs_adaptive_3Mbps_0.5increment_threshold/instantaneous_pdr.csv

=== Flow-level Summary (All Metrics) ===
Empty DataFrame
Columns: [Pkt ID, Route, Generation Time (in s), First Tx At (in s), Delay (in s), Times Packet Forwarded, Retransmissions, Packet Size (in bytes), Tx Power (in watt), Average Transmission Power in the route (in watt), Min. SINR Along Route, SINR at Flow Dest, Min. Data Rate Along Route (in Mbps), Data Rate at Flow Src (in Mbps), Base Packet ID]
Index: []

Flow Flow_Node0-Node8:
  Packets Generated: 1830.00
  Packets Received : 1059.00
  PDR              : 0.579
  Avg Delay (s)    : 2.2914
  Max Delay (s)    : 3.0120
  95th %ile Delay(s): 2.9994
  Retransmissions  : 7713.00
  Forwards         : 3904.00
  Drops (Expiry)   : 1899
  Drops (Queue Mgmt): 0
  Drops (Retry)    : 482
  Drops (Overflow) : 0
  Drops (No Route) : 0
  TCP Reinsertions : 0
Avg:  Packets generated: 1830 Packets received: 1059 PDR: 0.578688524590164 Avg delay: 2.2913638290840415 Retransmissions: 7713 Packet forwards: 3904 Route length: 4.0 Route uptime: 1.0 HQ Route Uptime: 1.0 Route switches: 0.0 

Plot saved to: /home/pathey/Workspace/665/665-copy-project-7/Results/phase1_daisy_500m_mcs_adaptive_3Mbps_0.5increment_threshold/instantaneous_pdr_plot.png
Delay-over-time plot saved to: /home/pathey/Workspace/665/665-copy-project-7/Results/phase1_daisy_500m_mcs_adaptive_3Mbps_0.5increment_threshold/delay_over_time.png
