Rows with invalid delay (0 or inf):
                              Pkt ID  ... Data Rate at Flow Src (in Mbps)
0     2000008195690_Node0_Node8_Zero  ...                              33
1     2000016397037_Node0_Node8_Zero  ...                              33
2     2000024594458_Node0_Node8_Zero  ...                              33
3     2000032793798_Node0_Node8_Zero  ...                              33
4     2000040988557_Node0_Node8_Zero  ...                              33
...                              ...  ...                             ...
1213  2009950807287_Node0_Node8_Zero  ...                              33
1215  2009967202664_Node0_Node8_Zero  ...                              33
1216  2009975399347_Node0_Node8_Zero  ...                              33
1218  2009991788538_Node0_Node8_Zero  ...                              22
1219  2009999985894_Node0_Node8_Zero  ...                              22

[743 rows x 14 columns]
Parent directory is not in 'WARx' format.
DEBUG Flow file=Flow_Node0-Node8.csv, Extracted src=0, dst=8
DEBUG Route dict candidate=[0, 8]
Unique nodes participated for this flow: [0, 1, 2, 3, 4, 5, 6, 7, 8]
node 0 total drops: 317 drop_expiry 107 107 drop_q_mngmnt 0 0 drop_retry 210 210 drop_overflow 0 0 drop_no_route 0 0
node 1 total drops: 52 drop_expiry 6 113 drop_q_mngmnt 0 0 drop_retry 46 256 drop_overflow 0 0 drop_no_route 0 0
node 2 total drops: 899 drop_expiry 816 929 drop_q_mngmnt 0 0 drop_retry 83 339 drop_overflow 0 0 drop_no_route 0 0
node 3 total drops: 354 drop_expiry 292 1221 drop_q_mngmnt 0 0 drop_retry 62 401 drop_overflow 0 0 drop_no_route 0 0
node 4 total drops: 222 drop_expiry 133 1354 drop_q_mngmnt 0 0 drop_retry 89 490 drop_overflow 0 0 drop_no_route 0 0
node 5 total drops: 39 drop_expiry 31 1385 drop_q_mngmnt 0 0 drop_retry 8 498 drop_overflow 0 0 drop_no_route 0 0
node 6 total drops: 419 drop_expiry 345 1730 drop_q_mngmnt 0 0 drop_retry 74 572 drop_overflow 0 0 drop_no_route 0 0
node 7 total drops: 278 drop_expiry 234 1964 drop_q_mngmnt 0 0 drop_retry 44 616 drop_overflow 0 0 drop_no_route 0 0
node 8 total drops: 0 drop_expiry 0 1964 drop_q_mngmnt 0 0 drop_retry 0 616 drop_overflow 0 0 drop_no_route 0 0
                                                                                                                               File Path Run No Packets Generated Packets Received      PDR  Avg Delay #Retransmissions #Forwards  Avg Route Length  %Route Uptime  %HQ Route Uptime Route Switches Packet Drop (Expiry) Packet Drop (Queue Management) Packet Drop (Retry) Packet Drop (Overflow) Packet Drop (No Route) Packet Reinserted (TCP)          Flow_ID
/home/pathey/Workspace/665/665-copy-project-7/Results/phase1_daisy_1200m_mcs_adaptive_2Mbps_0.95decrement_threshold/Flow_Node0-Node8.csv      1              1221              478 0.391482   2.943275            10314      4380               8.0            1.0               1.0              0                 1964                              0                 616                      0                      0                       0 Flow_Node0-Node8
                                                                                                                                    Mean                   1221.0            478.0 0.391482   2.943275          10314.0    4380.0               8.0            1.0               1.0            0.0                                                                                                                                                               
                                                                                                                                  Median                   1221.0            478.0 0.391482   2.943275          10314.0    4380.0               8.0            1.0               1.0            0.0                                                                                                                                                               
                                                                                                                            95% CI Lower                      NaN              NaN      NaN        NaN              NaN       NaN               NaN            NaN               NaN            NaN                                                                                                                                                               
                                                                                                                            95% CI Upper                      NaN              NaN      NaN        NaN              NaN       NaN               NaN            NaN               NaN            NaN                                                                                                                                                               
Instantaneous PDR data saved to /home/pathey/Workspace/665/665-copy-project-7/Results/phase1_daisy_1200m_mcs_adaptive_2Mbps_0.95decrement_threshold/instantaneous_pdr.csv

=== Flow-level Summary (All Metrics) ===
                             Pkt ID  ...             Base Packet ID
95   2000786883593_Node0_Node8_Zero  ...  2000786883593_Node0_Node8
98   2000811482226_Node0_Node8_Zero  ...  2000811482226_Node0_Node8
104  2000860653858_Node0_Node8_Zero  ...  2000860653858_Node0_Node8
108  2000893449091_Node0_Node8_Zero  ...  2000893449091_Node0_Node8
109  2000901646036_Node0_Node8_Zero  ...  2000901646036_Node0_Node8
110  2000909839823_Node0_Node8_Zero  ...  2000909839823_Node0_Node8
111  2000918036556_Node0_Node8_Zero  ...  2000918036556_Node0_Node8
112  2000926238185_Node0_Node8_Zero  ...  2000926238185_Node0_Node8
115  2000950825185_Node0_Node8_Zero  ...  2000950825185_Node0_Node8
116  2000959017578_Node0_Node8_Zero  ...  2000959017578_Node0_Node8
120  2000991813144_Node0_Node8_Zero  ...  2000991813144_Node0_Node8
121  2001000014340_Node0_Node8_Zero  ...  2001000014340_Node0_Node8
161  2001327861518_Node0_Node8_Zero  ...  2001327861518_Node0_Node8
162  2001336055200_Node0_Node8_Zero  ...  2001336055200_Node0_Node8
163  2001344253060_Node0_Node8_Zero  ...  2001344253060_Node0_Node8
164  2001352444919_Node0_Node8_Zero  ...  2001352444919_Node0_Node8
165  2001360637746_Node0_Node8_Zero  ...  2001360637746_Node0_Node8
166  2001368835171_Node0_Node8_Zero  ...  2001368835171_Node0_Node8
171  2001409806558_Node0_Node8_Zero  ...  2001409806558_Node0_Node8
172  2001418007696_Node0_Node8_Zero  ...  2001418007696_Node0_Node8
173  2001426201368_Node0_Node8_Zero  ...  2001426201368_Node0_Node8
174  2001434400823_Node0_Node8_Zero  ...  2001434400823_Node0_Node8
175  2001442595639_Node0_Node8_Zero  ...  2001442595639_Node0_Node8
176  2001450794021_Node0_Node8_Zero  ...  2001450794021_Node0_Node8

[24 rows x 15 columns]

Flow Flow_Node0-Node8:
  Packets Generated: 1221.00
  Packets Received : 478.00
  PDR              : 0.391
  Avg Delay (s)    : 2.9433
  Max Delay (s)    : 6.0094
  95th %ile Delay(s): 4.5809
  Retransmissions  : 10314.00
  Forwards         : 4380.00
  Drops (Expiry)   : 1964
  Drops (Queue Mgmt): 0
  Drops (Retry)    : 616
  Drops (Overflow) : 0
  Drops (No Route) : 0
  TCP Reinsertions : 0
Avg:  Packets generated: 1221 Packets received: 478 PDR: 0.3914823914823915 Avg delay: 2.9432747677824267 Retransmissions: 10314 Packet forwards: 4380 Route length: 8.0 Route uptime: 1.0 HQ Route Uptime: 1.0 Route switches: 0.0 

Plot saved to: /home/pathey/Workspace/665/665-copy-project-7/Results/phase1_daisy_1200m_mcs_adaptive_2Mbps_0.95decrement_threshold/instantaneous_pdr_plot.png
Delay-over-time plot saved to: /home/pathey/Workspace/665/665-copy-project-7/Results/phase1_daisy_1200m_mcs_adaptive_2Mbps_0.95decrement_threshold/delay_over_time.png
