Rows with invalid delay (0 or inf):
                             Pkt ID                        Route  ...  Min. Data Rate Along Route (in Mbps)  Data Rate at Flow Src (in Mbps)
0    2000005463450_Node0_Node8_Zero  [0, 1, 2, 3, 4, 5, 6, 7, 8]  ...                                    33                               33
1    2000010932556_Node0_Node8_Zero  [0, 1, 2, 3, 4, 5, 6, 7, 8]  ...                                    33                               33
2    2000016395391_Node0_Node8_Zero  [0, 1, 2, 3, 4, 5, 6, 7, 8]  ...                                    33                               33
3    2000021860571_Node0_Node8_Zero  [0, 1, 2, 3, 4, 5, 6, 7, 8]  ...                                    33                               33
4    2000027327671_Node0_Node8_Zero  [0, 1, 2, 3, 4, 5, 6, 7, 8]  ...                                    33                               33
..                              ...                          ...  ...                                   ...                              ...
341  2001868763962_Node0_Node8_Zero  [0, 1, 2, 3, 4, 5, 6, 7, 8]  ...                                    33                               33
342  2001874232650_Node0_Node8_Zero  [0, 1, 2, 3, 4, 5, 6, 7, 8]  ...                                    33                               33
343  2001879699910_Node0_Node8_Zero  [0, 1, 2, 3, 4, 5, 6, 7, 8]  ...                                    33                               33
344  2001885167196_Node0_Node8_Zero  [0, 1, 2, 3, 4, 5, 6, 7, 8]  ...                                    33                               33
345  2001890630996_Node0_Node8_Zero  [0, 1, 2, 3, 4, 5, 6, 7, 8]  ...                                    33                               33

[284 rows x 14 columns]
Parent directory is not in 'WARx' format.
DEBUG Flow file=Flow_Node0-Node8.csv, Extracted src=0, dst=8
DEBUG Route dict candidate=[0, 8]
Unique nodes participated for this flow: [0, 1, 2, 3, 4, 5, 6, 7, 8]
node 0 total drops: 5 drop_expiry 0 0 drop_q_mngmnt 0 0 drop_retry 5 5 drop_overflow 0 0 drop_no_route 0 0
node 1 total drops: 6 drop_expiry 0 0 drop_q_mngmnt 0 0 drop_retry 6 11 drop_overflow 0 0 drop_no_route 0 0
node 2 total drops: 3 drop_expiry 0 0 drop_q_mngmnt 0 0 drop_retry 3 14 drop_overflow 0 0 drop_no_route 0 0
node 3 total drops: 12 drop_expiry 0 0 drop_q_mngmnt 0 0 drop_retry 12 26 drop_overflow 0 0 drop_no_route 0 0
node 4 total drops: 20 drop_expiry 0 0 drop_q_mngmnt 0 0 drop_retry 20 46 drop_overflow 0 0 drop_no_route 0 0
node 5 total drops: 6 drop_expiry 0 0 drop_q_mngmnt 0 0 drop_retry 6 52 drop_overflow 0 0 drop_no_route 0 0
node 6 total drops: 34 drop_expiry 0 0 drop_q_mngmnt 0 0 drop_retry 34 86 drop_overflow 0 0 drop_no_route 0 0
node 7 total drops: 3 drop_expiry 0 0 drop_q_mngmnt 0 0 drop_retry 3 89 drop_overflow 0 0 drop_no_route 0 0
node 8 total drops: 0 drop_expiry 0 0 drop_q_mngmnt 0 0 drop_retry 0 89 drop_overflow 0 0 drop_no_route 0 0
Remove newline from Line 142 in main.py file! Error details: [Errno 2] No such file or directory: '/home/pathey/Workspace/665/665-copy-project-7/Results/phase3_daisy_1000m_mcs_adaptive_3Mbps_0.5inc_1.1dec/timeout_stats.csv'
Error occurred: FileNotFoundError - [Errno 2] No such file or directory: '/home/pathey/Workspace/665/665-copy-project-7/Results/phase3_daisy_1000m_mcs_adaptive_3Mbps_0.5inc_1.1dec/timeout_stats.csv'
                                                                                                                     File Path Run No Packets Generated Packets Received      PDR  Avg Delay #Retransmissions #Forwards  Avg Route Length  %Route Uptime  %HQ Route Uptime Route Switches Packet Drop (Expiry) Packet Drop (Queue Management) Packet Drop (Retry) Packet Drop (Overflow) Packet Drop (No Route) Packet Reinserted (TCP)          Flow_ID
/home/pathey/Workspace/665/665-copy-project-7/Results/phase3_daisy_1000m_mcs_adaptive_3Mbps_0.5inc_1.1dec/Flow_Node0-Node8.csv      1               346               62 0.179191   0.991754             1964      1210               8.0            1.0               1.0              0                    0                              0                  89                      0                      0                       0 Flow_Node0-Node8
                                                                                                                          Mean                    346.0             62.0 0.179191   0.991754           1964.0    1210.0               8.0            1.0               1.0            0.0                                                                                                                                                               
                                                                                                                        Median                    346.0             62.0 0.179191   0.991754           1964.0    1210.0               8.0            1.0               1.0            0.0                                                                                                                                                               
                                                                                                                  95% CI Lower                      NaN              NaN      NaN        NaN              NaN       NaN               NaN            NaN               NaN            NaN                                                                                                                                                               
                                                                                                                  95% CI Upper                      NaN              NaN      NaN        NaN              NaN       NaN               NaN            NaN               NaN            NaN                                                                                                                                                               
Instantaneous PDR data saved to /home/pathey/Workspace/665/665-copy-project-7/Results/phase3_daisy_1000m_mcs_adaptive_3Mbps_0.5inc_1.1dec/instantaneous_pdr.csv

=== Flow-level Summary (All Metrics) ===
Empty DataFrame
Columns: [Pkt ID, Route, Generation Time (in s), First Tx At (in s), Delay (in s), Times Packet Forwarded, Retransmissions, Packet Size (in bytes), Tx Power (in watt), Average Transmission Power in the route (in watt), Min. SINR Along Route, SINR at Flow Dest, Min. Data Rate Along Route (in Mbps), Data Rate at Flow Src (in Mbps), Base Packet ID]
Index: []

Flow Flow_Node0-Node8:
  Packets Generated: 346.00
  Packets Received : 62.00
  PDR              : 0.179
  Avg Delay (s)    : 0.9918
  Max Delay (s)    : 1.4879
  95th %ile Delay(s): 1.4715
  Retransmissions  : 1964.00
  Forwards         : 1210.00
  Drops (Expiry)   : 0
  Drops (Queue Mgmt): 0
  Drops (Retry)    : 89
  Drops (Overflow) : 0
  Drops (No Route) : 0
  TCP Reinsertions : 0
Avg:  Packets generated: 346 Packets received: 62 PDR: 0.1791907514450867 Avg delay: 0.9917543870967742 Retransmissions: 1964 Packet forwards: 1210 Route length: 8.0 Route uptime: 1.0 HQ Route Uptime: 1.0 Route switches: 0.0 

Plot saved to: /home/pathey/Workspace/665/665-copy-project-7/Results/phase3_daisy_1000m_mcs_adaptive_3Mbps_0.5inc_1.1dec/instantaneous_pdr_plot.png
Delay-over-time plot saved to: /home/pathey/Workspace/665/665-copy-project-7/Results/phase3_daisy_1000m_mcs_adaptive_3Mbps_0.5inc_1.1dec/delay_over_time.png
