Rows with invalid delay (0 or inf):
                              Pkt ID                        Route  ...  Min. Data Rate Along Route (in Mbps)  Data Rate at Flow Src (in Mbps)
0     2000005463450_Node0_Node8_Zero  [0, 1, 2, 3, 4, 5, 6, 7, 8]  ...                                    33                               33
1     2000010932556_Node0_Node8_Zero  [0, 1, 2, 3, 4, 5, 6, 7, 8]  ...                                    33                               33
2     2000016399477_Node0_Node8_Zero  [0, 1, 2, 3, 4, 5, 6, 7, 8]  ...                                    33                               33
3     2000021868395_Node0_Node8_Zero  [0, 1, 2, 3, 4, 5, 6, 7, 8]  ...                                    33                               33
4     2000027333597_Node0_Node8_Zero  [0, 1, 2, 3, 4, 5, 6, 7, 8]  ...                                    33                               33
...                              ...                          ...  ...                                   ...                              ...
1696  2009978215960_Node0_Node8_Zero  [0, 1, 2, 3, 4, 5, 6, 7, 8]  ...                                    11                               11
1697  2009983677871_Node0_Node8_Zero  [0, 1, 2, 3, 4, 5, 6, 7, 8]  ...                                    11                               11
1698  2009989142960_Node0_Node8_Zero  [0, 1, 2, 3, 4, 5, 6, 7, 8]  ...                                    11                               11
1699  2009994607413_Node0_Node8_Zero  [0, 1, 2, 3, 4, 5, 6, 7, 8]  ...                                    11                               11
1700  2010000070241_Node0_Node8_Zero  [0, 1, 2, 3, 4, 5, 6, 7, 8]  ...                                    11                               11

[1622 rows x 14 columns]
Parent directory is not in 'WARx' format.
DEBUG Flow file=Flow_Node0-Node8.csv, Extracted src=0, dst=8
DEBUG Route dict candidate=[0, 8]
Unique nodes participated for this flow: [0, 1, 2, 3, 4, 5, 6, 7, 8]
node 0 total drops: 1367 drop_expiry 1356 1356 drop_q_mngmnt 0 0 drop_retry 11 11 drop_overflow 0 0 drop_no_route 0 0
node 1 total drops: 1604 drop_expiry 1580 2936 drop_q_mngmnt 0 0 drop_retry 24 35 drop_overflow 0 0 drop_no_route 0 0
node 2 total drops: 42 drop_expiry 0 2936 drop_q_mngmnt 0 0 drop_retry 42 77 drop_overflow 0 0 drop_no_route 0 0
node 3 total drops: 41 drop_expiry 0 2936 drop_q_mngmnt 0 0 drop_retry 41 118 drop_overflow 0 0 drop_no_route 0 0
node 4 total drops: 44 drop_expiry 0 2936 drop_q_mngmnt 0 0 drop_retry 44 162 drop_overflow 0 0 drop_no_route 0 0
node 5 total drops: 89 drop_expiry 0 2936 drop_q_mngmnt 0 0 drop_retry 89 251 drop_overflow 0 0 drop_no_route 0 0
node 6 total drops: 86 drop_expiry 12 2948 drop_q_mngmnt 0 0 drop_retry 74 325 drop_overflow 0 0 drop_no_route 0 0
node 7 total drops: 81 drop_expiry 18 2966 drop_q_mngmnt 0 0 drop_retry 63 388 drop_overflow 0 0 drop_no_route 0 0
node 8 total drops: 0 drop_expiry 0 2966 drop_q_mngmnt 0 0 drop_retry 0 388 drop_overflow 0 0 drop_no_route 0 0
                                                                                                                                  File Path Run No Packets Generated Packets Received      PDR  Avg Delay #Retransmissions #Forwards  Avg Route Length  %Route Uptime  %HQ Route Uptime Route Switches Packet Drop (Expiry) Packet Drop (Queue Management) Packet Drop (Retry) Packet Drop (Overflow) Packet Drop (No Route) Packet Reinserted (TCP)          Flow_ID
/home/pathey/Workspace/665/665-copy-project-7/Results/phase2_crossflow_1200m_mcs_adaptive_3Mbps_0.5increment_threshold/Flow_Node0-Node8.csv      1              1830               79 0.043169   2.581439             7895       295               8.0            1.0               1.0              0                 2966                              0                 388                      0                      0                       0 Flow_Node0-Node8
                                                                                                                                       Mean                   1830.0             79.0 0.043169   2.581439           7895.0     295.0               8.0            1.0               1.0            0.0                                                                                                                                                               
                                                                                                                                     Median                   1830.0             79.0 0.043169   2.581439           7895.0     295.0               8.0            1.0               1.0            0.0                                                                                                                                                               
                                                                                                                               95% CI Lower                      NaN              NaN      NaN        NaN              NaN       NaN               NaN            NaN               NaN            NaN                                                                                                                                                               
                                                                                                                               95% CI Upper                      NaN              NaN      NaN        NaN              NaN       NaN               NaN            NaN               NaN            NaN                                                                                                                                                               
Instantaneous PDR data saved to /home/pathey/Workspace/665/665-copy-project-7/Results/phase2_crossflow_1200m_mcs_adaptive_3Mbps_0.5increment_threshold/instantaneous_pdr.csv

=== Flow-level Summary (All Metrics) ===
Empty DataFrame
Columns: [Pkt ID, Route, Generation Time (in s), First Tx At (in s), Delay (in s), Times Packet Forwarded, Retransmissions, Packet Size (in bytes), Tx Power (in watt), Average Transmission Power in the route (in watt), Min. SINR Along Route, SINR at Flow Dest, Min. Data Rate Along Route (in Mbps), Data Rate at Flow Src (in Mbps), Base Packet ID]
Index: []

Flow Flow_Node0-Node8:
  Packets Generated: 1830.00
  Packets Received : 79.00
  PDR              : 0.043
  Avg Delay (s)    : 2.5814
  Max Delay (s)    : 3.3912
  95th %ile Delay(s): 3.2661
  Retransmissions  : 7895.00
  Forwards         : 295.00
  Drops (Expiry)   : 2966
  Drops (Queue Mgmt): 0
  Drops (Retry)    : 388
  Drops (Overflow) : 0
  Drops (No Route) : 0
  TCP Reinsertions : 0
Avg:  Packets generated: 1830 Packets received: 79 PDR: 0.04316939890710383 Avg delay: 2.5814391772151897 Retransmissions: 7895 Packet forwards: 295 Route length: 8.0 Route uptime: 1.0 HQ Route Uptime: 1.0 Route switches: 0.0 

Plot saved to: /home/pathey/Workspace/665/665-copy-project-7/Results/phase2_crossflow_1200m_mcs_adaptive_3Mbps_0.5increment_threshold/instantaneous_pdr_plot.png
Delay-over-time plot saved to: /home/pathey/Workspace/665/665-copy-project-7/Results/phase2_crossflow_1200m_mcs_adaptive_3Mbps_0.5increment_threshold/delay_over_time.png
