Rows with invalid delay (0 or inf):
                              Pkt ID                        Route  ...  Min. Data Rate Along Route (in Mbps)  Data Rate at Flow Src (in Mbps)
0     2000005463450_Node0_Node8_Zero  [0, 1, 2, 3, 4, 5, 6, 7, 8]  ...                                    33                               33
1     2000010932556_Node0_Node8_Zero  [0, 1, 2, 3, 4, 5, 6, 7, 8]  ...                                    33                               33
2     2000016399477_Node0_Node8_Zero  [0, 1, 2, 3, 4, 5, 6, 7, 8]  ...                                    33                               33
3     2000021868395_Node0_Node8_Zero  [0, 1, 2, 3, 4, 5, 6, 7, 8]  ...                                    33                               33
4     2000027333597_Node0_Node8_Zero  [0, 1, 2, 3, 4, 5, 6, 7, 8]  ...                                    33                               33
...                              ...                          ...  ...                                   ...                              ...
1825  2009978228700_Node0_Node8_Zero  [0, 1, 2, 3, 4, 5, 6, 7, 8]  ...                                    11                               11
1826  2009983688340_Node0_Node8_Zero  [0, 1, 2, 3, 4, 5, 6, 7, 8]  ...                                    11                               11
1827  2009989155098_Node0_Node8_Zero  [0, 1, 2, 3, 4, 5, 6, 7, 8]  ...                                    11                               11
1828  2009994616272_Node0_Node8_Zero  [0, 1, 2, 3, 4, 5, 6, 7, 8]  ...                                    11                               11
1829  2010000083444_Node0_Node8_Zero  [0, 1, 2, 3, 4, 5, 6, 7, 8]  ...                                    11                               11

[1751 rows x 14 columns]
Parent directory is not in 'WARx' format.
DEBUG Flow file=Flow_Node0-Node8.csv, Extracted src=0, dst=8
DEBUG Route dict candidate=[0, 8]
Unique nodes participated for this flow: [0, 1, 2, 3, 4, 5, 6, 7, 8]
node 0 total drops: 1113 drop_expiry 1108 1108 drop_q_mngmnt 0 0 drop_retry 5 5 drop_overflow 0 0 drop_no_route 0 0
node 1 total drops: 1732 drop_expiry 1704 2812 drop_q_mngmnt 0 0 drop_retry 28 33 drop_overflow 0 0 drop_no_route 0 0
node 2 total drops: 46 drop_expiry 0 2812 drop_q_mngmnt 0 0 drop_retry 46 79 drop_overflow 0 0 drop_no_route 0 0
node 3 total drops: 45 drop_expiry 0 2812 drop_q_mngmnt 0 0 drop_retry 45 124 drop_overflow 0 0 drop_no_route 0 0
node 4 total drops: 103 drop_expiry 16 2828 drop_q_mngmnt 0 0 drop_retry 87 211 drop_overflow 0 0 drop_no_route 0 0
node 5 total drops: 33 drop_expiry 9 2837 drop_q_mngmnt 0 0 drop_retry 24 235 drop_overflow 0 0 drop_no_route 0 0
node 6 total drops: 93 drop_expiry 72 2909 drop_q_mngmnt 0 0 drop_retry 21 256 drop_overflow 0 0 drop_no_route 0 0
node 7 total drops: 42 drop_expiry 19 2928 drop_q_mngmnt 0 0 drop_retry 23 279 drop_overflow 0 0 drop_no_route 0 0
node 8 total drops: 0 drop_expiry 0 2928 drop_q_mngmnt 0 0 drop_retry 0 279 drop_overflow 0 0 drop_no_route 0 0
                                                                                                                                  File Path Run No Packets Generated Packets Received      PDR  Avg Delay #Retransmissions #Forwards  Avg Route Length  %Route Uptime  %HQ Route Uptime Route Switches Packet Drop (Expiry) Packet Drop (Queue Management) Packet Drop (Retry) Packet Drop (Overflow) Packet Drop (No Route) Packet Reinserted (TCP)          Flow_ID
/home/pathey/Workspace/665/665-copy-project-7/Results/phase2_crossflow_1000m_mcs_adaptive_3Mbps_0.5increment_threshold/Flow_Node0-Node8.csv      1              1830               79 0.043169   2.041085             8624       377               8.0            1.0               1.0              0                 2928                              0                 279                      0                      0                       0 Flow_Node0-Node8
                                                                                                                                       Mean                   1830.0             79.0 0.043169   2.041085           8624.0     377.0               8.0            1.0               1.0            0.0                                                                                                                                                               
                                                                                                                                     Median                   1830.0             79.0 0.043169   2.041085           8624.0     377.0               8.0            1.0               1.0            0.0                                                                                                                                                               
                                                                                                                               95% CI Lower                      NaN              NaN      NaN        NaN              NaN       NaN               NaN            NaN               NaN            NaN                                                                                                                                                               
                                                                                                                               95% CI Upper                      NaN              NaN      NaN        NaN              NaN       NaN               NaN            NaN               NaN            NaN                                                                                                                                                               
Instantaneous PDR data saved to /home/pathey/Workspace/665/665-copy-project-7/Results/phase2_crossflow_1000m_mcs_adaptive_3Mbps_0.5increment_threshold/instantaneous_pdr.csv

=== Flow-level Summary (All Metrics) ===
Empty DataFrame
Columns: [Pkt ID, Route, Generation Time (in s), First Tx At (in s), Delay (in s), Times Packet Forwarded, Retransmissions, Packet Size (in bytes), Tx Power (in watt), Average Transmission Power in the route (in watt), Min. SINR Along Route, SINR at Flow Dest, Min. Data Rate Along Route (in Mbps), Data Rate at Flow Src (in Mbps), Base Packet ID]
Index: []

Flow Flow_Node0-Node8:
  Packets Generated: 1830.00
  Packets Received : 79.00
  PDR              : 0.043
  Avg Delay (s)    : 2.0411
  Max Delay (s)    : 3.1637
  95th %ile Delay(s): 3.0229
  Retransmissions  : 8624.00
  Forwards         : 377.00
  Drops (Expiry)   : 2928
  Drops (Queue Mgmt): 0
  Drops (Retry)    : 279
  Drops (Overflow) : 0
  Drops (No Route) : 0
  TCP Reinsertions : 0
Avg:  Packets generated: 1830 Packets received: 79 PDR: 0.04316939890710383 Avg delay: 2.0410849873417716 Retransmissions: 8624 Packet forwards: 377 Route length: 8.0 Route uptime: 1.0 HQ Route Uptime: 1.0 Route switches: 0.0 

Plot saved to: /home/pathey/Workspace/665/665-copy-project-7/Results/phase2_crossflow_1000m_mcs_adaptive_3Mbps_0.5increment_threshold/instantaneous_pdr_plot.png
Delay-over-time plot saved to: /home/pathey/Workspace/665/665-copy-project-7/Results/phase2_crossflow_1000m_mcs_adaptive_3Mbps_0.5increment_threshold/delay_over_time.png
