Rows with invalid delay (0 or inf):
                             Pkt ID                        Route  ...  Min. Data Rate Along Route (in Mbps)  Data Rate at Flow Src (in Mbps)
0    2000016392412_Node0_Node8_Zero  [0, 1, 2, 3, 4, 5, 6, 7, 8]  ...                                    33                               33
1    2000032790479_Node0_Node8_Zero  [0, 1, 2, 3, 4, 5, 6, 7, 8]  ...                                    33                               33
2    2000049186319_Node0_Node8_Zero  [0, 1, 2, 3, 4, 5, 6, 7, 8]  ...                                    33                               33
3    2000065577449_Node0_Node8_Zero  [0, 1, 2, 3, 4, 5, 6, 7, 8]  ...                                    33                               33
4    2000081968069_Node0_Node8_Zero  [0, 1, 2, 3, 4, 5, 6, 7, 8]  ...                                    33                               33
..                              ...                          ...  ...                                   ...                              ...
606  2009950744322_Node0_Node8_Zero  [0, 1, 2, 3, 4, 5, 6, 7, 8]  ...                                    11                               11
607  2009967142645_Node0_Node8_Zero  [0, 1, 2, 3, 4, 5, 6, 7, 8]  ...                                    11                               11
608  2009983533624_Node0_Node8_Zero  [0, 1, 2, 3, 4, 5, 6, 7, 8]  ...                                    11                               11
609  2009999929344_Node0_Node8_Zero  [0, 1, 2, 3, 4, 5, 6, 7, 8]  ...                                    11                               11
610  2010016320044_Node0_Node8_Zero  [0, 1, 2, 3, 4, 5, 6, 7, 8]  ...                                    11                               11

[483 rows x 14 columns]
Parent directory is not in 'WARx' format.
DEBUG Flow file=Flow_Node0-Node8.csv, Extracted src=0, dst=8
DEBUG Route dict candidate=[0, 8]
Unique nodes participated for this flow: [0, 1, 2, 3, 4, 5, 6, 7, 8]
node 0 total drops: 514 drop_expiry 328 328 drop_q_mngmnt 0 0 drop_retry 186 186 drop_overflow 0 0 drop_no_route 0 0
node 1 total drops: 566 drop_expiry 452 780 drop_q_mngmnt 0 0 drop_retry 114 300 drop_overflow 0 0 drop_no_route 0 0
node 2 total drops: 170 drop_expiry 91 871 drop_q_mngmnt 0 0 drop_retry 79 379 drop_overflow 0 0 drop_no_route 0 0
node 3 total drops: 151 drop_expiry 40 911 drop_q_mngmnt 0 0 drop_retry 111 490 drop_overflow 0 0 drop_no_route 0 0
node 4 total drops: 135 drop_expiry 23 934 drop_q_mngmnt 0 0 drop_retry 112 602 drop_overflow 0 0 drop_no_route 0 0
node 5 total drops: 131 drop_expiry 24 958 drop_q_mngmnt 0 0 drop_retry 107 709 drop_overflow 0 0 drop_no_route 0 0
node 6 total drops: 135 drop_expiry 25 983 drop_q_mngmnt 0 0 drop_retry 110 819 drop_overflow 0 0 drop_no_route 0 0
node 7 total drops: 122 drop_expiry 24 1007 drop_q_mngmnt 0 0 drop_retry 98 917 drop_overflow 0 0 drop_no_route 0 0
node 8 total drops: 0 drop_expiry 0 1007 drop_q_mngmnt 0 0 drop_retry 0 917 drop_overflow 0 0 drop_no_route 0 0
                                                                                                                                   File Path Run No Packets Generated Packets Received      PDR  Avg Delay #Retransmissions #Forwards  Avg Route Length  %Route Uptime  %HQ Route Uptime Route Switches Packet Drop (Expiry) Packet Drop (Queue Management) Packet Drop (Retry) Packet Drop (Overflow) Packet Drop (No Route) Packet Reinserted (TCP)          Flow_ID
/home/pathey/Workspace/665/665-copy-project-7/Results/phase2_crossflow_1200m_mcs_adaptive_1Mbps_0.75decrement_threshold/Flow_Node0-Node8.csv      1               611              128 0.209493   1.922994            10010       110               8.0            1.0               1.0              0                 1007                              0                 917                      0                      0                       0 Flow_Node0-Node8
                                                                                                                                        Mean                    611.0            128.0 0.209493   1.922994          10010.0     110.0               8.0            1.0               1.0            0.0                                                                                                                                                               
                                                                                                                                      Median                    611.0            128.0 0.209493   1.922994          10010.0     110.0               8.0            1.0               1.0            0.0                                                                                                                                                               
                                                                                                                                95% CI Lower                      NaN              NaN      NaN        NaN              NaN       NaN               NaN            NaN               NaN            NaN                                                                                                                                                               
                                                                                                                                95% CI Upper                      NaN              NaN      NaN        NaN              NaN       NaN               NaN            NaN               NaN            NaN                                                                                                                                                               
Instantaneous PDR data saved to /home/pathey/Workspace/665/665-copy-project-7/Results/phase2_crossflow_1200m_mcs_adaptive_1Mbps_0.75decrement_threshold/instantaneous_pdr.csv

=== Flow-level Summary (All Metrics) ===
Empty DataFrame
Columns: [Pkt ID, Route, Generation Time (in s), First Tx At (in s), Delay (in s), Times Packet Forwarded, Retransmissions, Packet Size (in bytes), Tx Power (in watt), Average Transmission Power in the route (in watt), Min. SINR Along Route, SINR at Flow Dest, Min. Data Rate Along Route (in Mbps), Data Rate at Flow Src (in Mbps), Base Packet ID]
Index: []

Flow Flow_Node0-Node8:
  Packets Generated: 611.00
  Packets Received : 128.00
  PDR              : 0.209
  Avg Delay (s)    : 1.9230
  Max Delay (s)    : 3.9105
  95th %ile Delay(s): 3.1487
  Retransmissions  : 10010.00
  Forwards         : 110.00
  Drops (Expiry)   : 1007
  Drops (Queue Mgmt): 0
  Drops (Retry)    : 917
  Drops (Overflow) : 0
  Drops (No Route) : 0
  TCP Reinsertions : 0
Avg:  Packets generated: 611 Packets received: 128 PDR: 0.20949263502454993 Avg delay: 1.922993875 Retransmissions: 10010 Packet forwards: 110 Route length: 8.0 Route uptime: 1.0 HQ Route Uptime: 1.0 Route switches: 0.0 

Plot saved to: /home/pathey/Workspace/665/665-copy-project-7/Results/phase2_crossflow_1200m_mcs_adaptive_1Mbps_0.75decrement_threshold/instantaneous_pdr_plot.png
Delay-over-time plot saved to: /home/pathey/Workspace/665/665-copy-project-7/Results/phase2_crossflow_1200m_mcs_adaptive_1Mbps_0.75decrement_threshold/delay_over_time.png
