Rows with invalid delay (0 or inf):
                               Pkt ID                        Route  ...  Min. Data Rate Along Route (in Mbps)  Data Rate at Flow Src (in Mbps)
0      2000008195690_Node0_Node8_Zero  [0, 1, 2, 3, 4, 5, 6, 7, 8]  ...                                    33                               33
1      2000016397037_Node0_Node8_Zero  [0, 1, 2, 3, 4, 5, 6, 7, 8]  ...                                    33                               33
2      2000024596198_Node0_Node8_Zero  [0, 1, 2, 3, 4, 5, 6, 7, 8]  ...                                    33                               33
3      2000032790607_Node0_Node8_Zero  [0, 1, 2, 3, 4, 5, 6, 7, 8]  ...                                    33                               33
4      2000040984976_Node0_Node8_Zero  [0, 1, 2, 3, 4, 5, 6, 7, 8]  ...                                    33                               33
...                               ...                          ...  ...                                   ...                              ...
12196  2099974958705_Node0_Node8_Zero  [0, 1, 2, 3, 4, 5, 6, 7, 8]  ...                                    11                               33
12197  2099983156070_Node0_Node8_Zero  [0, 1, 2, 3, 4, 5, 6, 7, 8]  ...                                    11                               33
12198  2099991355395_Node0_Node8_Zero  [0, 1, 2, 3, 4, 5, 6, 7, 8]  ...                                    11                               33
12199  2099999550661_Node0_Node8_Zero  [0, 1, 2, 3, 4, 5, 6, 7, 8]  ...                                    11                               33
12200  2100007747199_Node0_Node8_Zero  [0, 1, 2, 3, 4, 5, 6, 7, 8]  ...                                    11                               33

[11954 rows x 14 columns]
Parent directory is not in 'WARx' format.
DEBUG Flow file=Flow_Node0-Node8.csv, Extracted src=0, dst=8
DEBUG Route dict candidate=[0, 8]
Unique nodes participated for this flow: [0, 1, 2, 3, 4, 5, 6, 7, 8]
node 0 total drops: 1 drop_expiry 0 0 drop_q_mngmnt 0 0 drop_retry 1 1 drop_overflow 0 0 drop_no_route 0 0
node 1 total drops: 2 drop_expiry 0 0 drop_q_mngmnt 0 0 drop_retry 2 3 drop_overflow 0 0 drop_no_route 0 0
node 2 total drops: 7 drop_expiry 0 0 drop_q_mngmnt 0 0 drop_retry 7 10 drop_overflow 0 0 drop_no_route 0 0
node 3 total drops: 7 drop_expiry 0 0 drop_q_mngmnt 0 0 drop_retry 7 17 drop_overflow 0 0 drop_no_route 0 0
node 4 total drops: 4 drop_expiry 0 0 drop_q_mngmnt 0 0 drop_retry 4 21 drop_overflow 0 0 drop_no_route 0 0
node 5 total drops: 12121 drop_expiry 12094 12094 drop_q_mngmnt 0 0 drop_retry 27 48 drop_overflow 0 0 drop_no_route 0 0
node 6 total drops: 469 drop_expiry 365 12459 drop_q_mngmnt 0 0 drop_retry 104 152 drop_overflow 0 0 drop_no_route 0 0
node 7 total drops: 241 drop_expiry 175 12634 drop_q_mngmnt 0 0 drop_retry 66 218 drop_overflow 0 0 drop_no_route 0 0
node 8 total drops: 0 drop_expiry 0 12634 drop_q_mngmnt 0 0 drop_retry 0 218 drop_overflow 0 0 drop_no_route 0 0
                                                                                                                         File Path Run No Packets Generated Packets Received      PDR  Avg Delay #Retransmissions #Forwards  Avg Route Length  %Route Uptime  %HQ Route Uptime Route Switches Packet Drop (Expiry) Packet Drop (Queue Management) Packet Drop (Retry) Packet Drop (Overflow) Packet Drop (No Route) Packet Reinserted (TCP)          Flow_ID
/home/pathey/Workspace/665/665-copy-project-7/Results/phase3_crossflow_1000m_mcs_adaptive_2Mbps_0.9inc_1.3dec/Flow_Node0-Node8.csv      1             12201              247 0.020244   2.048231             4710     61068               8.0            1.0               1.0              0                12634                              0                 218                      0                      0                       0 Flow_Node0-Node8
                                                                                                                              Mean                  12201.0            247.0 0.020244   2.048231           4710.0   61068.0               8.0            1.0               1.0            0.0                                                                                                                                                               
                                                                                                                            Median                  12201.0            247.0 0.020244   2.048231           4710.0   61068.0               8.0            1.0               1.0            0.0                                                                                                                                                               
                                                                                                                      95% CI Lower                      NaN              NaN      NaN        NaN              NaN       NaN               NaN            NaN               NaN            NaN                                                                                                                                                               
                                                                                                                      95% CI Upper                      NaN              NaN      NaN        NaN              NaN       NaN               NaN            NaN               NaN            NaN                                                                                                                                                               
Instantaneous PDR data saved to /home/pathey/Workspace/665/665-copy-project-7/Results/phase3_crossflow_1000m_mcs_adaptive_2Mbps_0.9inc_1.3dec/instantaneous_pdr.csv

=== Flow-level Summary (All Metrics) ===
Empty DataFrame
Columns: [Pkt ID, Route, Generation Time (in s), First Tx At (in s), Delay (in s), Times Packet Forwarded, Retransmissions, Packet Size (in bytes), Tx Power (in watt), Average Transmission Power in the route (in watt), Min. SINR Along Route, SINR at Flow Dest, Min. Data Rate Along Route (in Mbps), Data Rate at Flow Src (in Mbps), Base Packet ID]
Index: []

Flow Flow_Node0-Node8:
  Packets Generated: 12201.00
  Packets Received : 247.00
  PDR              : 0.020
  Avg Delay (s)    : 2.0482
  Max Delay (s)    : 3.1998
  95th %ile Delay(s): 3.0510
  Retransmissions  : 4710.00
  Forwards         : 61068.00
  Drops (Expiry)   : 12634
  Drops (Queue Mgmt): 0
  Drops (Retry)    : 218
  Drops (Overflow) : 0
  Drops (No Route) : 0
  TCP Reinsertions : 0
Avg:  Packets generated: 12201 Packets received: 247 PDR: 0.020244242275223343 Avg delay: 2.0482310769230763 Retransmissions: 4710 Packet forwards: 61068 Route length: 8.0 Route uptime: 1.0 HQ Route Uptime: 1.0 Route switches: 0.0 

Plot saved to: /home/pathey/Workspace/665/665-copy-project-7/Results/phase3_crossflow_1000m_mcs_adaptive_2Mbps_0.9inc_1.3dec/instantaneous_pdr_plot.png
Delay-over-time plot saved to: /home/pathey/Workspace/665/665-copy-project-7/Results/phase3_crossflow_1000m_mcs_adaptive_2Mbps_0.9inc_1.3dec/delay_over_time.png
