Rows with invalid delay (0 or inf):
                              Pkt ID  ... Data Rate at Flow Src (in Mbps)
112   2000617440830_Node0_Node8_Zero  ...                              11
195   2001070969868_Node0_Node8_Zero  ...                              11
307   2001682968020_Node0_Node8_Zero  ...                              11
552   2003021765945_Node0_Node8_Zero  ...                              11
553   2003027235115_Node0_Node8_Zero  ...                              11
...                              ...  ...                             ...
1825  2009978137038_Node0_Node8_Zero  ...                              11
1826  2009983603406_Node0_Node8_Zero  ...                              11
1827  2009989069611_Node0_Node8_Zero  ...                              11
1828  2009994535121_Node0_Node8_Zero  ...                              11
1829  2010000002181_Node0_Node8_Zero  ...                              11

[1255 rows x 14 columns]
Parent directory is not in 'WARx' format.
DEBUG Flow file=Flow_Node0-Node8.csv, Extracted src=0, dst=8
DEBUG Route dict candidate=[0, 8]
Unique nodes participated for this flow: [0, 1, 2, 3, 4, 5, 6, 7, 8]
node 0 total drops: 27 drop_expiry 0 0 drop_q_mngmnt 0 0 drop_retry 27 27 drop_overflow 0 0 drop_no_route 0 0
node 1 total drops: 9 drop_expiry 0 0 drop_q_mngmnt 0 0 drop_retry 9 36 drop_overflow 0 0 drop_no_route 0 0
node 2 total drops: 120 drop_expiry 120 120 drop_q_mngmnt 0 0 drop_retry 0 36 drop_overflow 0 0 drop_no_route 0 0
node 3 total drops: 339 drop_expiry 339 459 drop_q_mngmnt 0 0 drop_retry 0 36 drop_overflow 0 0 drop_no_route 0 0
node 4 total drops: 310 drop_expiry 310 769 drop_q_mngmnt 0 0 drop_retry 0 36 drop_overflow 0 0 drop_no_route 0 0
node 5 total drops: 253 drop_expiry 253 1022 drop_q_mngmnt 0 0 drop_retry 0 36 drop_overflow 0 0 drop_no_route 0 0
node 6 total drops: 127 drop_expiry 127 1149 drop_q_mngmnt 0 0 drop_retry 0 36 drop_overflow 0 0 drop_no_route 0 0
node 7 total drops: 71 drop_expiry 71 1220 drop_q_mngmnt 0 0 drop_retry 0 36 drop_overflow 0 0 drop_no_route 0 0
node 8 total drops: 0 drop_expiry 0 1220 drop_q_mngmnt 0 0 drop_retry 0 36 drop_overflow 0 0 drop_no_route 0 0
                                                                                              File Path Run No Packets Generated Packets Received      PDR  Avg Delay #Retransmissions #Forwards  Avg Route Length  %Route Uptime  %HQ Route Uptime Route Switches Packet Drop (Expiry) Packet Drop (Queue Management) Packet Drop (Retry) Packet Drop (Overflow) Packet Drop (No Route) Packet Reinserted (TCP)          Flow_ID
/home/peter/Workspace/665/665-copy-project-7/Results/phase1_daisy_1000m_mcs0_3Mbps/Flow_Node0-Node8.csv      1              1830              575 0.314208   1.552902             4256      9627               8.0            1.0               1.0              0                 1220                              0                  36                      0                      0                       0 Flow_Node0-Node8
                                                                                                   Mean                   1830.0            575.0 0.314208   1.552902           4256.0    9627.0               8.0            1.0               1.0            0.0                                                                                                                                                               
                                                                                                 Median                   1830.0            575.0 0.314208   1.552902           4256.0    9627.0               8.0            1.0               1.0            0.0                                                                                                                                                               
                                                                                           95% CI Lower                      NaN              NaN      NaN        NaN              NaN       NaN               NaN            NaN               NaN            NaN                                                                                                                                                               
                                                                                           95% CI Upper                      NaN              NaN      NaN        NaN              NaN       NaN               NaN            NaN               NaN            NaN                                                                                                                                                               
Instantaneous PDR data saved to /home/peter/Workspace/665/665-copy-project-7/Results/phase1_daisy_1000m_mcs0_3Mbps/instantaneous_pdr.csv

=== Flow-level Summary (All Metrics) ===
Empty DataFrame
Columns: [Pkt ID, Route, Generation Time (in s), First Tx At (in s), Delay (in s), Times Packet Forwarded, Retransmissions, Packet Size (in bytes), Tx Power (in watt), Average Transmission Power in the route (in watt), Min. SINR Along Route, SINR at Flow Dest, Min. Data Rate Along Route (in Mbps), Data Rate at Flow Src (in Mbps), Base Packet ID]
Index: []

Flow Flow_Node0-Node8:
  Packets Generated: 1830.00
  Packets Received : 575.00
  PDR              : 0.314
  Avg Delay (s)    : 1.5529
  Max Delay (s)    : 3.0069
  95th %ile Delay(s): 2.9663
  Retransmissions  : 4256.00
  Forwards         : 9627.00
  Drops (Expiry)   : 1220
  Drops (Queue Mgmt): 0
  Drops (Retry)    : 36
  Drops (Overflow) : 0
  Drops (No Route) : 0
  TCP Reinsertions : 0
Avg:  Packets generated: 1830 Packets received: 575 PDR: 0.31420765027322406 Avg delay: 1.5529023530434782 Retransmissions: 4256 Packet forwards: 9627 Route length: 8.0 Route uptime: 1.0 HQ Route Uptime: 1.0 Route switches: 0.0 

Plot saved to: /home/peter/Workspace/665/665-copy-project-7/Results/phase1_daisy_1000m_mcs0_3Mbps/instantaneous_pdr_plot.png
Delay-over-time plot saved to: /home/peter/Workspace/665/665-copy-project-7/Results/phase1_daisy_1000m_mcs0_3Mbps/delay_over_time.png
