Rows with invalid delay (0 or inf):
                            Pkt ID            Route  ...  Min. Data Rate Along Route (in Mbps)  Data Rate at Flow Src (in Mbps)
0   2000005463450_Node0_Node8_Zero  [0, 2, 4, 6, 8]  ...                                    22                               22
1   2000010932556_Node0_Node8_Zero  [0, 2, 4, 6, 8]  ...                                    22                               22
2   2000016399784_Node0_Node8_Zero  [0, 2, 4, 6, 8]  ...                                    22                               22
3   2000021863946_Node0_Node8_Zero  [0, 2, 4, 6, 8]  ...                                    22                               22
4   2000027331382_Node0_Node8_Zero  [0, 2, 4, 6, 8]  ...                                    22                               22
5   2000032793623_Node0_Node8_Zero  [0, 2, 4, 6, 8]  ...                                    22                               22
6   2000038260544_Node0_Node8_Zero  [0, 2, 4, 6, 8]  ...                                    22                               22
52  2000289614569_Node0_Node8_Zero  [0, 2, 4, 6, 8]  ...                                    22                               22

[8 rows x 14 columns]
Parent directory is not in 'WARx' format.
DEBUG Flow file=Flow_Node0-Node8.csv, Extracted src=0, dst=8
DEBUG Route dict candidate=[0, 8]
Unique nodes participated for this flow: [0, 2, 4, 6, 8]
node 0 total drops: 2 drop_expiry 0 0 drop_q_mngmnt 0 0 drop_retry 2 2 drop_overflow 0 0 drop_no_route 0 0
node 2 total drops: 2 drop_expiry 0 0 drop_q_mngmnt 0 0 drop_retry 2 4 drop_overflow 0 0 drop_no_route 0 0
node 4 total drops: 2 drop_expiry 0 0 drop_q_mngmnt 0 0 drop_retry 2 6 drop_overflow 0 0 drop_no_route 0 0
node 6 total drops: 2 drop_expiry 0 0 drop_q_mngmnt 0 0 drop_retry 2 8 drop_overflow 0 0 drop_no_route 0 0
node 8 total drops: 0 drop_expiry 0 0 drop_q_mngmnt 0 0 drop_retry 0 8 drop_overflow 0 0 drop_no_route 0 0
                                                                                              File Path Run No Packets Generated Packets Received      PDR  Avg Delay #Retransmissions #Forwards  Avg Route Length  %Route Uptime  %HQ Route Uptime Route Switches Packet Drop (Expiry) Packet Drop (Queue Management) Packet Drop (Retry) Packet Drop (Overflow) Packet Drop (No Route) Packet Reinserted (TCP)          Flow_ID
/home/pathey/Workspace/665/665-copy-project-7/Results/phase1_daisy_500m_mcs1_3Mbps/Flow_Node0-Node8.csv      1              1831             1823 0.995631   0.009165              160      7304               4.0            1.0               1.0              0                    0                              0                   8                      0                      0                       0 Flow_Node0-Node8
                                                                                                   Mean                   1831.0           1823.0 0.995631   0.009165            160.0    7304.0               4.0            1.0               1.0            0.0                                                                                                                                                               
                                                                                                 Median                   1831.0           1823.0 0.995631   0.009165            160.0    7304.0               4.0            1.0               1.0            0.0                                                                                                                                                               
                                                                                           95% CI Lower                      NaN              NaN      NaN        NaN              NaN       NaN               NaN            NaN               NaN            NaN                                                                                                                                                               
                                                                                           95% CI Upper                      NaN              NaN      NaN        NaN              NaN       NaN               NaN            NaN               NaN            NaN                                                                                                                                                               
Instantaneous PDR data saved to /home/pathey/Workspace/665/665-copy-project-7/Results/phase1_daisy_500m_mcs1_3Mbps/instantaneous_pdr.csv

=== Flow-level Summary (All Metrics) ===
Empty DataFrame
Columns: [Pkt ID, Route, Generation Time (in s), First Tx At (in s), Delay (in s), Times Packet Forwarded, Retransmissions, Packet Size (in bytes), Tx Power (in watt), Average Transmission Power in the route (in watt), Min. SINR Along Route, SINR at Flow Dest, Min. Data Rate Along Route (in Mbps), Data Rate at Flow Src (in Mbps), Base Packet ID]
Index: []

Flow Flow_Node0-Node8:
  Packets Generated: 1831.00
  Packets Received : 1823.00
  PDR              : 0.996
  Avg Delay (s)    : 0.0092
  Max Delay (s)    : 0.2478
  95th %ile Delay(s): 0.0184
  Retransmissions  : 160.00
  Forwards         : 7304.00
  Drops (Expiry)   : 0
  Drops (Queue Mgmt): 0
  Drops (Retry)    : 8
  Drops (Overflow) : 0
  Drops (No Route) : 0
  TCP Reinsertions : 0
Avg:  Packets generated: 1831 Packets received: 1823 PDR: 0.9956308028399782 Avg delay: 0.009164902907295666 Retransmissions: 160 Packet forwards: 7304 Route length: 4.0 Route uptime: 1.0 HQ Route Uptime: 1.0 Route switches: 0.0 

Plot saved to: /home/pathey/Workspace/665/665-copy-project-7/Results/phase1_daisy_500m_mcs1_3Mbps/instantaneous_pdr_plot.png
Delay-over-time plot saved to: /home/pathey/Workspace/665/665-copy-project-7/Results/phase1_daisy_500m_mcs1_3Mbps/delay_over_time.png
