Rows with invalid delay (0 or inf):
                              Pkt ID            Route  ...  Min. Data Rate Along Route (in Mbps)  Data Rate at Flow Src (in Mbps)
0     2000005463450_Node0_Node8_Zero  [0, 2, 4, 6, 8]  ...                                    33                               33
1     2000010932556_Node0_Node8_Zero  [0, 2, 4, 6, 8]  ...                                    33                               33
2     2000016395724_Node0_Node8_Zero  [0, 2, 4, 6, 8]  ...                                    33                               33
3     2000021857829_Node0_Node8_Zero  [0, 2, 4, 6, 8]  ...                                    33                               33
4     2000027317513_Node0_Node8_Zero  [0, 2, 4, 6, 8]  ...                                    33                               33
...                              ...              ...  ...                                   ...                              ...
1760  2009983559081_Node0_Node8_Zero  [0, 2, 4, 6, 8]  ...                                    11                               11
1761  2009989027277_Node0_Node8_Zero  [0, 2, 4, 6, 8]  ...                                    11                               11
1762  2009994491396_Node0_Node8_Zero  [0, 2, 4, 6, 8]  ...                                    11                               11
1763  2009999950896_Node0_Node8_Zero  [0, 2, 4, 6, 8]  ...                                    11                               11
1764  2010005419253_Node0_Node8_Zero  [0, 2, 4, 6, 8]  ...                                    11                               11

[1453 rows x 14 columns]
Parent directory is not in 'WARx' format.
DEBUG Flow file=Flow_Node0-Node8.csv, Extracted src=0, dst=8
DEBUG Route dict candidate=[0, 8]
Unique nodes participated for this flow: [0, 2, 4, 6, 8]
node 0 total drops: 1603 drop_expiry 1459 1459 drop_q_mngmnt 0 0 drop_retry 144 144 drop_overflow 0 0 drop_no_route 0 0
node 2 total drops: 1490 drop_expiry 1419 2878 drop_q_mngmnt 0 0 drop_retry 71 215 drop_overflow 0 0 drop_no_route 0 0
node 4 total drops: 594 drop_expiry 552 3430 drop_q_mngmnt 0 0 drop_retry 42 257 drop_overflow 0 0 drop_no_route 0 0
node 6 total drops: 324 drop_expiry 219 3649 drop_q_mngmnt 0 0 drop_retry 105 362 drop_overflow 0 0 drop_no_route 0 0
node 8 total drops: 0 drop_expiry 0 3649 drop_q_mngmnt 0 0 drop_retry 0 362 drop_overflow 0 0 drop_no_route 0 0
                                                                                                                                 File Path Run No Packets Generated Packets Received      PDR  Avg Delay #Retransmissions #Forwards  Avg Route Length  %Route Uptime  %HQ Route Uptime Route Switches Packet Drop (Expiry) Packet Drop (Queue Management) Packet Drop (Retry) Packet Drop (Overflow) Packet Drop (No Route) Packet Reinserted (TCP)          Flow_ID
/home/pathey/Workspace/665/665-copy-project-7/Results/phase2_crossflow_500m_mcs_adaptive_3Mbps_0.9increment_threshold/Flow_Node0-Node8.csv      1              1831              312 0.170399   2.020675            10203       268               4.0            1.0               1.0              0                 3649                              0                 362                      0                      0                       0 Flow_Node0-Node8
                                                                                                                                      Mean                   1831.0            312.0 0.170399   2.020675          10203.0     268.0               4.0            1.0               1.0            0.0                                                                                                                                                               
                                                                                                                                    Median                   1831.0            312.0 0.170399   2.020675          10203.0     268.0               4.0            1.0               1.0            0.0                                                                                                                                                               
                                                                                                                              95% CI Lower                      NaN              NaN      NaN        NaN              NaN       NaN               NaN            NaN               NaN            NaN                                                                                                                                                               
                                                                                                                              95% CI Upper                      NaN              NaN      NaN        NaN              NaN       NaN               NaN            NaN               NaN            NaN                                                                                                                                                               
Instantaneous PDR data saved to /home/pathey/Workspace/665/665-copy-project-7/Results/phase2_crossflow_500m_mcs_adaptive_3Mbps_0.9increment_threshold/instantaneous_pdr.csv

=== Flow-level Summary (All Metrics) ===
Empty DataFrame
Columns: [Pkt ID, Route, Generation Time (in s), First Tx At (in s), Delay (in s), Times Packet Forwarded, Retransmissions, Packet Size (in bytes), Tx Power (in watt), Average Transmission Power in the route (in watt), Min. SINR Along Route, SINR at Flow Dest, Min. Data Rate Along Route (in Mbps), Data Rate at Flow Src (in Mbps), Base Packet ID]
Index: []

Flow Flow_Node0-Node8:
  Packets Generated: 1831.00
  Packets Received : 312.00
  PDR              : 0.170
  Avg Delay (s)    : 2.0207
  Max Delay (s)    : 3.7689
  95th %ile Delay(s): 3.2820
  Retransmissions  : 10203.00
  Forwards         : 268.00
  Drops (Expiry)   : 3649
  Drops (Queue Mgmt): 0
  Drops (Retry)    : 362
  Drops (Overflow) : 0
  Drops (No Route) : 0
  TCP Reinsertions : 0
Avg:  Packets generated: 1831 Packets received: 312 PDR: 0.170398689240852 Avg delay: 2.0206746538461537 Retransmissions: 10203 Packet forwards: 268 Route length: 4.0 Route uptime: 1.0 HQ Route Uptime: 1.0 Route switches: 0.0 

Plot saved to: /home/pathey/Workspace/665/665-copy-project-7/Results/phase2_crossflow_500m_mcs_adaptive_3Mbps_0.9increment_threshold/instantaneous_pdr_plot.png
Delay-over-time plot saved to: /home/pathey/Workspace/665/665-copy-project-7/Results/phase2_crossflow_500m_mcs_adaptive_3Mbps_0.9increment_threshold/delay_over_time.png
