Rows with invalid delay (0 or inf):
                              Pkt ID            Route  ...  Min. Data Rate Along Route (in Mbps)  Data Rate at Flow Src (in Mbps)
0     2000008195690_Node0_Node8_Zero  [0, 2, 4, 6, 8]  ...                                    33                               33
1     2000016397037_Node0_Node8_Zero  [0, 2, 4, 6, 8]  ...                                    33                               33
2     2000024592445_Node0_Node8_Zero  [0, 2, 4, 6, 8]  ...                                    33                               33
3     2000032784369_Node0_Node8_Zero  [0, 2, 4, 6, 8]  ...                                    33                               33
4     2000040985872_Node0_Node8_Zero  [0, 2, 4, 6, 8]  ...                                    33                               33
...                              ...              ...  ...                                   ...                              ...
1153  2009967264871_Node0_Node8_Zero  [0, 2, 4, 6, 8]  ...                                    11                               11
1154  2009975461442_Node0_Node8_Zero  [0, 2, 4, 6, 8]  ...                                    11                               11
1155  2009983662293_Node0_Node8_Zero  [0, 2, 4, 6, 8]  ...                                    11                               11
1156  2009991862235_Node0_Node8_Zero  [0, 2, 4, 6, 8]  ...                                    11                               11
1157  2010000063498_Node0_Node8_Zero  [0, 2, 4, 6, 8]  ...                                    11                               11

[865 rows x 14 columns]
Parent directory is not in 'WARx' format.
DEBUG Flow file=Flow_Node0-Node8.csv, Extracted src=0, dst=8
DEBUG Route dict candidate=[0, 8]
Unique nodes participated for this flow: [0, 2, 4, 6, 8]
node 0 total drops: 1137 drop_expiry 987 987 drop_q_mngmnt 0 0 drop_retry 150 150 drop_overflow 0 0 drop_no_route 0 0
node 2 total drops: 1042 drop_expiry 960 1947 drop_q_mngmnt 0 0 drop_retry 82 232 drop_overflow 0 0 drop_no_route 0 0
node 4 total drops: 414 drop_expiry 332 2279 drop_q_mngmnt 0 0 drop_retry 82 314 drop_overflow 0 0 drop_no_route 0 0
node 6 total drops: 328 drop_expiry 225 2504 drop_q_mngmnt 0 0 drop_retry 103 417 drop_overflow 0 0 drop_no_route 0 0
node 8 total drops: 0 drop_expiry 0 2504 drop_q_mngmnt 0 0 drop_retry 0 417 drop_overflow 0 0 drop_no_route 0 0
                                                                                                                                  File Path Run No Packets Generated Packets Received      PDR  Avg Delay #Retransmissions #Forwards  Avg Route Length  %Route Uptime  %HQ Route Uptime Route Switches Packet Drop (Expiry) Packet Drop (Queue Management) Packet Drop (Retry) Packet Drop (Overflow) Packet Drop (No Route) Packet Reinserted (TCP)          Flow_ID
/home/pathey/Workspace/665/665-copy-project-7/Results/phase2_crossflow_500m_mcs_adaptive_2Mbps_0.75decrement_threshold/Flow_Node0-Node8.csv      1              1220              293 0.240164   2.231602             9434       170               4.0            1.0               1.0              0                 2504                              0                 417                      0                      0                       0 Flow_Node0-Node8
                                                                                                                                       Mean                   1220.0            293.0 0.240164   2.231602           9434.0     170.0               4.0            1.0               1.0            0.0                                                                                                                                                               
                                                                                                                                     Median                   1220.0            293.0 0.240164   2.231602           9434.0     170.0               4.0            1.0               1.0            0.0                                                                                                                                                               
                                                                                                                               95% CI Lower                      NaN              NaN      NaN        NaN              NaN       NaN               NaN            NaN               NaN            NaN                                                                                                                                                               
                                                                                                                               95% CI Upper                      NaN              NaN      NaN        NaN              NaN       NaN               NaN            NaN               NaN            NaN                                                                                                                                                               
Instantaneous PDR data saved to /home/pathey/Workspace/665/665-copy-project-7/Results/phase2_crossflow_500m_mcs_adaptive_2Mbps_0.75decrement_threshold/instantaneous_pdr.csv

=== Flow-level Summary (All Metrics) ===
Empty DataFrame
Columns: [Pkt ID, Route, Generation Time (in s), First Tx At (in s), Delay (in s), Times Packet Forwarded, Retransmissions, Packet Size (in bytes), Tx Power (in watt), Average Transmission Power in the route (in watt), Min. SINR Along Route, SINR at Flow Dest, Min. Data Rate Along Route (in Mbps), Data Rate at Flow Src (in Mbps), Base Packet ID]
Index: []

Flow Flow_Node0-Node8:
  Packets Generated: 1220.00
  Packets Received : 293.00
  PDR              : 0.240
  Avg Delay (s)    : 2.2316
  Max Delay (s)    : 3.8493
  95th %ile Delay(s): 3.4074
  Retransmissions  : 9434.00
  Forwards         : 170.00
  Drops (Expiry)   : 2504
  Drops (Queue Mgmt): 0
  Drops (Retry)    : 417
  Drops (Overflow) : 0
  Drops (No Route) : 0
  TCP Reinsertions : 0
Avg:  Packets generated: 1220 Packets received: 293 PDR: 0.24016393442622952 Avg delay: 2.2316020136518775 Retransmissions: 9434 Packet forwards: 170 Route length: 4.0 Route uptime: 1.0 HQ Route Uptime: 1.0 Route switches: 0.0 

Plot saved to: /home/pathey/Workspace/665/665-copy-project-7/Results/phase2_crossflow_500m_mcs_adaptive_2Mbps_0.75decrement_threshold/instantaneous_pdr_plot.png
Delay-over-time plot saved to: /home/pathey/Workspace/665/665-copy-project-7/Results/phase2_crossflow_500m_mcs_adaptive_2Mbps_0.75decrement_threshold/delay_over_time.png
