Rows with invalid delay (0 or inf):
                               Pkt ID                        Route  ...  Min. Data Rate Along Route (in Mbps)  Data Rate at Flow Src (in Mbps)
0      2000005463450_Node0_Node8_Zero  [0, 1, 2, 3, 4, 5, 6, 7, 8]  ...                                    33                               33
1      2000010932556_Node0_Node8_Zero  [0, 1, 2, 3, 4, 5, 6, 7, 8]  ...                                    33                               33
2      2000016399477_Node0_Node8_Zero  [0, 1, 2, 3, 4, 5, 6, 7, 8]  ...                                    33                               33
3      2000021868395_Node0_Node8_Zero  [0, 1, 2, 3, 4, 5, 6, 7, 8]  ...                                    33                               33
4      2000027333597_Node0_Node8_Zero  [0, 1, 2, 3, 4, 5, 6, 7, 8]  ...                                    33                               33
...                               ...                          ...  ...                                   ...                              ...
18296  2099983323836_Node0_Node8_Zero  [0, 1, 2, 3, 4, 5, 6, 7, 8]  ...                                    11                               33
18297  2099988786006_Node0_Node8_Zero  [0, 1, 2, 3, 4, 5, 6, 7, 8]  ...                                    11                               33
18298  2099994255089_Node0_Node8_Zero  [0, 1, 2, 3, 4, 5, 6, 7, 8]  ...                                    11                               33
18299  2099999721576_Node0_Node8_Zero  [0, 1, 2, 3, 4, 5, 6, 7, 8]  ...                                    11                               33
18300  2100005185173_Node0_Node8_Zero  [0, 1, 2, 3, 4, 5, 6, 7, 8]  ...                                    11                               33

[18147 rows x 14 columns]
Parent directory is not in 'WARx' format.
DEBUG Flow file=Flow_Node0-Node8.csv, Extracted src=0, dst=8
DEBUG Route dict candidate=[0, 8]
Unique nodes participated for this flow: [0, 1, 2, 3, 4, 5, 6, 7, 8]
node 0 total drops: 23 drop_expiry 0 0 drop_q_mngmnt 0 0 drop_retry 23 23 drop_overflow 0 0 drop_no_route 0 0
node 1 total drops: 17090 drop_expiry 17019 17019 drop_q_mngmnt 0 0 drop_retry 71 94 drop_overflow 0 0 drop_no_route 0 0
node 2 total drops: 1351 drop_expiry 1300 18319 drop_q_mngmnt 0 0 drop_retry 51 145 drop_overflow 0 0 drop_no_route 0 0
node 3 total drops: 1257 drop_expiry 1225 19544 drop_q_mngmnt 0 0 drop_retry 32 177 drop_overflow 0 0 drop_no_route 0 0
node 4 total drops: 560 drop_expiry 524 20068 drop_q_mngmnt 0 0 drop_retry 36 213 drop_overflow 0 0 drop_no_route 0 0
node 5 total drops: 295 drop_expiry 272 20340 drop_q_mngmnt 0 0 drop_retry 23 236 drop_overflow 0 0 drop_no_route 0 0
node 6 total drops: 214 drop_expiry 134 20474 drop_q_mngmnt 0 0 drop_retry 80 316 drop_overflow 0 0 drop_no_route 0 0
node 7 total drops: 124 drop_expiry 106 20580 drop_q_mngmnt 0 0 drop_retry 18 334 drop_overflow 0 0 drop_no_route 0 0
node 8 total drops: 0 drop_expiry 0 20580 drop_q_mngmnt 0 0 drop_retry 0 334 drop_overflow 0 0 drop_no_route 0 0
                                                                                                                         File Path Run No Packets Generated Packets Received      PDR  Avg Delay #Retransmissions #Forwards  Avg Route Length  %Route Uptime  %HQ Route Uptime Route Switches Packet Drop (Expiry) Packet Drop (Queue Management) Packet Drop (Retry) Packet Drop (Overflow) Packet Drop (No Route) Packet Reinserted (TCP)          Flow_ID
/home/pathey/Workspace/665/665-copy-project-7/Results/phase3_crossflow_1000m_mcs_adaptive_3Mbps_0.7inc_1.1dec/Flow_Node0-Node8.csv      1             18301              154 0.008415   2.087418            12749     20403               8.0            1.0               1.0              0                20580                              0                 334                      0                      0                       0 Flow_Node0-Node8
                                                                                                                              Mean                  18301.0            154.0 0.008415   2.087418          12749.0   20403.0               8.0            1.0               1.0            0.0                                                                                                                                                               
                                                                                                                            Median                  18301.0            154.0 0.008415   2.087418          12749.0   20403.0               8.0            1.0               1.0            0.0                                                                                                                                                               
                                                                                                                      95% CI Lower                      NaN              NaN      NaN        NaN              NaN       NaN               NaN            NaN               NaN            NaN                                                                                                                                                               
                                                                                                                      95% CI Upper                      NaN              NaN      NaN        NaN              NaN       NaN               NaN            NaN               NaN            NaN                                                                                                                                                               
Instantaneous PDR data saved to /home/pathey/Workspace/665/665-copy-project-7/Results/phase3_crossflow_1000m_mcs_adaptive_3Mbps_0.7inc_1.1dec/instantaneous_pdr.csv

=== Flow-level Summary (All Metrics) ===
Empty DataFrame
Columns: [Pkt ID, Route, Generation Time (in s), First Tx At (in s), Delay (in s), Times Packet Forwarded, Retransmissions, Packet Size (in bytes), Tx Power (in watt), Average Transmission Power in the route (in watt), Min. SINR Along Route, SINR at Flow Dest, Min. Data Rate Along Route (in Mbps), Data Rate at Flow Src (in Mbps), Base Packet ID]
Index: []

Flow Flow_Node0-Node8:
  Packets Generated: 18301.00
  Packets Received : 154.00
  PDR              : 0.008
  Avg Delay (s)    : 2.0874
  Max Delay (s)    : 3.0210
  95th %ile Delay(s): 3.0076
  Retransmissions  : 12749.00
  Forwards         : 20403.00
  Drops (Expiry)   : 20580
  Drops (Queue Mgmt): 0
  Drops (Retry)    : 334
  Drops (Overflow) : 0
  Drops (No Route) : 0
  TCP Reinsertions : 0
Avg:  Packets generated: 18301 Packets received: 154 PDR: 0.00841484071908639 Avg delay: 2.0874178051948054 Retransmissions: 12749 Packet forwards: 20403 Route length: 8.0 Route uptime: 1.0 HQ Route Uptime: 1.0 Route switches: 0.0 

Plot saved to: /home/pathey/Workspace/665/665-copy-project-7/Results/phase3_crossflow_1000m_mcs_adaptive_3Mbps_0.7inc_1.1dec/instantaneous_pdr_plot.png
Delay-over-time plot saved to: /home/pathey/Workspace/665/665-copy-project-7/Results/phase3_crossflow_1000m_mcs_adaptive_3Mbps_0.7inc_1.1dec/delay_over_time.png
