Rows with invalid delay (0 or inf):
                             Pkt ID                        Route  ...  Min. Data Rate Along Route (in Mbps)  Data Rate at Flow Src (in Mbps)
0    2000008195690_Node0_Node8_Zero  [0, 1, 2, 3, 4, 5, 6, 7, 8]  ...                                    33                               33
1    2000016397037_Node0_Node8_Zero  [0, 1, 2, 3, 4, 5, 6, 7, 8]  ...                                    33                               33
2    2000024594458_Node0_Node8_Zero  [0, 1, 2, 3, 4, 5, 6, 7, 8]  ...                                    33                               33
3    2000032793798_Node0_Node8_Zero  [0, 1, 2, 3, 4, 5, 6, 7, 8]  ...                                    33                               33
4    2000040988557_Node0_Node8_Zero  [0, 1, 2, 3, 4, 5, 6, 7, 8]  ...                                    33                               33
..                              ...                          ...  ...                                   ...                              ...
561  2004606481931_Node0_Node8_Zero  [0, 1, 2, 3, 4, 5, 6, 7, 8]  ...                                    33                               33
562  2004614675736_Node0_Node8_Zero  [0, 1, 2, 3, 4, 5, 6, 7, 8]  ...                                    33                               33
563  2004622867721_Node0_Node8_Zero  [0, 1, 2, 3, 4, 5, 6, 7, 8]  ...                                    33                               33
564  2004631063696_Node0_Node8_Zero  [0, 1, 2, 3, 4, 5, 6, 7, 8]  ...                                    33                               33
565  2004639263200_Node0_Node8_Zero  [0, 1, 2, 3, 4, 5, 6, 7, 8]  ...                                    33                               33

[532 rows x 14 columns]
Parent directory is not in 'WARx' format.
DEBUG Flow file=Flow_Node0-Node8.csv, Extracted src=0, dst=8
DEBUG Route dict candidate=[0, 8]
Unique nodes participated for this flow: [0, 1, 2, 3, 4, 5, 6, 7, 8]
node 0 total drops: 1 drop_expiry 0 0 drop_q_mngmnt 0 0 drop_retry 1 1 drop_overflow 0 0 drop_no_route 0 0
node 1 total drops: 3 drop_expiry 0 0 drop_q_mngmnt 0 0 drop_retry 3 4 drop_overflow 0 0 drop_no_route 0 0
node 2 total drops: 3 drop_expiry 0 0 drop_q_mngmnt 0 0 drop_retry 3 7 drop_overflow 0 0 drop_no_route 0 0
node 3 total drops: 3 drop_expiry 0 0 drop_q_mngmnt 0 0 drop_retry 3 10 drop_overflow 0 0 drop_no_route 0 0
node 4 total drops: 4 drop_expiry 0 0 drop_q_mngmnt 0 0 drop_retry 4 14 drop_overflow 0 0 drop_no_route 0 0
node 5 total drops: 3 drop_expiry 0 0 drop_q_mngmnt 0 0 drop_retry 3 17 drop_overflow 0 0 drop_no_route 0 0
node 6 total drops: 3 drop_expiry 0 0 drop_q_mngmnt 0 0 drop_retry 3 20 drop_overflow 0 0 drop_no_route 0 0
node 7 total drops: 151 drop_expiry 136 136 drop_q_mngmnt 0 0 drop_retry 15 35 drop_overflow 0 0 drop_no_route 0 0
node 8 total drops: 0 drop_expiry 0 136 drop_q_mngmnt 0 0 drop_retry 0 35 drop_overflow 0 0 drop_no_route 0 0
Remove newline from Line 142 in main.py file! Error details: [Errno 2] No such file or directory: '/home/pathey/Workspace/665/665-copy-project-7/Results/phase3_daisy_1000m_mcs_adaptive_2Mbps_0.5inc_1.1dec/timeout_stats.csv'
Error occurred: FileNotFoundError - [Errno 2] No such file or directory: '/home/pathey/Workspace/665/665-copy-project-7/Results/phase3_daisy_1000m_mcs_adaptive_2Mbps_0.5inc_1.1dec/timeout_stats.csv'
                                                                                                                     File Path Run No Packets Generated Packets Received      PDR  Avg Delay #Retransmissions #Forwards  Avg Route Length  %Route Uptime  %HQ Route Uptime Route Switches Packet Drop (Expiry) Packet Drop (Queue Management) Packet Drop (Retry) Packet Drop (Overflow) Packet Drop (No Route) Packet Reinserted (TCP)          Flow_ID
/home/pathey/Workspace/665/665-copy-project-7/Results/phase3_daisy_1000m_mcs_adaptive_2Mbps_0.5inc_1.1dec/Flow_Node0-Node8.csv      1               566               34 0.060071   0.407162              575      3885               8.0            1.0               1.0              0                  136                              0                  35                      0                      0                       0 Flow_Node0-Node8
                                                                                                                          Mean                    566.0             34.0 0.060071   0.407162            575.0    3885.0               8.0            1.0               1.0            0.0                                                                                                                                                               
                                                                                                                        Median                    566.0             34.0 0.060071   0.407162            575.0    3885.0               8.0            1.0               1.0            0.0                                                                                                                                                               
                                                                                                                  95% CI Lower                      NaN              NaN      NaN        NaN              NaN       NaN               NaN            NaN               NaN            NaN                                                                                                                                                               
                                                                                                                  95% CI Upper                      NaN              NaN      NaN        NaN              NaN       NaN               NaN            NaN               NaN            NaN                                                                                                                                                               
Instantaneous PDR data saved to /home/pathey/Workspace/665/665-copy-project-7/Results/phase3_daisy_1000m_mcs_adaptive_2Mbps_0.5inc_1.1dec/instantaneous_pdr.csv

=== Flow-level Summary (All Metrics) ===
Empty DataFrame
Columns: [Pkt ID, Route, Generation Time (in s), First Tx At (in s), Delay (in s), Times Packet Forwarded, Retransmissions, Packet Size (in bytes), Tx Power (in watt), Average Transmission Power in the route (in watt), Min. SINR Along Route, SINR at Flow Dest, Min. Data Rate Along Route (in Mbps), Data Rate at Flow Src (in Mbps), Base Packet ID]
Index: []

Flow Flow_Node0-Node8:
  Packets Generated: 566.00
  Packets Received : 34.00
  PDR              : 0.060
  Avg Delay (s)    : 0.4072
  Max Delay (s)    : 0.6973
  95th %ile Delay(s): 0.6694
  Retransmissions  : 575.00
  Forwards         : 3885.00
  Drops (Expiry)   : 136
  Drops (Queue Mgmt): 0
  Drops (Retry)    : 35
  Drops (Overflow) : 0
  Drops (No Route) : 0
  TCP Reinsertions : 0
Avg:  Packets generated: 566 Packets received: 34 PDR: 0.06007067137809187 Avg delay: 0.40716185294117646 Retransmissions: 575 Packet forwards: 3885 Route length: 8.0 Route uptime: 1.0 HQ Route Uptime: 1.0 Route switches: 0.0 

Plot saved to: /home/pathey/Workspace/665/665-copy-project-7/Results/phase3_daisy_1000m_mcs_adaptive_2Mbps_0.5inc_1.1dec/instantaneous_pdr_plot.png
Delay-over-time plot saved to: /home/pathey/Workspace/665/665-copy-project-7/Results/phase3_daisy_1000m_mcs_adaptive_2Mbps_0.5inc_1.1dec/delay_over_time.png
