Rows with invalid delay (0 or inf):
                             Pkt ID            Route  ...  Min. Data Rate Along Route (in Mbps)  Data Rate at Flow Src (in Mbps)
0    2000016392412_Node0_Node8_Zero  [0, 2, 4, 6, 8]  ...                                    33                               33
1    2000032790479_Node0_Node8_Zero  [0, 2, 4, 6, 8]  ...                                    33                               33
2    2000049179389_Node0_Node8_Zero  [0, 2, 4, 6, 8]  ...                                    33                               33
3    2000065577612_Node0_Node8_Zero  [0, 2, 4, 6, 8]  ...                                    33                               33
4    2000081972796_Node0_Node8_Zero  [0, 2, 4, 6, 8]  ...                                    33                               33
..                              ...              ...  ...                                   ...                              ...
605  2009934436276_Node0_Node8_Zero  [0, 2, 4, 6, 8]  ...                                    11                               11
606  2009950831250_Node0_Node8_Zero  [0, 2, 4, 6, 8]  ...                                    11                               11
607  2009967223122_Node0_Node8_Zero  [0, 2, 4, 6, 8]  ...                                    11                               11
608  2009983612584_Node0_Node8_Zero  [0, 2, 4, 6, 8]  ...                                    11                               11
609  2010000008140_Node0_Node8_Zero  [0, 2, 4, 6, 8]  ...                                    11                               11

[566 rows x 14 columns]
Parent directory is not in 'WARx' format.
DEBUG Flow file=Flow_Node0-Node8.csv, Extracted src=0, dst=8
DEBUG Route dict candidate=[0, 8]
Unique nodes participated for this flow: [0, 2, 4, 6, 8]
node 0 total drops: 378 drop_expiry 262 262 drop_q_mngmnt 0 0 drop_retry 116 116 drop_overflow 0 0 drop_no_route 0 0
node 2 total drops: 570 drop_expiry 551 813 drop_q_mngmnt 0 0 drop_retry 19 135 drop_overflow 0 0 drop_no_route 0 0
node 4 total drops: 33 drop_expiry 0 813 drop_q_mngmnt 0 0 drop_retry 33 168 drop_overflow 0 0 drop_no_route 0 0
node 6 total drops: 33 drop_expiry 0 813 drop_q_mngmnt 0 0 drop_retry 33 201 drop_overflow 0 0 drop_no_route 0 0
node 8 total drops: 0 drop_expiry 0 813 drop_q_mngmnt 0 0 drop_retry 0 201 drop_overflow 0 0 drop_no_route 0 0
                                                                                                                                  File Path Run No Packets Generated Packets Received      PDR  Avg Delay #Retransmissions #Forwards  Avg Route Length  %Route Uptime  %HQ Route Uptime Route Switches Packet Drop (Expiry) Packet Drop (Queue Management) Packet Drop (Retry) Packet Drop (Overflow) Packet Drop (No Route) Packet Reinserted (TCP)          Flow_ID
/home/pathey/Workspace/665/665-copy-project-7/Results/phase2_crossflow_500m_mcs_adaptive_1Mbps_0.75decrement_threshold/Flow_Node0-Node8.csv      1               610               44 0.072131   0.376678             4265        74               4.0            1.0               1.0              0                  813                              0                 201                      0                      0                       0 Flow_Node0-Node8
                                                                                                                                       Mean                    610.0             44.0 0.072131   0.376678           4265.0      74.0               4.0            1.0               1.0            0.0                                                                                                                                                               
                                                                                                                                     Median                    610.0             44.0 0.072131   0.376678           4265.0      74.0               4.0            1.0               1.0            0.0                                                                                                                                                               
                                                                                                                               95% CI Lower                      NaN              NaN      NaN        NaN              NaN       NaN               NaN            NaN               NaN            NaN                                                                                                                                                               
                                                                                                                               95% CI Upper                      NaN              NaN      NaN        NaN              NaN       NaN               NaN            NaN               NaN            NaN                                                                                                                                                               
Instantaneous PDR data saved to /home/pathey/Workspace/665/665-copy-project-7/Results/phase2_crossflow_500m_mcs_adaptive_1Mbps_0.75decrement_threshold/instantaneous_pdr.csv

=== Flow-level Summary (All Metrics) ===
Empty DataFrame
Columns: [Pkt ID, Route, Generation Time (in s), First Tx At (in s), Delay (in s), Times Packet Forwarded, Retransmissions, Packet Size (in bytes), Tx Power (in watt), Average Transmission Power in the route (in watt), Min. SINR Along Route, SINR at Flow Dest, Min. Data Rate Along Route (in Mbps), Data Rate at Flow Src (in Mbps), Base Packet ID]
Index: []

Flow Flow_Node0-Node8:
  Packets Generated: 610.00
  Packets Received : 44.00
  PDR              : 0.072
  Avg Delay (s)    : 0.3767
  Max Delay (s)    : 0.9328
  95th %ile Delay(s): 0.8750
  Retransmissions  : 4265.00
  Forwards         : 74.00
  Drops (Expiry)   : 813
  Drops (Queue Mgmt): 0
  Drops (Retry)    : 201
  Drops (Overflow) : 0
  Drops (No Route) : 0
  TCP Reinsertions : 0
Avg:  Packets generated: 610 Packets received: 44 PDR: 0.07213114754098361 Avg delay: 0.37667790909090915 Retransmissions: 4265 Packet forwards: 74 Route length: 4.0 Route uptime: 1.0 HQ Route Uptime: 1.0 Route switches: 0.0 

Plot saved to: /home/pathey/Workspace/665/665-copy-project-7/Results/phase2_crossflow_500m_mcs_adaptive_1Mbps_0.75decrement_threshold/instantaneous_pdr_plot.png
Delay-over-time plot saved to: /home/pathey/Workspace/665/665-copy-project-7/Results/phase2_crossflow_500m_mcs_adaptive_1Mbps_0.75decrement_threshold/delay_over_time.png
