Rows with invalid delay (0 or inf):
                              Pkt ID                        Route  ...  Min. Data Rate Along Route (in Mbps)  Data Rate at Flow Src (in Mbps)
0     2000005463450_Node0_Node8_Zero  [0, 1, 2, 3, 4, 5, 6, 7, 8]  ...                                    33                               33
1     2000010932556_Node0_Node8_Zero  [0, 1, 2, 3, 4, 5, 6, 7, 8]  ...                                    33                               33
2     2000016399477_Node0_Node8_Zero  [0, 1, 2, 3, 4, 5, 6, 7, 8]  ...                                    33                               33
3     2000021868395_Node0_Node8_Zero  [0, 1, 2, 3, 4, 5, 6, 7, 8]  ...                                    33                               33
4     2000027333597_Node0_Node8_Zero  [0, 1, 2, 3, 4, 5, 6, 7, 8]  ...                                    33                               33
...                              ...                          ...  ...                                   ...                              ...
1825  2009978300232_Node0_Node8_Zero  [0, 1, 2, 3, 4, 5, 6, 7, 8]  ...                                    11                               11
1826  2009983768804_Node0_Node8_Zero  [0, 1, 2, 3, 4, 5, 6, 7, 8]  ...                                    11                               11
1827  2009989236596_Node0_Node8_Zero  [0, 1, 2, 3, 4, 5, 6, 7, 8]  ...                                    11                               11
1828  2009994703201_Node0_Node8_Zero  [0, 1, 2, 3, 4, 5, 6, 7, 8]  ...                                    11                               11
1829  2010000169608_Node0_Node8_Zero  [0, 1, 2, 3, 4, 5, 6, 7, 8]  ...                                    11                               11

[1753 rows x 14 columns]
Parent directory is not in 'WARx' format.
DEBUG Flow file=Flow_Node0-Node8.csv, Extracted src=0, dst=8
DEBUG Route dict candidate=[0, 8]
Unique nodes participated for this flow: [0, 1, 2, 3, 4, 5, 6, 7, 8]
node 0 total drops: 1521 drop_expiry 1505 1505 drop_q_mngmnt 0 0 drop_retry 16 16 drop_overflow 0 0 drop_no_route 0 0
node 1 total drops: 1736 drop_expiry 1705 3210 drop_q_mngmnt 0 0 drop_retry 31 47 drop_overflow 0 0 drop_no_route 0 0
node 2 total drops: 45 drop_expiry 0 3210 drop_q_mngmnt 0 0 drop_retry 45 92 drop_overflow 0 0 drop_no_route 0 0
node 3 total drops: 44 drop_expiry 0 3210 drop_q_mngmnt 0 0 drop_retry 44 136 drop_overflow 0 0 drop_no_route 0 0
node 4 total drops: 102 drop_expiry 16 3226 drop_q_mngmnt 0 0 drop_retry 86 222 drop_overflow 0 0 drop_no_route 0 0
node 5 total drops: 37 drop_expiry 6 3232 drop_q_mngmnt 0 0 drop_retry 31 253 drop_overflow 0 0 drop_no_route 0 0
node 6 total drops: 94 drop_expiry 72 3304 drop_q_mngmnt 0 0 drop_retry 22 275 drop_overflow 0 0 drop_no_route 0 0
node 7 total drops: 35 drop_expiry 8 3312 drop_q_mngmnt 0 0 drop_retry 27 302 drop_overflow 0 0 drop_no_route 0 0
node 8 total drops: 0 drop_expiry 0 3312 drop_q_mngmnt 0 0 drop_retry 0 302 drop_overflow 0 0 drop_no_route 0 0
                                                                                                                                  File Path Run No Packets Generated Packets Received      PDR  Avg Delay #Retransmissions #Forwards  Avg Route Length  %Route Uptime  %HQ Route Uptime Route Switches Packet Drop (Expiry) Packet Drop (Queue Management) Packet Drop (Retry) Packet Drop (Overflow) Packet Drop (No Route) Packet Reinserted (TCP)          Flow_ID
/home/pathey/Workspace/665/665-copy-project-7/Results/phase2_crossflow_1000m_mcs_adaptive_3Mbps_0.9increment_threshold/Flow_Node0-Node8.csv      1              1830               77 0.042077   1.994586             7527       377               8.0            1.0               1.0              0                 3312                              0                 302                      0                      0                       0 Flow_Node0-Node8
                                                                                                                                       Mean                   1830.0             77.0 0.042077   1.994586           7527.0     377.0               8.0            1.0               1.0            0.0                                                                                                                                                               
                                                                                                                                     Median                   1830.0             77.0 0.042077   1.994586           7527.0     377.0               8.0            1.0               1.0            0.0                                                                                                                                                               
                                                                                                                               95% CI Lower                      NaN              NaN      NaN        NaN              NaN       NaN               NaN            NaN               NaN            NaN                                                                                                                                                               
                                                                                                                               95% CI Upper                      NaN              NaN      NaN        NaN              NaN       NaN               NaN            NaN               NaN            NaN                                                                                                                                                               
Instantaneous PDR data saved to /home/pathey/Workspace/665/665-copy-project-7/Results/phase2_crossflow_1000m_mcs_adaptive_3Mbps_0.9increment_threshold/instantaneous_pdr.csv

=== Flow-level Summary (All Metrics) ===
Empty DataFrame
Columns: [Pkt ID, Route, Generation Time (in s), First Tx At (in s), Delay (in s), Times Packet Forwarded, Retransmissions, Packet Size (in bytes), Tx Power (in watt), Average Transmission Power in the route (in watt), Min. SINR Along Route, SINR at Flow Dest, Min. Data Rate Along Route (in Mbps), Data Rate at Flow Src (in Mbps), Base Packet ID]
Index: []

Flow Flow_Node0-Node8:
  Packets Generated: 1830.00
  Packets Received : 77.00
  PDR              : 0.042
  Avg Delay (s)    : 1.9946
  Max Delay (s)    : 3.0155
  95th %ile Delay(s): 2.8808
  Retransmissions  : 7527.00
  Forwards         : 377.00
  Drops (Expiry)   : 3312
  Drops (Queue Mgmt): 0
  Drops (Retry)    : 302
  Drops (Overflow) : 0
  Drops (No Route) : 0
  TCP Reinsertions : 0
Avg:  Packets generated: 1830 Packets received: 77 PDR: 0.04207650273224044 Avg delay: 1.9945855584415582 Retransmissions: 7527 Packet forwards: 377 Route length: 8.0 Route uptime: 1.0 HQ Route Uptime: 1.0 Route switches: 0.0 

Plot saved to: /home/pathey/Workspace/665/665-copy-project-7/Results/phase2_crossflow_1000m_mcs_adaptive_3Mbps_0.9increment_threshold/instantaneous_pdr_plot.png
Delay-over-time plot saved to: /home/pathey/Workspace/665/665-copy-project-7/Results/phase2_crossflow_1000m_mcs_adaptive_3Mbps_0.9increment_threshold/delay_over_time.png
