Rows with invalid delay (0 or inf):
                              Pkt ID            Route  ...  Min. Data Rate Along Route (in Mbps)  Data Rate at Flow Src (in Mbps)
0     2000008195690_Node0_Node8_Zero  [0, 2, 4, 6, 8]  ...                                    33                               33
1     2000016397037_Node0_Node8_Zero  [0, 2, 4, 6, 8]  ...                                    33                               33
2     2000024594458_Node0_Node8_Zero  [0, 2, 4, 6, 8]  ...                                    33                               33
3     2000032793798_Node0_Node8_Zero  [0, 2, 4, 6, 8]  ...                                    33                               33
4     2000040988557_Node0_Node8_Zero  [0, 2, 4, 6, 8]  ...                                    33                               33
...                              ...              ...  ...                                   ...                              ...
1087  2009926148670_Node0_Node8_Zero  [0, 2, 4, 6, 8]  ...                                    11                               11
1088  2009934349737_Node0_Node8_Zero  [0, 2, 4, 6, 8]  ...                                    11                               11
1090  2009950747959_Node0_Node8_Zero  [0, 2, 4, 6, 8]  ...                                    11                               11
1092  2009967144654_Node0_Node8_Zero  [0, 2, 4, 6, 8]  ...                                    11                               11
1097  2010008127066_Node0_Node8_Zero  [0, 2, 4, 6, 8]  ...                                    11                               11

[307 rows x 14 columns]
Parent directory is not in 'WARx' format.
DEBUG Flow file=Flow_Node0-Node8.csv, Extracted src=0, dst=8
DEBUG Route dict candidate=[0, 8]
Unique nodes participated for this flow: [0, 2, 4, 6, 8]
node 0 total drops: 619 drop_expiry 447 447 drop_q_mngmnt 0 0 drop_retry 172 172 drop_overflow 0 0 drop_no_route 0 0
node 2 total drops: 138 drop_expiry 51 498 drop_q_mngmnt 0 0 drop_retry 87 259 drop_overflow 0 0 drop_no_route 0 0
node 4 total drops: 661 drop_expiry 626 1124 drop_q_mngmnt 0 0 drop_retry 35 294 drop_overflow 0 0 drop_no_route 0 0
node 6 total drops: 44 drop_expiry 17 1141 drop_q_mngmnt 0 0 drop_retry 27 321 drop_overflow 0 0 drop_no_route 0 0
node 8 total drops: 0 drop_expiry 0 1141 drop_q_mngmnt 0 0 drop_retry 0 321 drop_overflow 0 0 drop_no_route 0 0
                                                                                                                              File Path Run No Packets Generated Packets Received     PDR  Avg Delay #Retransmissions #Forwards  Avg Route Length  %Route Uptime  %HQ Route Uptime Route Switches Packet Drop (Expiry) Packet Drop (Queue Management) Packet Drop (Retry) Packet Drop (Overflow) Packet Drop (No Route) Packet Reinserted (TCP)          Flow_ID
/home/pathey/Workspace/665/665-copy-project-7/Results/phase1_daisy_500m_mcs_adaptive_2Mbps_0.95decrement_threshold/Flow_Node0-Node8.csv      1              1221              791 0.64783   1.643911             6256      2599               4.0            1.0               1.0              0                 1141                              0                 321                      0                      0                       0 Flow_Node0-Node8
                                                                                                                                   Mean                   1221.0            791.0 0.64783   1.643911           6256.0    2599.0               4.0            1.0               1.0            0.0                                                                                                                                                               
                                                                                                                                 Median                   1221.0            791.0 0.64783   1.643911           6256.0    2599.0               4.0            1.0               1.0            0.0                                                                                                                                                               
                                                                                                                           95% CI Lower                      NaN              NaN     NaN        NaN              NaN       NaN               NaN            NaN               NaN            NaN                                                                                                                                                               
                                                                                                                           95% CI Upper                      NaN              NaN     NaN        NaN              NaN       NaN               NaN            NaN               NaN            NaN                                                                                                                                                               
Instantaneous PDR data saved to /home/pathey/Workspace/665/665-copy-project-7/Results/phase1_daisy_500m_mcs_adaptive_2Mbps_0.95decrement_threshold/instantaneous_pdr.csv

=== Flow-level Summary (All Metrics) ===
Empty DataFrame
Columns: [Pkt ID, Route, Generation Time (in s), First Tx At (in s), Delay (in s), Times Packet Forwarded, Retransmissions, Packet Size (in bytes), Tx Power (in watt), Average Transmission Power in the route (in watt), Min. SINR Along Route, SINR at Flow Dest, Min. Data Rate Along Route (in Mbps), Data Rate at Flow Src (in Mbps), Base Packet ID]
Index: []

Flow Flow_Node0-Node8:
  Packets Generated: 1221.00
  Packets Received : 791.00
  PDR              : 0.648
  Avg Delay (s)    : 1.6439
  Max Delay (s)    : 3.0033
  95th %ile Delay(s): 2.9839
  Retransmissions  : 6256.00
  Forwards         : 2599.00
  Drops (Expiry)   : 1141
  Drops (Queue Mgmt): 0
  Drops (Retry)    : 321
  Drops (Overflow) : 0
  Drops (No Route) : 0
  TCP Reinsertions : 0
Avg:  Packets generated: 1221 Packets received: 791 PDR: 0.6478296478296478 Avg delay: 1.6439106713021492 Retransmissions: 6256 Packet forwards: 2599 Route length: 4.0 Route uptime: 1.0 HQ Route Uptime: 1.0 Route switches: 0.0 

Plot saved to: /home/pathey/Workspace/665/665-copy-project-7/Results/phase1_daisy_500m_mcs_adaptive_2Mbps_0.95decrement_threshold/instantaneous_pdr_plot.png
Delay-over-time plot saved to: /home/pathey/Workspace/665/665-copy-project-7/Results/phase1_daisy_500m_mcs_adaptive_2Mbps_0.95decrement_threshold/delay_over_time.png
