Rows with invalid delay (0 or inf):
                               Pkt ID                        Route  ...  Min. Data Rate Along Route (in Mbps)  Data Rate at Flow Src (in Mbps)
0      2000005463450_Node0_Node8_Zero  [0, 1, 2, 3, 4, 5, 6, 7, 8]  ...                                    33                               33
1      2000010932556_Node0_Node8_Zero  [0, 1, 2, 3, 4, 5, 6, 7, 8]  ...                                    33                               33
2      2000016395391_Node0_Node8_Zero  [0, 1, 2, 3, 4, 5, 6, 7, 8]  ...                                    33                               33
3      2000021860571_Node0_Node8_Zero  [0, 1, 2, 3, 4, 5, 6, 7, 8]  ...                                    33                               33
4      2000027327671_Node0_Node8_Zero  [0, 1, 2, 3, 4, 5, 6, 7, 8]  ...                                    33                               33
...                               ...                          ...  ...                                   ...                              ...
16969  2099983187259_Node0_Node8_Zero  [0, 1, 2, 3, 4, 5, 6, 7, 8]  ...                                    22                               22
16970  2099988649850_Node0_Node8_Zero  [0, 1, 2, 3, 4, 5, 6, 7, 8]  ...                                    22                               22
16971  2099994112985_Node0_Node8_Zero  [0, 1, 2, 3, 4, 5, 6, 7, 8]  ...                                    22                               22
16972  2099999573094_Node0_Node8_Zero  [0, 1, 2, 3, 4, 5, 6, 7, 8]  ...                                    22                               22
16973  2100005035776_Node0_Node8_Zero  [0, 1, 2, 3, 4, 5, 6, 7, 8]  ...                                    22                               22

[16889 rows x 14 columns]
Parent directory is not in 'WARx' format.
DEBUG Flow file=Flow_Node0-Node8.csv, Extracted src=0, dst=8
DEBUG Route dict candidate=[0, 8]
Unique nodes participated for this flow: [0, 1, 2, 3, 4, 5, 6, 7, 8]
node 0 total drops: 15484 drop_expiry 15447 15447 drop_q_mngmnt 0 0 drop_retry 37 37 drop_overflow 0 0 drop_no_route 0 0
node 1 total drops: 16768 drop_expiry 16732 32179 drop_q_mngmnt 0 0 drop_retry 36 73 drop_overflow 0 0 drop_no_route 0 0
node 2 total drops: 25 drop_expiry 0 32179 drop_q_mngmnt 0 0 drop_retry 25 98 drop_overflow 0 0 drop_no_route 0 0
node 3 total drops: 103 drop_expiry 1 32180 drop_q_mngmnt 0 0 drop_retry 102 200 drop_overflow 0 0 drop_no_route 0 0
node 4 total drops: 158 drop_expiry 95 32275 drop_q_mngmnt 0 0 drop_retry 63 263 drop_overflow 0 0 drop_no_route 0 0
node 5 total drops: 78 drop_expiry 60 32335 drop_q_mngmnt 0 0 drop_retry 18 281 drop_overflow 0 0 drop_no_route 0 0
node 6 total drops: 111 drop_expiry 32 32367 drop_q_mngmnt 0 0 drop_retry 79 360 drop_overflow 0 0 drop_no_route 0 0
node 7 total drops: 40 drop_expiry 24 32391 drop_q_mngmnt 0 0 drop_retry 16 376 drop_overflow 0 0 drop_no_route 0 0
node 8 total drops: 0 drop_expiry 0 32391 drop_q_mngmnt 0 0 drop_retry 0 376 drop_overflow 0 0 drop_no_route 0 0
                                                                                                                     File Path Run No Packets Generated Packets Received      PDR  Avg Delay #Retransmissions #Forwards  Avg Route Length  %Route Uptime  %HQ Route Uptime Route Switches Packet Drop (Expiry) Packet Drop (Queue Management) Packet Drop (Retry) Packet Drop (Overflow) Packet Drop (No Route) Packet Reinserted (TCP)          Flow_ID
/home/pathey/Workspace/665/665-copy-project-7/Results/phase3_daisy_1000m_mcs_adaptive_3Mbps_0.9inc_1.1dec/Flow_Node0-Node8.csv      1             18301               85 0.004645    1.30643            51326       652               8.0            1.0               1.0              0                32391                              0                 376                      0                      0                       0 Flow_Node0-Node8
                                                                                                                          Mean                  18301.0             85.0 0.004645    1.30643          51326.0     652.0               8.0            1.0               1.0            0.0                                                                                                                                                               
                                                                                                                        Median                  18301.0             85.0 0.004645    1.30643          51326.0     652.0               8.0            1.0               1.0            0.0                                                                                                                                                               
                                                                                                                  95% CI Lower                      NaN              NaN      NaN        NaN              NaN       NaN               NaN            NaN               NaN            NaN                                                                                                                                                               
                                                                                                                  95% CI Upper                      NaN              NaN      NaN        NaN              NaN       NaN               NaN            NaN               NaN            NaN                                                                                                                                                               
Instantaneous PDR data saved to /home/pathey/Workspace/665/665-copy-project-7/Results/phase3_daisy_1000m_mcs_adaptive_3Mbps_0.9inc_1.1dec/instantaneous_pdr.csv

=== Flow-level Summary (All Metrics) ===
Empty DataFrame
Columns: [Pkt ID, Route, Generation Time (in s), First Tx At (in s), Delay (in s), Times Packet Forwarded, Retransmissions, Packet Size (in bytes), Tx Power (in watt), Average Transmission Power in the route (in watt), Min. SINR Along Route, SINR at Flow Dest, Min. Data Rate Along Route (in Mbps), Data Rate at Flow Src (in Mbps), Base Packet ID]
Index: []

Flow Flow_Node0-Node8:
  Packets Generated: 18301.00
  Packets Received : 85.00
  PDR              : 0.005
  Avg Delay (s)    : 1.3064
  Max Delay (s)    : 3.0087
  95th %ile Delay(s): 3.0022
  Retransmissions  : 51326.00
  Forwards         : 652.00
  Drops (Expiry)   : 32391
  Drops (Queue Mgmt): 0
  Drops (Retry)    : 376
  Drops (Overflow) : 0
  Drops (No Route) : 0
  TCP Reinsertions : 0
Avg:  Packets generated: 18301 Packets received: 85 PDR: 0.004644554942352877 Avg delay: 1.306429905882353 Retransmissions: 51326 Packet forwards: 652 Route length: 8.0 Route uptime: 1.0 HQ Route Uptime: 1.0 Route switches: 0.0 

Plot saved to: /home/pathey/Workspace/665/665-copy-project-7/Results/phase3_daisy_1000m_mcs_adaptive_3Mbps_0.9inc_1.1dec/instantaneous_pdr_plot.png
Delay-over-time plot saved to: /home/pathey/Workspace/665/665-copy-project-7/Results/phase3_daisy_1000m_mcs_adaptive_3Mbps_0.9inc_1.1dec/delay_over_time.png
