Rows with invalid delay (0 or inf):
                              Pkt ID            Route  ...  Min. Data Rate Along Route (in Mbps)  Data Rate at Flow Src (in Mbps)
122   2000672165611_Node0_Node8_Zero  [0, 2, 4, 6, 8]  ...                                    11                               11
542   2002967299608_Node0_Node8_Zero  [0, 2, 4, 6, 8]  ...                                    11                               11
695   2003803355597_Node0_Node8_Zero  [0, 2, 4, 6, 8]  ...                                    11                               11
968   2005295146639_Node0_Node8_Zero  [0, 2, 4, 6, 8]  ...                                    11                               11
969   2005300609278_Node0_Node8_Zero  [0, 2, 4, 6, 8]  ...                                    11                               11
...                              ...              ...  ...                                   ...                              ...
1820  2009950933212_Node0_Node8_Zero  [0, 2, 4, 6, 8]  ...                                    11                               11
1821  2009956398887_Node0_Node8_Zero  [0, 2, 4, 6, 8]  ...                                    11                               11
1822  2009961859650_Node0_Node8_Zero  [0, 2, 4, 6, 8]  ...                                    11                               11
1826  2009983710003_Node0_Node8_Zero  [0, 2, 4, 6, 8]  ...                                    11                               11
1828  2009994637849_Node0_Node8_Zero  [0, 2, 4, 6, 8]  ...                                    11                               11

[476 rows x 14 columns]
Parent directory is not in 'WARx' format.
DEBUG Flow file=Flow_Node0-Node8.csv, Extracted src=0, dst=8
DEBUG Route dict candidate=[0, 8]
Unique nodes participated for this flow: [0, 2, 4, 6, 8]
node 0 total drops: 7 drop_expiry 0 0 drop_q_mngmnt 0 0 drop_retry 7 7 drop_overflow 0 0 drop_no_route 0 0
node 2 total drops: 17 drop_expiry 17 17 drop_q_mngmnt 0 0 drop_retry 0 7 drop_overflow 0 0 drop_no_route 0 0
node 4 total drops: 145 drop_expiry 145 162 drop_q_mngmnt 0 0 drop_retry 0 7 drop_overflow 0 0 drop_no_route 0 0
node 6 total drops: 307 drop_expiry 307 469 drop_q_mngmnt 0 0 drop_retry 0 7 drop_overflow 0 0 drop_no_route 0 0
node 8 total drops: 0 drop_expiry 0 469 drop_q_mngmnt 0 0 drop_retry 0 7 drop_overflow 0 0 drop_no_route 0 0
                                                                                              File Path Run No Packets Generated Packets Received      PDR  Avg Delay #Retransmissions #Forwards  Avg Route Length  %Route Uptime  %HQ Route Uptime Route Switches Packet Drop (Expiry) Packet Drop (Queue Management) Packet Drop (Retry) Packet Drop (Overflow) Packet Drop (No Route) Packet Reinserted (TCP)          Flow_ID
/home/pathey/Workspace/665/665-copy-project-7/Results/phase1_daisy_500m_mcs0_3Mbps/Flow_Node0-Node8.csv      1              1830             1354 0.739891    1.92563             3714      6644               4.0            1.0               1.0              0                  469                              0                   7                      0                      0                       0 Flow_Node0-Node8
                                                                                                   Mean                   1830.0           1354.0 0.739891    1.92563           3714.0    6644.0               4.0            1.0               1.0            0.0                                                                                                                                                               
                                                                                                 Median                   1830.0           1354.0 0.739891    1.92563           3714.0    6644.0               4.0            1.0               1.0            0.0                                                                                                                                                               
                                                                                           95% CI Lower                      NaN              NaN      NaN        NaN              NaN       NaN               NaN            NaN               NaN            NaN                                                                                                                                                               
                                                                                           95% CI Upper                      NaN              NaN      NaN        NaN              NaN       NaN               NaN            NaN               NaN            NaN                                                                                                                                                               
Instantaneous PDR data saved to /home/pathey/Workspace/665/665-copy-project-7/Results/phase1_daisy_500m_mcs0_3Mbps/instantaneous_pdr.csv

=== Flow-level Summary (All Metrics) ===
Empty DataFrame
Columns: [Pkt ID, Route, Generation Time (in s), First Tx At (in s), Delay (in s), Times Packet Forwarded, Retransmissions, Packet Size (in bytes), Tx Power (in watt), Average Transmission Power in the route (in watt), Min. SINR Along Route, SINR at Flow Dest, Min. Data Rate Along Route (in Mbps), Data Rate at Flow Src (in Mbps), Base Packet ID]
Index: []

Flow Flow_Node0-Node8:
  Packets Generated: 1830.00
  Packets Received : 1354.00
  PDR              : 0.740
  Avg Delay (s)    : 1.9256
  Max Delay (s)    : 3.0124
  95th %ile Delay(s): 3.0042
  Retransmissions  : 3714.00
  Forwards         : 6644.00
  Drops (Expiry)   : 469
  Drops (Queue Mgmt): 0
  Drops (Retry)    : 7
  Drops (Overflow) : 0
  Drops (No Route) : 0
  TCP Reinsertions : 0
Avg:  Packets generated: 1830 Packets received: 1354 PDR: 0.7398907103825136 Avg delay: 1.9256302200886264 Retransmissions: 3714 Packet forwards: 6644 Route length: 4.0 Route uptime: 1.0 HQ Route Uptime: 1.0 Route switches: 0.0 

Plot saved to: /home/pathey/Workspace/665/665-copy-project-7/Results/phase1_daisy_500m_mcs0_3Mbps/instantaneous_pdr_plot.png
Delay-over-time plot saved to: /home/pathey/Workspace/665/665-copy-project-7/Results/phase1_daisy_500m_mcs0_3Mbps/delay_over_time.png
