Rows with invalid delay (0 or inf):
                              Pkt ID                        Route  ...  Min. Data Rate Along Route (in Mbps)  Data Rate at Flow Src (in Mbps)
0     2000005463450_Node0_Node8_Zero  [0, 1, 2, 3, 4, 5, 6, 7, 8]  ...                                    33                               33
1     2000010932556_Node0_Node8_Zero  [0, 1, 2, 3, 4, 5, 6, 7, 8]  ...                                    33                               33
2     2000016399477_Node0_Node8_Zero  [0, 1, 2, 3, 4, 5, 6, 7, 8]  ...                                    33                               33
3     2000021868395_Node0_Node8_Zero  [0, 1, 2, 3, 4, 5, 6, 7, 8]  ...                                    33                               33
4     2000027333597_Node0_Node8_Zero  [0, 1, 2, 3, 4, 5, 6, 7, 8]  ...                                    33                               33
...                              ...                          ...  ...                                   ...                              ...
1743  2009978173243_Node0_Node8_Zero  [0, 1, 2, 3, 4, 5, 6, 7, 8]  ...                                    22                               22
1744  2009983634226_Node0_Node8_Zero  [0, 1, 2, 3, 4, 5, 6, 7, 8]  ...                                    22                               22
1745  2009989100700_Node0_Node8_Zero  [0, 1, 2, 3, 4, 5, 6, 7, 8]  ...                                    22                               22
1746  2009994568026_Node0_Node8_Zero  [0, 1, 2, 3, 4, 5, 6, 7, 8]  ...                                    22                               22
1747  2010000027762_Node0_Node8_Zero  [0, 1, 2, 3, 4, 5, 6, 7, 8]  ...                                    22                               22

[1669 rows x 14 columns]
Parent directory is not in 'WARx' format.
DEBUG Flow file=Flow_Node0-Node8.csv, Extracted src=0, dst=8
DEBUG Route dict candidate=[0, 8]
Unique nodes participated for this flow: [0, 1, 2, 3, 4, 5, 6, 7, 8]
node 0 total drops: 1357 drop_expiry 1340 1340 drop_q_mngmnt 0 0 drop_retry 17 17 drop_overflow 0 0 drop_no_route 0 0
node 1 total drops: 1649 drop_expiry 1621 2961 drop_q_mngmnt 0 0 drop_retry 28 45 drop_overflow 0 0 drop_no_route 0 0
node 2 total drops: 42 drop_expiry 0 2961 drop_q_mngmnt 0 0 drop_retry 42 87 drop_overflow 0 0 drop_no_route 0 0
node 3 total drops: 41 drop_expiry 0 2961 drop_q_mngmnt 0 0 drop_retry 41 128 drop_overflow 0 0 drop_no_route 0 0
node 4 total drops: 44 drop_expiry 0 2961 drop_q_mngmnt 0 0 drop_retry 44 172 drop_overflow 0 0 drop_no_route 0 0
node 5 total drops: 89 drop_expiry 0 2961 drop_q_mngmnt 0 0 drop_retry 89 261 drop_overflow 0 0 drop_no_route 0 0
node 6 total drops: 86 drop_expiry 12 2973 drop_q_mngmnt 0 0 drop_retry 74 335 drop_overflow 0 0 drop_no_route 0 0
node 7 total drops: 81 drop_expiry 16 2989 drop_q_mngmnt 0 0 drop_retry 65 400 drop_overflow 0 0 drop_no_route 0 0
node 8 total drops: 0 drop_expiry 0 2989 drop_q_mngmnt 0 0 drop_retry 0 400 drop_overflow 0 0 drop_no_route 0 0
                                                                                                                                  File Path Run No Packets Generated Packets Received      PDR  Avg Delay #Retransmissions #Forwards  Avg Route Length  %Route Uptime  %HQ Route Uptime Route Switches Packet Drop (Expiry) Packet Drop (Queue Management) Packet Drop (Retry) Packet Drop (Overflow) Packet Drop (No Route) Packet Reinserted (TCP)          Flow_ID
/home/pathey/Workspace/665/665-copy-project-7/Results/phase2_crossflow_1200m_mcs_adaptive_3Mbps_0.9increment_threshold/Flow_Node0-Node8.csv      1              1830               79 0.043169   2.554043             8920       295               8.0            1.0               1.0              0                 2989                              0                 400                      0                      0                       0 Flow_Node0-Node8
                                                                                                                                       Mean                   1830.0             79.0 0.043169   2.554043           8920.0     295.0               8.0            1.0               1.0            0.0                                                                                                                                                               
                                                                                                                                     Median                   1830.0             79.0 0.043169   2.554043           8920.0     295.0               8.0            1.0               1.0            0.0                                                                                                                                                               
                                                                                                                               95% CI Lower                      NaN              NaN      NaN        NaN              NaN       NaN               NaN            NaN               NaN            NaN                                                                                                                                                               
                                                                                                                               95% CI Upper                      NaN              NaN      NaN        NaN              NaN       NaN               NaN            NaN               NaN            NaN                                                                                                                                                               
Instantaneous PDR data saved to /home/pathey/Workspace/665/665-copy-project-7/Results/phase2_crossflow_1200m_mcs_adaptive_3Mbps_0.9increment_threshold/instantaneous_pdr.csv

=== Flow-level Summary (All Metrics) ===
Empty DataFrame
Columns: [Pkt ID, Route, Generation Time (in s), First Tx At (in s), Delay (in s), Times Packet Forwarded, Retransmissions, Packet Size (in bytes), Tx Power (in watt), Average Transmission Power in the route (in watt), Min. SINR Along Route, SINR at Flow Dest, Min. Data Rate Along Route (in Mbps), Data Rate at Flow Src (in Mbps), Base Packet ID]
Index: []

Flow Flow_Node0-Node8:
  Packets Generated: 1830.00
  Packets Received : 79.00
  PDR              : 0.043
  Avg Delay (s)    : 2.5540
  Max Delay (s)    : 3.4132
  95th %ile Delay(s): 3.3076
  Retransmissions  : 8920.00
  Forwards         : 295.00
  Drops (Expiry)   : 2989
  Drops (Queue Mgmt): 0
  Drops (Retry)    : 400
  Drops (Overflow) : 0
  Drops (No Route) : 0
  TCP Reinsertions : 0
Avg:  Packets generated: 1830 Packets received: 79 PDR: 0.04316939890710383 Avg delay: 2.5540431139240503 Retransmissions: 8920 Packet forwards: 295 Route length: 8.0 Route uptime: 1.0 HQ Route Uptime: 1.0 Route switches: 0.0 

Plot saved to: /home/pathey/Workspace/665/665-copy-project-7/Results/phase2_crossflow_1200m_mcs_adaptive_3Mbps_0.9increment_threshold/instantaneous_pdr_plot.png
Delay-over-time plot saved to: /home/pathey/Workspace/665/665-copy-project-7/Results/phase2_crossflow_1200m_mcs_adaptive_3Mbps_0.9increment_threshold/delay_over_time.png
