Rows with invalid delay (0 or inf):
                              Pkt ID  ... Data Rate at Flow Src (in Mbps)
4     2000027323412_Node0_Node8_Zero  ...                              11
5     2000032789968_Node0_Node8_Zero  ...                              11
7     2000043717275_Node0_Node8_Zero  ...                              11
9     2000054651051_Node0_Node8_Zero  ...                              11
16    2000092898499_Node0_Node8_Zero  ...                              11
...                              ...  ...                             ...
1821  2009956276641_Node0_Node8_Zero  ...                              33
1822  2009961740832_Node0_Node8_Zero  ...                              33
1823  2009967204086_Node0_Node8_Zero  ...                              33
1824  2009972667141_Node0_Node8_Zero  ...                              33
1825  2009978130391_Node0_Node8_Zero  ...                              33

[1268 rows x 14 columns]
Parent directory is not in 'WARx' format.
DEBUG Flow file=Flow_Node0-Node8.csv, Extracted src=0, dst=8
DEBUG Route dict candidate=[0, 8]
Unique nodes participated for this flow: [0, 1, 2, 3, 4, 5, 6, 7, 8]
node 0 total drops: 222 drop_expiry 67 67 drop_q_mngmnt 0 0 drop_retry 155 155 drop_overflow 0 0 drop_no_route 0 0
node 1 total drops: 175 drop_expiry 97 164 drop_q_mngmnt 0 0 drop_retry 78 233 drop_overflow 0 0 drop_no_route 0 0
node 2 total drops: 222 drop_expiry 179 343 drop_q_mngmnt 0 0 drop_retry 43 276 drop_overflow 0 0 drop_no_route 0 0
node 3 total drops: 384 drop_expiry 344 687 drop_q_mngmnt 0 0 drop_retry 40 316 drop_overflow 0 0 drop_no_route 0 0
node 4 total drops: 439 drop_expiry 397 1084 drop_q_mngmnt 0 0 drop_retry 42 358 drop_overflow 0 0 drop_no_route 0 0
node 5 total drops: 292 drop_expiry 274 1358 drop_q_mngmnt 0 0 drop_retry 18 376 drop_overflow 0 0 drop_no_route 0 0
node 6 total drops: 479 drop_expiry 435 1793 drop_q_mngmnt 0 0 drop_retry 44 420 drop_overflow 0 0 drop_no_route 0 0
node 7 total drops: 341 drop_expiry 300 2093 drop_q_mngmnt 0 0 drop_retry 41 461 drop_overflow 0 0 drop_no_route 0 0
node 8 total drops: 0 drop_expiry 0 2093 drop_q_mngmnt 0 0 drop_retry 0 461 drop_overflow 0 0 drop_no_route 0 0
                                                                                                                                   File Path Run No Packets Generated Packets Received      PDR  Avg Delay #Retransmissions #Forwards  Avg Route Length  %Route Uptime  %HQ Route Uptime Route Switches Packet Drop (Expiry) Packet Drop (Queue Management) Packet Drop (Retry) Packet Drop (Overflow) Packet Drop (No Route) Packet Reinserted (TCP)          Flow_ID
/home/pathey/Workspace/665/665-copy-project-7/Results/phase2_crossflow_1000m_mcs_adaptive_3Mbps_0.75decrement_threshold/Flow_Node0-Node8.csv      1              1831              558 0.304752   2.719315             8936      8384               8.0            1.0               1.0              0                 2093                              0                 461                      0                      0                       0 Flow_Node0-Node8
                                                                                                                                        Mean                   1831.0            558.0 0.304752   2.719315           8936.0    8384.0               8.0            1.0               1.0            0.0                                                                                                                                                               
                                                                                                                                      Median                   1831.0            558.0 0.304752   2.719315           8936.0    8384.0               8.0            1.0               1.0            0.0                                                                                                                                                               
                                                                                                                                95% CI Lower                      NaN              NaN      NaN        NaN              NaN       NaN               NaN            NaN               NaN            NaN                                                                                                                                                               
                                                                                                                                95% CI Upper                      NaN              NaN      NaN        NaN              NaN       NaN               NaN            NaN               NaN            NaN                                                                                                                                                               
Instantaneous PDR data saved to /home/pathey/Workspace/665/665-copy-project-7/Results/phase2_crossflow_1000m_mcs_adaptive_3Mbps_0.75decrement_threshold/instantaneous_pdr.csv

=== Flow-level Summary (All Metrics) ===
Empty DataFrame
Columns: [Pkt ID, Route, Generation Time (in s), First Tx At (in s), Delay (in s), Times Packet Forwarded, Retransmissions, Packet Size (in bytes), Tx Power (in watt), Average Transmission Power in the route (in watt), Min. SINR Along Route, SINR at Flow Dest, Min. Data Rate Along Route (in Mbps), Data Rate at Flow Src (in Mbps), Base Packet ID]
Index: []

Flow Flow_Node0-Node8:
  Packets Generated: 1831.00
  Packets Received : 558.00
  PDR              : 0.305
  Avg Delay (s)    : 2.7193
  Max Delay (s)    : 3.1098
  95th %ile Delay(s): 3.0201
  Retransmissions  : 8936.00
  Forwards         : 8384.00
  Drops (Expiry)   : 2093
  Drops (Queue Mgmt): 0
  Drops (Retry)    : 461
  Drops (Overflow) : 0
  Drops (No Route) : 0
  TCP Reinsertions : 0
Avg:  Packets generated: 1831 Packets received: 558 PDR: 0.3047515019115238 Avg delay: 2.7193146612903227 Retransmissions: 8936 Packet forwards: 8384 Route length: 8.0 Route uptime: 1.0 HQ Route Uptime: 1.0 Route switches: 0.0 

Plot saved to: /home/pathey/Workspace/665/665-copy-project-7/Results/phase2_crossflow_1000m_mcs_adaptive_3Mbps_0.75decrement_threshold/instantaneous_pdr_plot.png
Delay-over-time plot saved to: /home/pathey/Workspace/665/665-copy-project-7/Results/phase2_crossflow_1000m_mcs_adaptive_3Mbps_0.75decrement_threshold/delay_over_time.png
