Rows with invalid delay (0 or inf):
                               Pkt ID                        Route  ...  Min. Data Rate Along Route (in Mbps)  Data Rate at Flow Src (in Mbps)
0      2000005463450_Node0_Node8_Zero  [0, 1, 2, 3, 4, 5, 6, 7, 8]  ...                                    22                               22
1      2000010932556_Node0_Node8_Zero  [0, 1, 2, 3, 4, 5, 6, 7, 8]  ...                                    22                               22
2      2000016395209_Node0_Node8_Zero  [0, 1, 2, 3, 4, 5, 6, 7, 8]  ...                                    22                               22
3      2000021860233_Node0_Node8_Zero  [0, 1, 2, 3, 4, 5, 6, 7, 8]  ...                                    22                               22
4      2000027321278_Node0_Node8_Zero  [0, 1, 2, 3, 4, 5, 6, 7, 8]  ...                                    22                               22
...                               ...                          ...  ...                                   ...                              ...
18295  2099978336379_Node0_Node8_Zero  [0, 1, 2, 3, 4, 5, 6, 7, 8]  ...                                    22                               22
18296  2099983797548_Node0_Node8_Zero  [0, 1, 2, 3, 4, 5, 6, 7, 8]  ...                                    22                               22
18297  2099989261858_Node0_Node8_Zero  [0, 1, 2, 3, 4, 5, 6, 7, 8]  ...                                    22                               22
18298  2099994721761_Node0_Node8_Zero  [0, 1, 2, 3, 4, 5, 6, 7, 8]  ...                                    22                               22
18299  2100000183311_Node0_Node8_Zero  [0, 1, 2, 3, 4, 5, 6, 7, 8]  ...                                    22                               22

[5537 rows x 14 columns]
Parent directory is not in 'WARx' format.
DEBUG Flow file=Flow_Node0-Node8.csv, Extracted src=0, dst=8
DEBUG Route dict candidate=[0, 8]
Unique nodes participated for this flow: [0, 1, 2, 3, 4, 5, 6, 7, 8]
node 0 total drops: 266 drop_expiry 0 0 drop_q_mngmnt 0 0 drop_retry 266 266 drop_overflow 0 0 drop_no_route 0 0
node 1 total drops: 93 drop_expiry 0 0 drop_q_mngmnt 0 0 drop_retry 93 359 drop_overflow 0 0 drop_no_route 0 0
node 2 total drops: 409 drop_expiry 406 406 drop_q_mngmnt 0 0 drop_retry 3 362 drop_overflow 0 0 drop_no_route 0 0
node 3 total drops: 672 drop_expiry 669 1075 drop_q_mngmnt 0 0 drop_retry 3 365 drop_overflow 0 0 drop_no_route 0 0
node 4 total drops: 1017 drop_expiry 1015 2090 drop_q_mngmnt 0 0 drop_retry 2 367 drop_overflow 0 0 drop_no_route 0 0
node 5 total drops: 1239 drop_expiry 1237 3327 drop_q_mngmnt 0 0 drop_retry 2 369 drop_overflow 0 0 drop_no_route 0 0
node 6 total drops: 1109 drop_expiry 1107 4434 drop_q_mngmnt 0 0 drop_retry 2 371 drop_overflow 0 0 drop_no_route 0 0
node 7 total drops: 1033 drop_expiry 1031 5465 drop_q_mngmnt 0 0 drop_retry 2 373 drop_overflow 0 0 drop_no_route 0 0
node 8 total drops: 0 drop_expiry 0 5465 drop_q_mngmnt 0 0 drop_retry 0 373 drop_overflow 0 0 drop_no_route 0 0
                                                                                                   File Path Run No Packets Generated Packets Received      PDR  Avg Delay #Retransmissions #Forwards  Avg Route Length  %Route Uptime  %HQ Route Uptime Route Switches Packet Drop (Expiry) Packet Drop (Queue Management) Packet Drop (Retry) Packet Drop (Overflow) Packet Drop (No Route) Packet Reinserted (TCP)          Flow_ID
/home/pathey/Workspace/665/665-copy-project-7/Results/phase3_crossflow_1000m_mcs1_3Mbps/Flow_Node0-Node8.csv      1             18300            12763 0.697432   2.588543            49596    127538               8.0            1.0               1.0              0                 5465                              0                 373                      0                      0                       0 Flow_Node0-Node8
                                                                                                        Mean                  18300.0          12763.0 0.697432   2.588543          49596.0  127538.0               8.0            1.0               1.0            0.0                                                                                                                                                               
                                                                                                      Median                  18300.0          12763.0 0.697432   2.588543          49596.0  127538.0               8.0            1.0               1.0            0.0                                                                                                                                                               
                                                                                                95% CI Lower                      NaN              NaN      NaN        NaN              NaN       NaN               NaN            NaN               NaN            NaN                                                                                                                                                               
                                                                                                95% CI Upper                      NaN              NaN      NaN        NaN              NaN       NaN               NaN            NaN               NaN            NaN                                                                                                                                                               
Instantaneous PDR data saved to /home/pathey/Workspace/665/665-copy-project-7/Results/phase3_crossflow_1000m_mcs1_3Mbps/instantaneous_pdr.csv

=== Flow-level Summary (All Metrics) ===
Empty DataFrame
Columns: [Pkt ID, Route, Generation Time (in s), First Tx At (in s), Delay (in s), Times Packet Forwarded, Retransmissions, Packet Size (in bytes), Tx Power (in watt), Average Transmission Power in the route (in watt), Min. SINR Along Route, SINR at Flow Dest, Min. Data Rate Along Route (in Mbps), Data Rate at Flow Src (in Mbps), Base Packet ID]
Index: []

Flow Flow_Node0-Node8:
  Packets Generated: 18300.00
  Packets Received : 12763.00
  PDR              : 0.697
  Avg Delay (s)    : 2.5885
  Max Delay (s)    : 3.0295
  95th %ile Delay(s): 3.0008
  Retransmissions  : 49596.00
  Forwards         : 127538.00
  Drops (Expiry)   : 5465
  Drops (Queue Mgmt): 0
  Drops (Retry)    : 373
  Drops (Overflow) : 0
  Drops (No Route) : 0
  TCP Reinsertions : 0
Avg:  Packets generated: 18300 Packets received: 12763 PDR: 0.697431693989071 Avg delay: 2.5885433856460076 Retransmissions: 49596 Packet forwards: 127538 Route length: 8.0 Route uptime: 1.0 HQ Route Uptime: 1.0 Route switches: 0.0 

Plot saved to: /home/pathey/Workspace/665/665-copy-project-7/Results/phase3_crossflow_1000m_mcs1_3Mbps/instantaneous_pdr_plot.png
Delay-over-time plot saved to: /home/pathey/Workspace/665/665-copy-project-7/Results/phase3_crossflow_1000m_mcs1_3Mbps/delay_over_time.png
