Rows with invalid delay (0 or inf):
                              Pkt ID                        Route  ...  Min. Data Rate Along Route (in Mbps)  Data Rate at Flow Src (in Mbps)
0     2000005463450_Node0_Node8_Zero  [0, 1, 2, 3, 4, 5, 6, 7, 8]  ...                                    33                               33
1     2000010932556_Node0_Node8_Zero  [0, 1, 2, 3, 4, 5, 6, 7, 8]  ...                                    33                               33
2     2000016399477_Node0_Node8_Zero  [0, 1, 2, 3, 4, 5, 6, 7, 8]  ...                                    33                               33
3     2000021868395_Node0_Node8_Zero  [0, 1, 2, 3, 4, 5, 6, 7, 8]  ...                                    33                               33
4     2000027333597_Node0_Node8_Zero  [0, 1, 2, 3, 4, 5, 6, 7, 8]  ...                                    33                               33
...                              ...                          ...  ...                                   ...                              ...
1580  2009972633867_Node0_Node8_Zero  [0, 1, 2, 3, 4, 5, 6, 7, 8]  ...                                    11                               11
1581  2009978099758_Node0_Node8_Zero  [0, 1, 2, 3, 4, 5, 6, 7, 8]  ...                                    11                               11
1583  2009989025895_Node0_Node8_Zero  [0, 1, 2, 3, 4, 5, 6, 7, 8]  ...                                    11                               11
1584  2009994490124_Node0_Node8_Zero  [0, 1, 2, 3, 4, 5, 6, 7, 8]  ...                                    11                               11
1585  2009999950858_Node0_Node8_Zero  [0, 1, 2, 3, 4, 5, 6, 7, 8]  ...                                    11                               11

[1430 rows x 14 columns]
Parent directory is not in 'WARx' format.
DEBUG Flow file=Flow_Node0-Node8.csv, Extracted src=0, dst=8
DEBUG Route dict candidate=[0, 8]
Unique nodes participated for this flow: [0, 1, 2, 3, 4, 5, 6, 7, 8]
node 0 total drops: 1759 drop_expiry 1656 1656 drop_q_mngmnt 0 0 drop_retry 103 103 drop_overflow 0 0 drop_no_route 0 0
node 1 total drops: 1364 drop_expiry 1325 2981 drop_q_mngmnt 0 0 drop_retry 39 142 drop_overflow 0 0 drop_no_route 0 0
node 2 total drops: 805 drop_expiry 761 3742 drop_q_mngmnt 0 0 drop_retry 44 186 drop_overflow 0 0 drop_no_route 0 0
node 3 total drops: 499 drop_expiry 452 4194 drop_q_mngmnt 0 0 drop_retry 47 233 drop_overflow 0 0 drop_no_route 0 0
node 4 total drops: 393 drop_expiry 311 4505 drop_q_mngmnt 0 0 drop_retry 82 315 drop_overflow 0 0 drop_no_route 0 0
node 5 total drops: 233 drop_expiry 214 4719 drop_q_mngmnt 0 0 drop_retry 19 334 drop_overflow 0 0 drop_no_route 0 0
node 6 total drops: 225 drop_expiry 182 4901 drop_q_mngmnt 0 0 drop_retry 43 377 drop_overflow 0 0 drop_no_route 0 0
node 7 total drops: 184 drop_expiry 149 5050 drop_q_mngmnt 0 0 drop_retry 35 412 drop_overflow 0 0 drop_no_route 0 0
node 8 total drops: 0 drop_expiry 0 5050 drop_q_mngmnt 0 0 drop_retry 0 412 drop_overflow 0 0 drop_no_route 0 0
                                                                                                                                   File Path Run No Packets Generated Packets Received      PDR  Avg Delay #Retransmissions #Forwards  Avg Route Length  %Route Uptime  %HQ Route Uptime Route Switches Packet Drop (Expiry) Packet Drop (Queue Management) Packet Drop (Retry) Packet Drop (Overflow) Packet Drop (No Route) Packet Reinserted (TCP)          Flow_ID
/home/pathey/Workspace/665/665-copy-project-7/Results/phase2_crossflow_1000m_mcs_adaptive_3Mbps_0.95decrement_threshold/Flow_Node0-Node8.csv      1              1831              157 0.085745   3.009891            12806       330               8.0            1.0               1.0              0                 5050                              0                 412                      0                      0                       0 Flow_Node0-Node8
                                                                                                                                        Mean                   1831.0            157.0 0.085745   3.009891          12806.0     330.0               8.0            1.0               1.0            0.0                                                                                                                                                               
                                                                                                                                      Median                   1831.0            157.0 0.085745   3.009891          12806.0     330.0               8.0            1.0               1.0            0.0                                                                                                                                                               
                                                                                                                                95% CI Lower                      NaN              NaN      NaN        NaN              NaN       NaN               NaN            NaN               NaN            NaN                                                                                                                                                               
                                                                                                                                95% CI Upper                      NaN              NaN      NaN        NaN              NaN       NaN               NaN            NaN               NaN            NaN                                                                                                                                                               
Instantaneous PDR data saved to /home/pathey/Workspace/665/665-copy-project-7/Results/phase2_crossflow_1000m_mcs_adaptive_3Mbps_0.95decrement_threshold/instantaneous_pdr.csv

=== Flow-level Summary (All Metrics) ===
Empty DataFrame
Columns: [Pkt ID, Route, Generation Time (in s), First Tx At (in s), Delay (in s), Times Packet Forwarded, Retransmissions, Packet Size (in bytes), Tx Power (in watt), Average Transmission Power in the route (in watt), Min. SINR Along Route, SINR at Flow Dest, Min. Data Rate Along Route (in Mbps), Data Rate at Flow Src (in Mbps), Base Packet ID]
Index: []

Flow Flow_Node0-Node8:
  Packets Generated: 1831.00
  Packets Received : 157.00
  PDR              : 0.086
  Avg Delay (s)    : 3.0099
  Max Delay (s)    : 3.9426
  95th %ile Delay(s): 3.7124
  Retransmissions  : 12806.00
  Forwards         : 330.00
  Drops (Expiry)   : 5050
  Drops (Queue Mgmt): 0
  Drops (Retry)    : 412
  Drops (Overflow) : 0
  Drops (No Route) : 0
  TCP Reinsertions : 0
Avg:  Packets generated: 1831 Packets received: 157 PDR: 0.08574549426542873 Avg delay: 3.0098912420382167 Retransmissions: 12806 Packet forwards: 330 Route length: 8.0 Route uptime: 1.0 HQ Route Uptime: 1.0 Route switches: 0.0 

Plot saved to: /home/pathey/Workspace/665/665-copy-project-7/Results/phase2_crossflow_1000m_mcs_adaptive_3Mbps_0.95decrement_threshold/instantaneous_pdr_plot.png
Delay-over-time plot saved to: /home/pathey/Workspace/665/665-copy-project-7/Results/phase2_crossflow_1000m_mcs_adaptive_3Mbps_0.95decrement_threshold/delay_over_time.png
