Rows with invalid delay (0 or inf):
                              Pkt ID                        Route  ...  Min. Data Rate Along Route (in Mbps)  Data Rate at Flow Src (in Mbps)
0     2000005463450_Node0_Node8_Zero  [0, 1, 2, 3, 4, 5, 6, 7, 8]  ...                                    33                               33
1     2000010932556_Node0_Node8_Zero  [0, 1, 2, 3, 4, 5, 6, 7, 8]  ...                                    33                               33
2     2000016399477_Node0_Node8_Zero  [0, 1, 2, 3, 4, 5, 6, 7, 8]  ...                                    33                               33
3     2000021868395_Node0_Node8_Zero  [0, 1, 2, 3, 4, 5, 6, 7, 8]  ...                                    33                               33
4     2000027333597_Node0_Node8_Zero  [0, 1, 2, 3, 4, 5, 6, 7, 8]  ...                                    33                               33
...                              ...                          ...  ...                                   ...                              ...
1771  2009978285451_Node0_Node8_Zero  [0, 1, 2, 3, 4, 5, 6, 7, 8]  ...                                    11                               11
1772  2009983745777_Node0_Node8_Zero  [0, 1, 2, 3, 4, 5, 6, 7, 8]  ...                                    11                               11
1773  2009989212390_Node0_Node8_Zero  [0, 1, 2, 3, 4, 5, 6, 7, 8]  ...                                    11                               11
1774  2009994674928_Node0_Node8_Zero  [0, 1, 2, 3, 4, 5, 6, 7, 8]  ...                                    11                               11
1775  2010000138098_Node0_Node8_Zero  [0, 1, 2, 3, 4, 5, 6, 7, 8]  ...                                    11                               11

[1580 rows x 14 columns]
Parent directory is not in 'WARx' format.
DEBUG Flow file=Flow_Node0-Node8.csv, Extracted src=0, dst=8
DEBUG Route dict candidate=[0, 8]
Unique nodes participated for this flow: [0, 1, 2, 3, 4, 5, 6, 7, 8]
node 0 total drops: 1652 drop_expiry 1564 1564 drop_q_mngmnt 0 0 drop_retry 88 88 drop_overflow 0 0 drop_no_route 0 0
node 1 total drops: 1425 drop_expiry 1386 2950 drop_q_mngmnt 0 0 drop_retry 39 127 drop_overflow 0 0 drop_no_route 0 0
node 2 total drops: 908 drop_expiry 859 3809 drop_q_mngmnt 0 0 drop_retry 49 176 drop_overflow 0 0 drop_no_route 0 0
node 3 total drops: 524 drop_expiry 472 4281 drop_q_mngmnt 0 0 drop_retry 52 228 drop_overflow 0 0 drop_no_route 0 0
node 4 total drops: 373 drop_expiry 303 4584 drop_q_mngmnt 0 0 drop_retry 70 298 drop_overflow 0 0 drop_no_route 0 0
node 5 total drops: 325 drop_expiry 233 4817 drop_q_mngmnt 0 0 drop_retry 92 390 drop_overflow 0 0 drop_no_route 0 0
node 6 total drops: 272 drop_expiry 198 5015 drop_q_mngmnt 0 0 drop_retry 74 464 drop_overflow 0 0 drop_no_route 0 0
node 7 total drops: 189 drop_expiry 134 5149 drop_q_mngmnt 0 0 drop_retry 55 519 drop_overflow 0 0 drop_no_route 0 0
node 8 total drops: 0 drop_expiry 0 5149 drop_q_mngmnt 0 0 drop_retry 0 519 drop_overflow 0 0 drop_no_route 0 0
                                                                                                                                   File Path Run No Packets Generated Packets Received      PDR  Avg Delay #Retransmissions #Forwards  Avg Route Length  %Route Uptime  %HQ Route Uptime Route Switches Packet Drop (Expiry) Packet Drop (Queue Management) Packet Drop (Retry) Packet Drop (Overflow) Packet Drop (No Route) Packet Reinserted (TCP)          Flow_ID
/home/pathey/Workspace/665/665-copy-project-7/Results/phase2_crossflow_1200m_mcs_adaptive_3Mbps_0.75decrement_threshold/Flow_Node0-Node8.csv      1              1830              196 0.107104   2.246403            13326       341               8.0            1.0               1.0              0                 5149                              0                 519                      0                      0                       0 Flow_Node0-Node8
                                                                                                                                        Mean                   1830.0            196.0 0.107104   2.246403          13326.0     341.0               8.0            1.0               1.0            0.0                                                                                                                                                               
                                                                                                                                      Median                   1830.0            196.0 0.107104   2.246403          13326.0     341.0               8.0            1.0               1.0            0.0                                                                                                                                                               
                                                                                                                                95% CI Lower                      NaN              NaN      NaN        NaN              NaN       NaN               NaN            NaN               NaN            NaN                                                                                                                                                               
                                                                                                                                95% CI Upper                      NaN              NaN      NaN        NaN              NaN       NaN               NaN            NaN               NaN            NaN                                                                                                                                                               
Instantaneous PDR data saved to /home/pathey/Workspace/665/665-copy-project-7/Results/phase2_crossflow_1200m_mcs_adaptive_3Mbps_0.75decrement_threshold/instantaneous_pdr.csv

=== Flow-level Summary (All Metrics) ===
Empty DataFrame
Columns: [Pkt ID, Route, Generation Time (in s), First Tx At (in s), Delay (in s), Times Packet Forwarded, Retransmissions, Packet Size (in bytes), Tx Power (in watt), Average Transmission Power in the route (in watt), Min. SINR Along Route, SINR at Flow Dest, Min. Data Rate Along Route (in Mbps), Data Rate at Flow Src (in Mbps), Base Packet ID]
Index: []

Flow Flow_Node0-Node8:
  Packets Generated: 1830.00
  Packets Received : 196.00
  PDR              : 0.107
  Avg Delay (s)    : 2.2464
  Max Delay (s)    : 3.3082
  95th %ile Delay(s): 3.0152
  Retransmissions  : 13326.00
  Forwards         : 341.00
  Drops (Expiry)   : 5149
  Drops (Queue Mgmt): 0
  Drops (Retry)    : 519
  Drops (Overflow) : 0
  Drops (No Route) : 0
  TCP Reinsertions : 0
Avg:  Packets generated: 1830 Packets received: 196 PDR: 0.10710382513661203 Avg delay: 2.2464025816326534 Retransmissions: 13326 Packet forwards: 341 Route length: 8.0 Route uptime: 1.0 HQ Route Uptime: 1.0 Route switches: 0.0 

Plot saved to: /home/pathey/Workspace/665/665-copy-project-7/Results/phase2_crossflow_1200m_mcs_adaptive_3Mbps_0.75decrement_threshold/instantaneous_pdr_plot.png
Delay-over-time plot saved to: /home/pathey/Workspace/665/665-copy-project-7/Results/phase2_crossflow_1200m_mcs_adaptive_3Mbps_0.75decrement_threshold/delay_over_time.png
