Rows with invalid delay (0 or inf):
                               Pkt ID                        Route  ...  Min. Data Rate Along Route (in Mbps)  Data Rate at Flow Src (in Mbps)
0      2000005463450_Node0_Node8_Zero  [0, 1, 2, 3, 4, 5, 6, 7, 8]  ...                                    33                               33
1      2000010932556_Node0_Node8_Zero  [0, 1, 2, 3, 4, 5, 6, 7, 8]  ...                                    33                               33
2      2000016395391_Node0_Node8_Zero  [0, 1, 2, 3, 4, 5, 6, 7, 8]  ...                                    33                               33
3      2000021860571_Node0_Node8_Zero  [0, 1, 2, 3, 4, 5, 6, 7, 8]  ...                                    33                               33
4      2000027327671_Node0_Node8_Zero  [0, 1, 2, 3, 4, 5, 6, 7, 8]  ...                                    33                               33
...                               ...                          ...  ...                                   ...                              ...
16769  2099983505119_Node0_Node8_Zero  [0, 1, 2, 3, 4, 5, 6, 7, 8]  ...                                    22                               22
16770  2099988965332_Node0_Node8_Zero  [0, 1, 2, 3, 4, 5, 6, 7, 8]  ...                                    22                               22
16771  2099994432990_Node0_Node8_Zero  [0, 1, 2, 3, 4, 5, 6, 7, 8]  ...                                    22                               22
16772  2099999896694_Node0_Node8_Zero  [0, 1, 2, 3, 4, 5, 6, 7, 8]  ...                                    22                               22
16773  2100005365151_Node0_Node8_Zero  [0, 1, 2, 3, 4, 5, 6, 7, 8]  ...                                    22                               22

[16682 rows x 14 columns]
Parent directory is not in 'WARx' format.
DEBUG Flow file=Flow_Node0-Node8.csv, Extracted src=0, dst=8
DEBUG Route dict candidate=[0, 8]
Unique nodes participated for this flow: [0, 1, 2, 3, 4, 5, 6, 7, 8]
node 0 total drops: 15892 drop_expiry 15830 15830 drop_q_mngmnt 0 0 drop_retry 62 62 drop_overflow 0 0 drop_no_route 0 0
node 1 total drops: 16510 drop_expiry 16476 32306 drop_q_mngmnt 0 0 drop_retry 34 96 drop_overflow 0 0 drop_no_route 0 0
node 2 total drops: 510 drop_expiry 473 32779 drop_q_mngmnt 0 0 drop_retry 37 133 drop_overflow 0 0 drop_no_route 0 0
node 3 total drops: 118 drop_expiry 79 32858 drop_q_mngmnt 0 0 drop_retry 39 172 drop_overflow 0 0 drop_no_route 0 0
node 4 total drops: 132 drop_expiry 48 32906 drop_q_mngmnt 0 0 drop_retry 84 256 drop_overflow 0 0 drop_no_route 0 0
node 5 total drops: 64 drop_expiry 27 32933 drop_q_mngmnt 0 0 drop_retry 37 293 drop_overflow 0 0 drop_no_route 0 0
node 6 total drops: 108 drop_expiry 26 32959 drop_q_mngmnt 0 0 drop_retry 82 375 drop_overflow 0 0 drop_no_route 0 0
node 7 total drops: 41 drop_expiry 8 32967 drop_q_mngmnt 0 0 drop_retry 33 408 drop_overflow 0 0 drop_no_route 0 0
node 8 total drops: 0 drop_expiry 0 32967 drop_q_mngmnt 0 0 drop_retry 0 408 drop_overflow 0 0 drop_no_route 0 0
                                                                                                                     File Path Run No Packets Generated Packets Received      PDR  Avg Delay #Retransmissions #Forwards  Avg Route Length  %Route Uptime  %HQ Route Uptime Route Switches Packet Drop (Expiry) Packet Drop (Queue Management) Packet Drop (Retry) Packet Drop (Overflow) Packet Drop (No Route) Packet Reinserted (TCP)          Flow_ID
/home/pathey/Workspace/665/665-copy-project-7/Results/phase3_daisy_1000m_mcs_adaptive_3Mbps_1.1inc_1.3dec/Flow_Node0-Node8.csv      1             18301               92 0.005027   1.431455            53942       381               8.0            1.0               1.0              0                32967                              0                 408                      0                      0                       0 Flow_Node0-Node8
                                                                                                                          Mean                  18301.0             92.0 0.005027   1.431455          53942.0     381.0               8.0            1.0               1.0            0.0                                                                                                                                                               
                                                                                                                        Median                  18301.0             92.0 0.005027   1.431455          53942.0     381.0               8.0            1.0               1.0            0.0                                                                                                                                                               
                                                                                                                  95% CI Lower                      NaN              NaN      NaN        NaN              NaN       NaN               NaN            NaN               NaN            NaN                                                                                                                                                               
                                                                                                                  95% CI Upper                      NaN              NaN      NaN        NaN              NaN       NaN               NaN            NaN               NaN            NaN                                                                                                                                                               
Instantaneous PDR data saved to /home/pathey/Workspace/665/665-copy-project-7/Results/phase3_daisy_1000m_mcs_adaptive_3Mbps_1.1inc_1.3dec/instantaneous_pdr.csv

=== Flow-level Summary (All Metrics) ===
Empty DataFrame
Columns: [Pkt ID, Route, Generation Time (in s), First Tx At (in s), Delay (in s), Times Packet Forwarded, Retransmissions, Packet Size (in bytes), Tx Power (in watt), Average Transmission Power in the route (in watt), Min. SINR Along Route, SINR at Flow Dest, Min. Data Rate Along Route (in Mbps), Data Rate at Flow Src (in Mbps), Base Packet ID]
Index: []

Flow Flow_Node0-Node8:
  Packets Generated: 18301.00
  Packets Received : 92.00
  PDR              : 0.005
  Avg Delay (s)    : 1.4315
  Max Delay (s)    : 3.0066
  95th %ile Delay(s): 3.0012
  Retransmissions  : 53942.00
  Forwards         : 381.00
  Drops (Expiry)   : 32967
  Drops (Queue Mgmt): 0
  Drops (Retry)    : 408
  Drops (Overflow) : 0
  Drops (No Route) : 0
  TCP Reinsertions : 0
Avg:  Packets generated: 18301 Packets received: 92 PDR: 0.0050270477023113495 Avg delay: 1.4314546304347826 Retransmissions: 53942 Packet forwards: 381 Route length: 8.0 Route uptime: 1.0 HQ Route Uptime: 1.0 Route switches: 0.0 

Plot saved to: /home/pathey/Workspace/665/665-copy-project-7/Results/phase3_daisy_1000m_mcs_adaptive_3Mbps_1.1inc_1.3dec/instantaneous_pdr_plot.png
Delay-over-time plot saved to: /home/pathey/Workspace/665/665-copy-project-7/Results/phase3_daisy_1000m_mcs_adaptive_3Mbps_1.1inc_1.3dec/delay_over_time.png
