Rows with invalid delay (0 or inf):
                              Pkt ID  ... Data Rate at Flow Src (in Mbps)
0     2000005463450_Node0_Node8_Zero  ...                              33
1     2000010932556_Node0_Node8_Zero  ...                              33
2     2000016395391_Node0_Node8_Zero  ...                              33
3     2000021860571_Node0_Node8_Zero  ...                              33
4     2000027327671_Node0_Node8_Zero  ...                              33
5     2000032790189_Node0_Node8_Zero  ...                              33
6     2000038254113_Node0_Node8_Zero  ...                              33
7     2000043719380_Node0_Node8_Zero  ...                              33
8     2000049183443_Node0_Node8_Zero  ...                              33
9     2000054647395_Node0_Node8_Zero  ...                              33
10    2000060113699_Node0_Node8_Zero  ...                              33
11    2000065574836_Node0_Node8_Zero  ...                              33
12    2000071034742_Node0_Node8_Zero  ...                              33
13    2000076495792_Node0_Node8_Zero  ...                              33
14    2000081963686_Node0_Node8_Zero  ...                              33
15    2000087426809_Node0_Node8_Zero  ...                              33
16    2000092887965_Node0_Node8_Zero  ...                              33
17    2000098352587_Node0_Node8_Zero  ...                              33
18    2000103819491_Node0_Node8_Zero  ...                              33
19    2000109286041_Node0_Node8_Zero  ...                              33
20    2000114750170_Node0_Node8_Zero  ...                              33
21    2000120214772_Node0_Node8_Zero  ...                              33
185   2001016427780_Node0_Node8_Zero  ...                              33
1827  2009988998276_Node0_Node8_Zero  ...                              33
1828  2009994460912_Node0_Node8_Zero  ...                              33
1829  2009999920462_Node0_Node8_Zero  ...                              33
1830  2010005381833_Node0_Node8_Zero  ...                              33

[27 rows x 14 columns]
Parent directory is not in 'WARx' format.
DEBUG Flow file=Flow_Node0-Node8.csv, Extracted src=0, dst=8
DEBUG Route dict candidate=[0, 8]
Unique nodes participated for this flow: [0, 1, 2, 3, 4, 5, 6, 7, 8]
node 0 total drops: 2 drop_expiry 0 0 drop_q_mngmnt 0 0 drop_retry 2 2 drop_overflow 0 0 drop_no_route 0 0
node 1 total drops: 3 drop_expiry 0 0 drop_q_mngmnt 0 0 drop_retry 3 5 drop_overflow 0 0 drop_no_route 0 0
node 2 total drops: 7 drop_expiry 4 4 drop_q_mngmnt 0 0 drop_retry 3 8 drop_overflow 0 0 drop_no_route 0 0
node 3 total drops: 3 drop_expiry 0 4 drop_q_mngmnt 0 0 drop_retry 3 11 drop_overflow 0 0 drop_no_route 0 0
node 4 total drops: 3 drop_expiry 0 4 drop_q_mngmnt 0 0 drop_retry 3 14 drop_overflow 0 0 drop_no_route 0 0
node 5 total drops: 3 drop_expiry 0 4 drop_q_mngmnt 0 0 drop_retry 3 17 drop_overflow 0 0 drop_no_route 0 0
node 6 total drops: 3 drop_expiry 0 4 drop_q_mngmnt 0 0 drop_retry 3 20 drop_overflow 0 0 drop_no_route 0 0
node 7 total drops: 3 drop_expiry 0 4 drop_q_mngmnt 0 0 drop_retry 3 23 drop_overflow 0 0 drop_no_route 0 0
node 8 total drops: 0 drop_expiry 0 4 drop_q_mngmnt 0 0 drop_retry 0 23 drop_overflow 0 0 drop_no_route 0 0
                                                                                                      File Path Run No Packets Generated Packets Received      PDR  Avg Delay #Retransmissions #Forwards  Avg Route Length  %Route Uptime  %HQ Route Uptime Route Switches Packet Drop (Expiry) Packet Drop (Queue Management) Packet Drop (Retry) Packet Drop (Overflow) Packet Drop (No Route) Packet Reinserted (TCP)          Flow_ID
/home/peter/Workspace/665/665-copy-project-7/Results/phase1_daisy_1200m_mcs_adaptive_3Mbps/Flow_Node0-Node8.csv      1              1831             1804 0.985254   0.064483             4080     14524               8.0            1.0               1.0              0                    4                              0                  23                      0                      0                       0 Flow_Node0-Node8
                                                                                                           Mean                   1831.0           1804.0 0.985254   0.064483           4080.0   14524.0               8.0            1.0               1.0            0.0                                                                                                                                                               
                                                                                                         Median                   1831.0           1804.0 0.985254   0.064483           4080.0   14524.0               8.0            1.0               1.0            0.0                                                                                                                                                               
                                                                                                   95% CI Lower                      NaN              NaN      NaN        NaN              NaN       NaN               NaN            NaN               NaN            NaN                                                                                                                                                               
                                                                                                   95% CI Upper                      NaN              NaN      NaN        NaN              NaN       NaN               NaN            NaN               NaN            NaN                                                                                                                                                               
Instantaneous PDR data saved to /home/peter/Workspace/665/665-copy-project-7/Results/phase1_daisy_1200m_mcs_adaptive_3Mbps/instantaneous_pdr.csv

=== Flow-level Summary (All Metrics) ===
Empty DataFrame
Columns: [Pkt ID, Route, Generation Time (in s), First Tx At (in s), Delay (in s), Times Packet Forwarded, Retransmissions, Packet Size (in bytes), Tx Power (in watt), Average Transmission Power in the route (in watt), Min. SINR Along Route, SINR at Flow Dest, Min. Data Rate Along Route (in Mbps), Data Rate at Flow Src (in Mbps), Base Packet ID]
Index: []

Flow Flow_Node0-Node8:
  Packets Generated: 1831.00
  Packets Received : 1804.00
  PDR              : 0.985
  Avg Delay (s)    : 0.0645
  Max Delay (s)    : 0.6391
  95th %ile Delay(s): 0.2265
  Retransmissions  : 4080.00
  Forwards         : 14524.00
  Drops (Expiry)   : 4
  Drops (Queue Mgmt): 0
  Drops (Retry)    : 23
  Drops (Overflow) : 0
  Drops (No Route) : 0
  TCP Reinsertions : 0
Avg:  Packets generated: 1831 Packets received: 1804 PDR: 0.9852539595849262 Avg delay: 0.06448308536585366 Retransmissions: 4080 Packet forwards: 14524 Route length: 8.0 Route uptime: 1.0 HQ Route Uptime: 1.0 Route switches: 0.0 

Plot saved to: /home/peter/Workspace/665/665-copy-project-7/Results/phase1_daisy_1200m_mcs_adaptive_3Mbps/instantaneous_pdr_plot.png
Delay-over-time plot saved to: /home/peter/Workspace/665/665-copy-project-7/Results/phase1_daisy_1200m_mcs_adaptive_3Mbps/delay_over_time.png
