Rows with invalid delay (0 or inf):
                             Pkt ID                        Route  ...  Min. Data Rate Along Route (in Mbps)  Data Rate at Flow Src (in Mbps)
0    2000016392412_Node0_Node8_Zero  [0, 1, 2, 3, 4, 5, 6, 7, 8]  ...                                    33                               33
1    2000032790479_Node0_Node8_Zero  [0, 1, 2, 3, 4, 5, 6, 7, 8]  ...                                    33                               33
2    2000049186319_Node0_Node8_Zero  [0, 1, 2, 3, 4, 5, 6, 7, 8]  ...                                    33                               33
3    2000065577449_Node0_Node8_Zero  [0, 1, 2, 3, 4, 5, 6, 7, 8]  ...                                    33                               33
4    2000081968069_Node0_Node8_Zero  [0, 1, 2, 3, 4, 5, 6, 7, 8]  ...                                    33                               33
..                              ...                          ...  ...                                   ...                              ...
606  2009950675063_Node0_Node8_Zero  [0, 1, 2, 3, 4, 5, 6, 7, 8]  ...                                    11                               11
607  2009967063550_Node0_Node8_Zero  [0, 1, 2, 3, 4, 5, 6, 7, 8]  ...                                    11                               11
608  2009983455245_Node0_Node8_Zero  [0, 1, 2, 3, 4, 5, 6, 7, 8]  ...                                    11                               11
609  2009999845030_Node0_Node8_Zero  [0, 1, 2, 3, 4, 5, 6, 7, 8]  ...                                    11                               11
610  2010016237751_Node0_Node8_Zero  [0, 1, 2, 3, 4, 5, 6, 7, 8]  ...                                    11                               11

[490 rows x 14 columns]
Parent directory is not in 'WARx' format.
DEBUG Flow file=Flow_Node0-Node8.csv, Extracted src=0, dst=8
DEBUG Route dict candidate=[0, 8]
Unique nodes participated for this flow: [0, 1, 2, 3, 4, 5, 6, 7, 8]
node 0 total drops: 443 drop_expiry 304 304 drop_q_mngmnt 0 0 drop_retry 139 139 drop_overflow 0 0 drop_no_route 0 0
node 1 total drops: 538 drop_expiry 452 756 drop_q_mngmnt 0 0 drop_retry 86 225 drop_overflow 0 0 drop_no_route 0 0
node 2 total drops: 135 drop_expiry 11 767 drop_q_mngmnt 0 0 drop_retry 124 349 drop_overflow 0 0 drop_no_route 0 0
node 3 total drops: 129 drop_expiry 8 775 drop_q_mngmnt 0 0 drop_retry 121 470 drop_overflow 0 0 drop_no_route 0 0
node 4 total drops: 128 drop_expiry 12 787 drop_q_mngmnt 0 0 drop_retry 116 586 drop_overflow 0 0 drop_no_route 0 0
node 5 total drops: 121 drop_expiry 5 792 drop_q_mngmnt 0 0 drop_retry 116 702 drop_overflow 0 0 drop_no_route 0 0
node 6 total drops: 121 drop_expiry 3 795 drop_q_mngmnt 0 0 drop_retry 118 820 drop_overflow 0 0 drop_no_route 0 0
node 7 total drops: 124 drop_expiry 3 798 drop_q_mngmnt 0 0 drop_retry 121 941 drop_overflow 0 0 drop_no_route 0 0
node 8 total drops: 0 drop_expiry 0 798 drop_q_mngmnt 0 0 drop_retry 0 941 drop_overflow 0 0 drop_no_route 0 0
                                                                                                                                   File Path Run No Packets Generated Packets Received      PDR  Avg Delay #Retransmissions #Forwards  Avg Route Length  %Route Uptime  %HQ Route Uptime Route Switches Packet Drop (Expiry) Packet Drop (Queue Management) Packet Drop (Retry) Packet Drop (Overflow) Packet Drop (No Route) Packet Reinserted (TCP)          Flow_ID
/home/pathey/Workspace/665/665-copy-project-7/Results/phase2_crossflow_1000m_mcs_adaptive_1Mbps_0.75decrement_threshold/Flow_Node0-Node8.csv      1               611              121 0.198036   1.509166             9692       108               8.0            1.0               1.0              0                  798                              0                 941                      0                      0                       0 Flow_Node0-Node8
                                                                                                                                        Mean                    611.0            121.0 0.198036   1.509166           9692.0     108.0               8.0            1.0               1.0            0.0                                                                                                                                                               
                                                                                                                                      Median                    611.0            121.0 0.198036   1.509166           9692.0     108.0               8.0            1.0               1.0            0.0                                                                                                                                                               
                                                                                                                                95% CI Lower                      NaN              NaN      NaN        NaN              NaN       NaN               NaN            NaN               NaN            NaN                                                                                                                                                               
                                                                                                                                95% CI Upper                      NaN              NaN      NaN        NaN              NaN       NaN               NaN            NaN               NaN            NaN                                                                                                                                                               
Instantaneous PDR data saved to /home/pathey/Workspace/665/665-copy-project-7/Results/phase2_crossflow_1000m_mcs_adaptive_1Mbps_0.75decrement_threshold/instantaneous_pdr.csv

=== Flow-level Summary (All Metrics) ===
Empty DataFrame
Columns: [Pkt ID, Route, Generation Time (in s), First Tx At (in s), Delay (in s), Times Packet Forwarded, Retransmissions, Packet Size (in bytes), Tx Power (in watt), Average Transmission Power in the route (in watt), Min. SINR Along Route, SINR at Flow Dest, Min. Data Rate Along Route (in Mbps), Data Rate at Flow Src (in Mbps), Base Packet ID]
Index: []

Flow Flow_Node0-Node8:
  Packets Generated: 611.00
  Packets Received : 121.00
  PDR              : 0.198
  Avg Delay (s)    : 1.5092
  Max Delay (s)    : 3.1119
  95th %ile Delay(s): 2.8117
  Retransmissions  : 9692.00
  Forwards         : 108.00
  Drops (Expiry)   : 798
  Drops (Queue Mgmt): 0
  Drops (Retry)    : 941
  Drops (Overflow) : 0
  Drops (No Route) : 0
  TCP Reinsertions : 0
Avg:  Packets generated: 611 Packets received: 121 PDR: 0.19803600654664485 Avg delay: 1.509166438016529 Retransmissions: 9692 Packet forwards: 108 Route length: 8.0 Route uptime: 1.0 HQ Route Uptime: 1.0 Route switches: 0.0 

Plot saved to: /home/pathey/Workspace/665/665-copy-project-7/Results/phase2_crossflow_1000m_mcs_adaptive_1Mbps_0.75decrement_threshold/instantaneous_pdr_plot.png
Delay-over-time plot saved to: /home/pathey/Workspace/665/665-copy-project-7/Results/phase2_crossflow_1000m_mcs_adaptive_1Mbps_0.75decrement_threshold/delay_over_time.png
