Rows with invalid delay (0 or inf):
                              Pkt ID  ... Data Rate at Flow Src (in Mbps)
1     2000010932556_Node0_Node8_Zero  ...                              11
6     2000038251185_Node0_Node8_Zero  ...                              11
9     2000054644427_Node0_Node8_Zero  ...                              11
15    2000087437962_Node0_Node8_Zero  ...                              11
18    2000103835794_Node0_Node8_Zero  ...                              11
...                              ...  ...                             ...
1826  2009983598851_Node0_Node8_Zero  ...                              11
1827  2009989067083_Node0_Node8_Zero  ...                              11
1828  2009994535653_Node0_Node8_Zero  ...                              11
1829  2009999998912_Node0_Node8_Zero  ...                              11
1830  2010005459412_Node0_Node8_Zero  ...                              11

[1817 rows x 14 columns]
Parent directory is not in 'WARx' format.
DEBUG Flow file=Flow_Node0-Node8.csv, Extracted src=0, dst=8
DEBUG Route dict candidate=[0, 8]
Unique nodes participated for this flow: [0, 1, 2, 3, 4, 5, 6, 7, 8]
node 0 total drops: 1180 drop_expiry 1167 1167 drop_q_mngmnt 0 0 drop_retry 13 13 drop_overflow 0 0 drop_no_route 0 0
node 1 total drops: 1820 drop_expiry 1807 2974 drop_q_mngmnt 0 0 drop_retry 13 26 drop_overflow 0 0 drop_no_route 0 0
node 2 total drops: 15 drop_expiry 0 2974 drop_q_mngmnt 0 0 drop_retry 15 41 drop_overflow 0 0 drop_no_route 0 0
node 3 total drops: 15 drop_expiry 0 2974 drop_q_mngmnt 0 0 drop_retry 15 56 drop_overflow 0 0 drop_no_route 0 0
node 4 total drops: 15 drop_expiry 0 2974 drop_q_mngmnt 0 0 drop_retry 15 71 drop_overflow 0 0 drop_no_route 0 0
node 5 total drops: 15 drop_expiry 0 2974 drop_q_mngmnt 0 0 drop_retry 15 86 drop_overflow 0 0 drop_no_route 0 0
node 6 total drops: 14 drop_expiry 0 2974 drop_q_mngmnt 0 0 drop_retry 14 100 drop_overflow 0 0 drop_no_route 0 0
node 7 total drops: 14 drop_expiry 0 2974 drop_q_mngmnt 0 0 drop_retry 14 114 drop_overflow 0 0 drop_no_route 0 0
node 8 total drops: 0 drop_expiry 0 2974 drop_q_mngmnt 0 0 drop_retry 0 114 drop_overflow 0 0 drop_no_route 0 0
                                                                                                       File Path Run No Packets Generated Packets Received      PDR  Avg Delay #Retransmissions #Forwards  Avg Route Length  %Route Uptime  %HQ Route Uptime Route Switches Packet Drop (Expiry) Packet Drop (Queue Management) Packet Drop (Retry) Packet Drop (Overflow) Packet Drop (No Route) Packet Reinserted (TCP)          Flow_ID
/home/pathey/Workspace/665/665-copy-project-7/Results/phase1_daisy_1000m_mcs_adaptive_3Mbps/Flow_Node0-Node8.csv      1              1831               14 0.007646   0.588499             4944       307               8.0            1.0               1.0              0                 2974                              0                 114                      0                      0                       0 Flow_Node0-Node8
                                                                                                            Mean                   1831.0             14.0 0.007646   0.588499           4944.0     307.0               8.0            1.0               1.0            0.0                                                                                                                                                               
                                                                                                          Median                   1831.0             14.0 0.007646   0.588499           4944.0     307.0               8.0            1.0               1.0            0.0                                                                                                                                                               
                                                                                                    95% CI Lower                      NaN              NaN      NaN        NaN              NaN       NaN               NaN            NaN               NaN            NaN                                                                                                                                                               
                                                                                                    95% CI Upper                      NaN              NaN      NaN        NaN              NaN       NaN               NaN            NaN               NaN            NaN                                                                                                                                                               
Instantaneous PDR data saved to /home/pathey/Workspace/665/665-copy-project-7/Results/phase1_daisy_1000m_mcs_adaptive_3Mbps/instantaneous_pdr.csv

=== Flow-level Summary (All Metrics) ===
Empty DataFrame
Columns: [Pkt ID, Route, Generation Time (in s), First Tx At (in s), Delay (in s), Times Packet Forwarded, Retransmissions, Packet Size (in bytes), Tx Power (in watt), Average Transmission Power in the route (in watt), Min. SINR Along Route, SINR at Flow Dest, Min. Data Rate Along Route (in Mbps), Data Rate at Flow Src (in Mbps), Base Packet ID]
Index: []

Flow Flow_Node0-Node8:
  Packets Generated: 1831.00
  Packets Received : 14.00
  PDR              : 0.008
  Avg Delay (s)    : 0.5885
  Max Delay (s)    : 1.0395
  95th %ile Delay(s): 1.0043
  Retransmissions  : 4944.00
  Forwards         : 307.00
  Drops (Expiry)   : 2974
  Drops (Queue Mgmt): 0
  Drops (Retry)    : 114
  Drops (Overflow) : 0
  Drops (No Route) : 0
  TCP Reinsertions : 0
Avg:  Packets generated: 1831 Packets received: 14 PDR: 0.007646095030038231 Avg delay: 0.5884991428571429 Retransmissions: 4944 Packet forwards: 307 Route length: 8.0 Route uptime: 1.0 HQ Route Uptime: 1.0 Route switches: 0.0 

Plot saved to: /home/pathey/Workspace/665/665-copy-project-7/Results/phase1_daisy_1000m_mcs_adaptive_3Mbps/instantaneous_pdr_plot.png
Delay-over-time plot saved to: /home/pathey/Workspace/665/665-copy-project-7/Results/phase1_daisy_1000m_mcs_adaptive_3Mbps/delay_over_time.png
