Rows with invalid delay (0 or inf):
                              Pkt ID  ... Data Rate at Flow Src (in Mbps)
0     2000005463450_Node0_Node8_Zero  ...                              33
1     2000010932556_Node0_Node8_Zero  ...                              33
2     2000016395391_Node0_Node8_Zero  ...                              33
3     2000021860571_Node0_Node8_Zero  ...                              33
4     2000027327671_Node0_Node8_Zero  ...                              33
...                              ...  ...                             ...
1772  2009983580963_Node0_Node8_Zero  ...                              22
1773  2009989041723_Node0_Node8_Zero  ...                              22
1774  2009994502117_Node0_Node8_Zero  ...                              22
1775  2009999963159_Node0_Node8_Zero  ...                              22
1776  2010005430952_Node0_Node8_Zero  ...                              22

[1263 rows x 14 columns]
Parent directory is not in 'WARx' format.
DEBUG Flow file=Flow_Node0-Node8.csv, Extracted src=0, dst=8
DEBUG Route dict candidate=[0, 8]
Unique nodes participated for this flow: [0, 1, 2, 3, 4, 5, 6, 7, 8]
node 0 total drops: 594 drop_expiry 309 309 drop_q_mngmnt 0 0 drop_retry 285 285 drop_overflow 0 0 drop_no_route 0 0
node 1 total drops: 141 drop_expiry 81 390 drop_q_mngmnt 0 0 drop_retry 60 345 drop_overflow 0 0 drop_no_route 0 0
node 2 total drops: 1127 drop_expiry 1071 1461 drop_q_mngmnt 0 0 drop_retry 56 401 drop_overflow 0 0 drop_no_route 0 0
node 3 total drops: 480 drop_expiry 413 1874 drop_q_mngmnt 0 0 drop_retry 67 468 drop_overflow 0 0 drop_no_route 0 0
node 4 total drops: 51 drop_expiry 43 1917 drop_q_mngmnt 0 0 drop_retry 8 476 drop_overflow 0 0 drop_no_route 0 0
node 5 total drops: 223 drop_expiry 148 2065 drop_q_mngmnt 0 0 drop_retry 75 551 drop_overflow 0 0 drop_no_route 0 0
node 6 total drops: 193 drop_expiry 145 2210 drop_q_mngmnt 0 0 drop_retry 48 599 drop_overflow 0 0 drop_no_route 0 0
node 7 total drops: 376 drop_expiry 306 2516 drop_q_mngmnt 0 0 drop_retry 70 669 drop_overflow 0 0 drop_no_route 0 0
node 8 total drops: 0 drop_expiry 0 2516 drop_q_mngmnt 0 0 drop_retry 0 669 drop_overflow 0 0 drop_no_route 0 0
                                                                                                                              File Path Run No Packets Generated Packets Received      PDR  Avg Delay #Retransmissions #Forwards  Avg Route Length  %Route Uptime  %HQ Route Uptime Route Switches Packet Drop (Expiry) Packet Drop (Queue Management) Packet Drop (Retry) Packet Drop (Overflow) Packet Drop (No Route) Packet Reinserted (TCP)          Flow_ID
/home/pathey/Workspace/665/665-copy-project-7/Results/phase1_daisy_1200m_mcs_adaptive_3Mbps_0.9increment_threshold/Flow_Node0-Node8.csv      1              1831              514 0.280721   2.661059            11388      5890               8.0            1.0               1.0              0                 2516                              0                 669                      0                      0                       0 Flow_Node0-Node8
                                                                                                                                   Mean                   1831.0            514.0 0.280721   2.661059          11388.0    5890.0               8.0            1.0               1.0            0.0                                                                                                                                                               
                                                                                                                                 Median                   1831.0            514.0 0.280721   2.661059          11388.0    5890.0               8.0            1.0               1.0            0.0                                                                                                                                                               
                                                                                                                           95% CI Lower                      NaN              NaN      NaN        NaN              NaN       NaN               NaN            NaN               NaN            NaN                                                                                                                                                               
                                                                                                                           95% CI Upper                      NaN              NaN      NaN        NaN              NaN       NaN               NaN            NaN               NaN            NaN                                                                                                                                                               
Instantaneous PDR data saved to /home/pathey/Workspace/665/665-copy-project-7/Results/phase1_daisy_1200m_mcs_adaptive_3Mbps_0.9increment_threshold/instantaneous_pdr.csv

=== Flow-level Summary (All Metrics) ===
                             Pkt ID  ...             Base Packet ID
163  2000896198686_Node0_Node8_Zero  ...  2000896198686_Node0_Node8
214  2001174870281_Node0_Node8_Zero  ...  2001174870281_Node0_Node8
215  2001180335656_Node0_Node8_Zero  ...  2001180335656_Node0_Node8
216  2001185799144_Node0_Node8_Zero  ...  2001185799144_Node0_Node8

[4 rows x 15 columns]

Flow Flow_Node0-Node8:
  Packets Generated: 1831.00
  Packets Received : 514.00
  PDR              : 0.281
  Avg Delay (s)    : 2.6611
  Max Delay (s)    : 5.2283
  95th %ile Delay(s): 3.7137
  Retransmissions  : 11388.00
  Forwards         : 5890.00
  Drops (Expiry)   : 2516
  Drops (Queue Mgmt): 0
  Drops (Retry)    : 669
  Drops (Overflow) : 0
  Drops (No Route) : 0
  TCP Reinsertions : 0
Avg:  Packets generated: 1831 Packets received: 514 PDR: 0.2807209175314036 Avg delay: 2.661058920233463 Retransmissions: 11388 Packet forwards: 5890 Route length: 8.0 Route uptime: 1.0 HQ Route Uptime: 1.0 Route switches: 0.0 

Plot saved to: /home/pathey/Workspace/665/665-copy-project-7/Results/phase1_daisy_1200m_mcs_adaptive_3Mbps_0.9increment_threshold/instantaneous_pdr_plot.png
Delay-over-time plot saved to: /home/pathey/Workspace/665/665-copy-project-7/Results/phase1_daisy_1200m_mcs_adaptive_3Mbps_0.9increment_threshold/delay_over_time.png
