Rows with invalid delay (0 or inf):
                               Pkt ID                        Route  ...  Min. Data Rate Along Route (in Mbps)  Data Rate at Flow Src (in Mbps)
0      2000004097330_Node0_Node8_Zero  [0, 1, 2, 3, 4, 5, 6, 7, 8]  ...                                    33                               33
1      2000008200315_Node0_Node8_Zero  [0, 1, 2, 3, 4, 5, 6, 7, 8]  ...                                    33                               33
2      2000012301423_Node0_Node8_Zero  [0, 1, 2, 3, 4, 5, 6, 7, 8]  ...                                    33                               33
3      2000016403543_Node0_Node8_Zero  [0, 1, 2, 3, 4, 5, 6, 7, 8]  ...                                    33                               33
4      2000020501001_Node0_Node8_Zero  [0, 1, 2, 3, 4, 5, 6, 7, 8]  ...                                    33                               33
...                               ...                          ...  ...                                   ...                              ...
20546  2099983634353_Node0_Node8_Zero  [0, 1, 2, 3, 4, 5, 6, 7, 8]  ...                                    11                               11
20547  2099987729613_Node0_Node8_Zero  [0, 1, 2, 3, 4, 5, 6, 7, 8]  ...                                    11                               11
20548  2099991831134_Node0_Node8_Zero  [0, 1, 2, 3, 4, 5, 6, 7, 8]  ...                                    11                               11
20549  2099995933649_Node0_Node8_Zero  [0, 1, 2, 3, 4, 5, 6, 7, 8]  ...                                    11                               11
20550  2100000033097_Node0_Node8_Zero  [0, 1, 2, 3, 4, 5, 6, 7, 8]  ...                                    11                               11

[20449 rows x 14 columns]
Parent directory is not in 'WARx' format.
DEBUG Flow file=Flow_Node0-Node8.csv, Extracted src=0, dst=8
DEBUG Route dict candidate=[0, 8]
Unique nodes participated for this flow: [0, 1, 2, 3, 4, 5, 6, 7, 8]
node 0 total drops: 20920 drop_expiry 20795 20795 drop_q_mngmnt 0 0 drop_retry 125 125 drop_overflow 0 0 drop_no_route 0 0
node 1 total drops: 20387 drop_expiry 20309 41104 drop_q_mngmnt 0 0 drop_retry 78 203 drop_overflow 0 0 drop_no_route 0 0
node 2 total drops: 126 drop_expiry 70 41174 drop_q_mngmnt 0 0 drop_retry 56 259 drop_overflow 0 0 drop_no_route 0 0
node 3 total drops: 149 drop_expiry 90 41264 drop_q_mngmnt 0 0 drop_retry 59 318 drop_overflow 0 0 drop_no_route 0 0
node 4 total drops: 161 drop_expiry 89 41353 drop_q_mngmnt 0 0 drop_retry 72 390 drop_overflow 0 0 drop_no_route 0 0
node 5 total drops: 142 drop_expiry 68 41421 drop_q_mngmnt 0 0 drop_retry 74 464 drop_overflow 0 0 drop_no_route 0 0
node 6 total drops: 56 drop_expiry 27 41448 drop_q_mngmnt 0 0 drop_retry 29 493 drop_overflow 0 0 drop_no_route 0 0
node 7 total drops: 115 drop_expiry 80 41528 drop_q_mngmnt 0 0 drop_retry 35 528 drop_overflow 0 0 drop_no_route 0 0
node 8 total drops: 0 drop_expiry 0 41528 drop_q_mngmnt 0 0 drop_retry 0 528 drop_overflow 0 0 drop_no_route 0 0
                                                                                                                     File Path Run No Packets Generated Packets Received     PDR  Avg Delay #Retransmissions #Forwards  Avg Route Length  %Route Uptime  %HQ Route Uptime Route Switches Packet Drop (Expiry) Packet Drop (Queue Management) Packet Drop (Retry) Packet Drop (Overflow) Packet Drop (No Route) Packet Reinserted (TCP)          Flow_ID
/home/pathey/Workspace/665/665-copy-project-7/Results/phase3_daisy_1000m_mcs_adaptive_4Mbps_1.1inc_1.1dec/Flow_Node0-Node8.csv      1             24400              102 0.00418   3.239957            42878       381               8.0            1.0               1.0              0                41528                              0                 528                      0                      0                       0 Flow_Node0-Node8
                                                                                                                          Mean                  24400.0            102.0 0.00418   3.239957          42878.0     381.0               8.0            1.0               1.0            0.0                                                                                                                                                               
                                                                                                                        Median                  24400.0            102.0 0.00418   3.239957          42878.0     381.0               8.0            1.0               1.0            0.0                                                                                                                                                               
                                                                                                                  95% CI Lower                      NaN              NaN     NaN        NaN              NaN       NaN               NaN            NaN               NaN            NaN                                                                                                                                                               
                                                                                                                  95% CI Upper                      NaN              NaN     NaN        NaN              NaN       NaN               NaN            NaN               NaN            NaN                                                                                                                                                               
Instantaneous PDR data saved to /home/pathey/Workspace/665/665-copy-project-7/Results/phase3_daisy_1000m_mcs_adaptive_4Mbps_1.1inc_1.1dec/instantaneous_pdr.csv

=== Flow-level Summary (All Metrics) ===
Empty DataFrame
Columns: [Pkt ID, Route, Generation Time (in s), First Tx At (in s), Delay (in s), Times Packet Forwarded, Retransmissions, Packet Size (in bytes), Tx Power (in watt), Average Transmission Power in the route (in watt), Min. SINR Along Route, SINR at Flow Dest, Min. Data Rate Along Route (in Mbps), Data Rate at Flow Src (in Mbps), Base Packet ID]
Index: []

Flow Flow_Node0-Node8:
  Packets Generated: 24400.00
  Packets Received : 102.00
  PDR              : 0.004
  Avg Delay (s)    : 3.2400
  Max Delay (s)    : 4.1643
  95th %ile Delay(s): 3.8458
  Retransmissions  : 42878.00
  Forwards         : 381.00
  Drops (Expiry)   : 41528
  Drops (Queue Mgmt): 0
  Drops (Retry)    : 528
  Drops (Overflow) : 0
  Drops (No Route) : 0
  TCP Reinsertions : 0
Avg:  Packets generated: 24400 Packets received: 102 PDR: 0.004180327868852459 Avg delay: 3.239956764705882 Retransmissions: 42878 Packet forwards: 381 Route length: 8.0 Route uptime: 1.0 HQ Route Uptime: 1.0 Route switches: 0.0 

Plot saved to: /home/pathey/Workspace/665/665-copy-project-7/Results/phase3_daisy_1000m_mcs_adaptive_4Mbps_1.1inc_1.1dec/instantaneous_pdr_plot.png
Delay-over-time plot saved to: /home/pathey/Workspace/665/665-copy-project-7/Results/phase3_daisy_1000m_mcs_adaptive_4Mbps_1.1inc_1.1dec/delay_over_time.png
