Rows with invalid delay (0 or inf):
                              Pkt ID  ... Data Rate at Flow Src (in Mbps)
0     2000008195690_Node0_Node8_Zero  ...                              33
1     2000016397037_Node0_Node8_Zero  ...                              33
2     2000024594458_Node0_Node8_Zero  ...                              33
3     2000032793798_Node0_Node8_Zero  ...                              33
4     2000040988557_Node0_Node8_Zero  ...                              33
...                              ...  ...                             ...
1056  2009254232462_Node0_Node8_Zero  ...                              33
1057  2009262433369_Node0_Node8_Zero  ...                              33
1058  2009270633500_Node0_Node8_Zero  ...                              33
1059  2009278833966_Node0_Node8_Zero  ...                              33
1060  2009287029925_Node0_Node8_Zero  ...                              33

[133 rows x 14 columns]
Parent directory is not in 'WARx' format.
DEBUG Flow file=Flow_Node0-Node8.csv, Extracted src=0, dst=8
DEBUG Route dict candidate=[0, 8]
Unique nodes participated for this flow: [0, 2, 4, 6, 8]
node 0 total drops: 486 drop_expiry 390 390 drop_q_mngmnt 0 0 drop_retry 96 96 drop_overflow 0 0 drop_no_route 0 0
node 2 total drops: 42 drop_expiry 10 400 drop_q_mngmnt 0 0 drop_retry 32 128 drop_overflow 0 0 drop_no_route 0 0
node 4 total drops: 527 drop_expiry 420 820 drop_q_mngmnt 0 0 drop_retry 107 235 drop_overflow 0 0 drop_no_route 0 0
node 6 total drops: 33 drop_expiry 11 831 drop_q_mngmnt 0 0 drop_retry 22 257 drop_overflow 0 0 drop_no_route 0 0
node 8 total drops: 0 drop_expiry 0 831 drop_q_mngmnt 0 0 drop_retry 0 257 drop_overflow 0 0 drop_no_route 0 0
                                                                                                                              File Path Run No Packets Generated Packets Received      PDR  Avg Delay #Retransmissions #Forwards  Avg Route Length  %Route Uptime  %HQ Route Uptime Route Switches Packet Drop (Expiry) Packet Drop (Queue Management) Packet Drop (Retry) Packet Drop (Overflow) Packet Drop (No Route) Packet Reinserted (TCP)          Flow_ID
/home/pathey/Workspace/665/665-copy-project-7/Results/phase1_daisy_500m_mcs_adaptive_2Mbps_0.75decrement_threshold/Flow_Node0-Node8.csv      1              1220             1015 0.831967   1.547243             5590      3354               4.0            1.0               1.0              0                  831                              0                 257                      0                      0                       0 Flow_Node0-Node8
                                                                                                                                   Mean                   1220.0           1015.0 0.831967   1.547243           5590.0    3354.0               4.0            1.0               1.0            0.0                                                                                                                                                               
                                                                                                                                 Median                   1220.0           1015.0 0.831967   1.547243           5590.0    3354.0               4.0            1.0               1.0            0.0                                                                                                                                                               
                                                                                                                           95% CI Lower                      NaN              NaN      NaN        NaN              NaN       NaN               NaN            NaN               NaN            NaN                                                                                                                                                               
                                                                                                                           95% CI Upper                      NaN              NaN      NaN        NaN              NaN       NaN               NaN            NaN               NaN            NaN                                                                                                                                                               
Instantaneous PDR data saved to /home/pathey/Workspace/665/665-copy-project-7/Results/phase1_daisy_500m_mcs_adaptive_2Mbps_0.75decrement_threshold/instantaneous_pdr.csv

=== Flow-level Summary (All Metrics) ===
Empty DataFrame
Columns: [Pkt ID, Route, Generation Time (in s), First Tx At (in s), Delay (in s), Times Packet Forwarded, Retransmissions, Packet Size (in bytes), Tx Power (in watt), Average Transmission Power in the route (in watt), Min. SINR Along Route, SINR at Flow Dest, Min. Data Rate Along Route (in Mbps), Data Rate at Flow Src (in Mbps), Base Packet ID]
Index: []

Flow Flow_Node0-Node8:
  Packets Generated: 1220.00
  Packets Received : 1015.00
  PDR              : 0.832
  Avg Delay (s)    : 1.5472
  Max Delay (s)    : 3.0059
  95th %ile Delay(s): 2.8778
  Retransmissions  : 5590.00
  Forwards         : 3354.00
  Drops (Expiry)   : 831
  Drops (Queue Mgmt): 0
  Drops (Retry)    : 257
  Drops (Overflow) : 0
  Drops (No Route) : 0
  TCP Reinsertions : 0
Avg:  Packets generated: 1220 Packets received: 1015 PDR: 0.8319672131147541 Avg delay: 1.547243142857143 Retransmissions: 5590 Packet forwards: 3354 Route length: 4.0 Route uptime: 1.0 HQ Route Uptime: 1.0 Route switches: 0.0 

Plot saved to: /home/pathey/Workspace/665/665-copy-project-7/Results/phase1_daisy_500m_mcs_adaptive_2Mbps_0.75decrement_threshold/instantaneous_pdr_plot.png
Delay-over-time plot saved to: /home/pathey/Workspace/665/665-copy-project-7/Results/phase1_daisy_500m_mcs_adaptive_2Mbps_0.75decrement_threshold/delay_over_time.png
