Rows with invalid delay (0 or inf):
                            Pkt ID                        Route  ...  Min. Data Rate Along Route (in Mbps)  Data Rate at Flow Src (in Mbps)
0   2000008195690_Node0_Node8_Zero  [0, 1, 2, 3, 4, 5, 6, 7, 8]  ...                                    22                               22
1   2000016397037_Node0_Node8_Zero  [0, 1, 2, 3, 4, 5, 6, 7, 8]  ...                                    22                               22
2   2000024596198_Node0_Node8_Zero  [0, 1, 2, 3, 4, 5, 6, 7, 8]  ...                                    22                               22
3   2000032791365_Node0_Node8_Zero  [0, 1, 2, 3, 4, 5, 6, 7, 8]  ...                                    22                               22
4   2000040986681_Node0_Node8_Zero  [0, 1, 2, 3, 4, 5, 6, 7, 8]  ...                                    22                               22
5   2000049187368_Node0_Node8_Zero  [0, 1, 2, 3, 4, 5, 6, 7, 8]  ...                                    22                               22
6   2000057381434_Node0_Node8_Zero  [0, 1, 2, 3, 4, 5, 6, 7, 8]  ...                                    22                               22
7   2000065581640_Node0_Node8_Zero  [0, 1, 2, 3, 4, 5, 6, 7, 8]  ...                                    22                               22
8   2000073778344_Node0_Node8_Zero  [0, 1, 2, 3, 4, 5, 6, 7, 8]  ...                                    22                               22
9   2000081970634_Node0_Node8_Zero  [0, 1, 2, 3, 4, 5, 6, 7, 8]  ...                                    22                               22
10  2000090162458_Node0_Node8_Zero  [0, 1, 2, 3, 4, 5, 6, 7, 8]  ...                                    22                               22
11  2000098363334_Node0_Node8_Zero  [0, 1, 2, 3, 4, 5, 6, 7, 8]  ...                                    22                               22
12  2000106556585_Node0_Node8_Zero  [0, 1, 2, 3, 4, 5, 6, 7, 8]  ...                                    22                               22
13  2000114749609_Node0_Node8_Zero  [0, 1, 2, 3, 4, 5, 6, 7, 8]  ...                                    22                               22
14  2000122941582_Node0_Node8_Zero  [0, 1, 2, 3, 4, 5, 6, 7, 8]  ...                                    22                               22
84  2000696690554_Node0_Node8_Zero  [0, 1, 2, 3, 4, 5, 6, 7, 8]  ...                                    22                               22

[16 rows x 14 columns]
Parent directory is not in 'WARx' format.
DEBUG Flow file=Flow_Node0-Node8.csv, Extracted src=0, dst=8
DEBUG Route dict candidate=[0, 8]
Unique nodes participated for this flow: [0, 1, 2, 3, 4, 5, 6, 7, 8]
node 0 total drops: 1 drop_expiry 0 0 drop_q_mngmnt 0 0 drop_retry 1 1 drop_overflow 0 0 drop_no_route 0 0
node 1 total drops: 2 drop_expiry 0 0 drop_q_mngmnt 0 0 drop_retry 2 3 drop_overflow 0 0 drop_no_route 0 0
node 2 total drops: 2 drop_expiry 0 0 drop_q_mngmnt 0 0 drop_retry 2 5 drop_overflow 0 0 drop_no_route 0 0
node 3 total drops: 2 drop_expiry 0 0 drop_q_mngmnt 0 0 drop_retry 2 7 drop_overflow 0 0 drop_no_route 0 0
node 4 total drops: 3 drop_expiry 0 0 drop_q_mngmnt 0 0 drop_retry 3 10 drop_overflow 0 0 drop_no_route 0 0
node 5 total drops: 2 drop_expiry 0 0 drop_q_mngmnt 0 0 drop_retry 2 12 drop_overflow 0 0 drop_no_route 0 0
node 6 total drops: 2 drop_expiry 0 0 drop_q_mngmnt 0 0 drop_retry 2 14 drop_overflow 0 0 drop_no_route 0 0
node 7 total drops: 2 drop_expiry 0 0 drop_q_mngmnt 0 0 drop_retry 2 16 drop_overflow 0 0 drop_no_route 0 0
node 8 total drops: 0 drop_expiry 0 0 drop_q_mngmnt 0 0 drop_retry 0 16 drop_overflow 0 0 drop_no_route 0 0
                                                                                                   File Path Run No Packets Generated Packets Received      PDR  Avg Delay #Retransmissions #Forwards  Avg Route Length  %Route Uptime  %HQ Route Uptime Route Switches Packet Drop (Expiry) Packet Drop (Queue Management) Packet Drop (Retry) Packet Drop (Overflow) Packet Drop (No Route) Packet Reinserted (TCP)          Flow_ID
/home/pathey/Workspace/665/665-copy-project-7/Results/phase2_crossflow_1000m_mcs1_2Mbps/Flow_Node0-Node8.csv      1              1220             1204 0.986885   0.029973              314      9692               8.0            1.0               1.0              0                    0                              0                  16                      0                      0                       0 Flow_Node0-Node8
                                                                                                        Mean                   1220.0           1204.0 0.986885   0.029973            314.0    9692.0               8.0            1.0               1.0            0.0                                                                                                                                                               
                                                                                                      Median                   1220.0           1204.0 0.986885   0.029973            314.0    9692.0               8.0            1.0               1.0            0.0                                                                                                                                                               
                                                                                                95% CI Lower                      NaN              NaN      NaN        NaN              NaN       NaN               NaN            NaN               NaN            NaN                                                                                                                                                               
                                                                                                95% CI Upper                      NaN              NaN      NaN        NaN              NaN       NaN               NaN            NaN               NaN            NaN                                                                                                                                                               
Instantaneous PDR data saved to /home/pathey/Workspace/665/665-copy-project-7/Results/phase2_crossflow_1000m_mcs1_2Mbps/instantaneous_pdr.csv

=== Flow-level Summary (All Metrics) ===
Empty DataFrame
Columns: [Pkt ID, Route, Generation Time (in s), First Tx At (in s), Delay (in s), Times Packet Forwarded, Retransmissions, Packet Size (in bytes), Tx Power (in watt), Average Transmission Power in the route (in watt), Min. SINR Along Route, SINR at Flow Dest, Min. Data Rate Along Route (in Mbps), Data Rate at Flow Src (in Mbps), Base Packet ID]
Index: []

Flow Flow_Node0-Node8:
  Packets Generated: 1220.00
  Packets Received : 1204.00
  PDR              : 0.987
  Avg Delay (s)    : 0.0300
  Max Delay (s)    : 0.5925
  95th %ile Delay(s): 0.1629
  Retransmissions  : 314.00
  Forwards         : 9692.00
  Drops (Expiry)   : 0
  Drops (Queue Mgmt): 0
  Drops (Retry)    : 16
  Drops (Overflow) : 0
  Drops (No Route) : 0
  TCP Reinsertions : 0
Avg:  Packets generated: 1220 Packets received: 1204 PDR: 0.9868852459016394 Avg delay: 0.029972886212624585 Retransmissions: 314 Packet forwards: 9692 Route length: 8.0 Route uptime: 1.0 HQ Route Uptime: 1.0 Route switches: 0.0 

Plot saved to: /home/pathey/Workspace/665/665-copy-project-7/Results/phase2_crossflow_1000m_mcs1_2Mbps/instantaneous_pdr_plot.png
Delay-over-time plot saved to: /home/pathey/Workspace/665/665-copy-project-7/Results/phase2_crossflow_1000m_mcs1_2Mbps/delay_over_time.png
