Rows with invalid delay (0 or inf):
                             Pkt ID                        Route  ...  Min. Data Rate Along Route (in Mbps)  Data Rate at Flow Src (in Mbps)
0    2000016392412_Node0_Node8_Zero  [0, 1, 2, 3, 4, 5, 6, 7, 8]  ...                                    33                               33
1    2000032790479_Node0_Node8_Zero  [0, 1, 2, 3, 4, 5, 6, 7, 8]  ...                                    33                               33
2    2000049186319_Node0_Node8_Zero  [0, 1, 2, 3, 4, 5, 6, 7, 8]  ...                                    33                               33
3    2000065577449_Node0_Node8_Zero  [0, 1, 2, 3, 4, 5, 6, 7, 8]  ...                                    33                               33
4    2000081968069_Node0_Node8_Zero  [0, 1, 2, 3, 4, 5, 6, 7, 8]  ...                                    33                               33
..                              ...                          ...  ...                                   ...                              ...
541  2009770421260_Node0_Node8_Zero  [0, 1, 2, 3, 4, 5, 6, 7, 8]  ...                                    22                               22
542  2009786818775_Node0_Node8_Zero  [0, 1, 2, 3, 4, 5, 6, 7, 8]  ...                                    22                               22
544  2009819606210_Node0_Node8_Zero  [0, 1, 2, 3, 4, 5, 6, 7, 8]  ...                                    22                               22
550  2009917980782_Node0_Node8_Zero  [0, 1, 2, 3, 4, 5, 6, 7, 8]  ...                                    22                               22
551  2009934370166_Node0_Node8_Zero  [0, 1, 2, 3, 4, 5, 6, 7, 8]  ...                                    22                               22

[424 rows x 14 columns]
Parent directory is not in 'WARx' format.
DEBUG Flow file=Flow_Node0-Node8.csv, Extracted src=0, dst=8
DEBUG Route dict candidate=[0, 8]
Unique nodes participated for this flow: [0, 1, 2, 3, 4, 5, 6, 7, 8]
node 0 total drops: 588 drop_expiry 423 423 drop_q_mngmnt 0 0 drop_retry 165 165 drop_overflow 0 0 drop_no_route 0 0
node 1 total drops: 521 drop_expiry 449 872 drop_q_mngmnt 0 0 drop_retry 72 237 drop_overflow 0 0 drop_no_route 0 0
node 2 total drops: 182 drop_expiry 93 965 drop_q_mngmnt 0 0 drop_retry 89 326 drop_overflow 0 0 drop_no_route 0 0
node 3 total drops: 162 drop_expiry 50 1015 drop_q_mngmnt 0 0 drop_retry 112 438 drop_overflow 0 0 drop_no_route 0 0
node 4 total drops: 142 drop_expiry 26 1041 drop_q_mngmnt 0 0 drop_retry 116 554 drop_overflow 0 0 drop_no_route 0 0
node 5 total drops: 133 drop_expiry 22 1063 drop_q_mngmnt 0 0 drop_retry 111 665 drop_overflow 0 0 drop_no_route 0 0
node 6 total drops: 139 drop_expiry 29 1092 drop_q_mngmnt 0 0 drop_retry 110 775 drop_overflow 0 0 drop_no_route 0 0
node 7 total drops: 127 drop_expiry 19 1111 drop_q_mngmnt 0 0 drop_retry 108 883 drop_overflow 0 0 drop_no_route 0 0
node 8 total drops: 0 drop_expiry 0 1111 drop_q_mngmnt 0 0 drop_retry 0 883 drop_overflow 0 0 drop_no_route 0 0
                                                                                                                                   File Path Run No Packets Generated Packets Received      PDR  Avg Delay #Retransmissions #Forwards  Avg Route Length  %Route Uptime  %HQ Route Uptime Route Switches Packet Drop (Expiry) Packet Drop (Queue Management) Packet Drop (Retry) Packet Drop (Overflow) Packet Drop (No Route) Packet Reinserted (TCP)          Flow_ID
/home/pathey/Workspace/665/665-copy-project-7/Results/phase2_crossflow_1200m_mcs_adaptive_1Mbps_0.95decrement_threshold/Flow_Node0-Node8.csv      1               611              133 0.217676   1.838891             9676       110               8.0            1.0               1.0              0                 1111                              0                 883                      0                      0                       0 Flow_Node0-Node8
                                                                                                                                        Mean                    611.0            133.0 0.217676   1.838891           9676.0     110.0               8.0            1.0               1.0            0.0                                                                                                                                                               
                                                                                                                                      Median                    611.0            133.0 0.217676   1.838891           9676.0     110.0               8.0            1.0               1.0            0.0                                                                                                                                                               
                                                                                                                                95% CI Lower                      NaN              NaN      NaN        NaN              NaN       NaN               NaN            NaN               NaN            NaN                                                                                                                                                               
                                                                                                                                95% CI Upper                      NaN              NaN      NaN        NaN              NaN       NaN               NaN            NaN               NaN            NaN                                                                                                                                                               
Instantaneous PDR data saved to /home/pathey/Workspace/665/665-copy-project-7/Results/phase2_crossflow_1200m_mcs_adaptive_1Mbps_0.95decrement_threshold/instantaneous_pdr.csv

=== Flow-level Summary (All Metrics) ===
Empty DataFrame
Columns: [Pkt ID, Route, Generation Time (in s), First Tx At (in s), Delay (in s), Times Packet Forwarded, Retransmissions, Packet Size (in bytes), Tx Power (in watt), Average Transmission Power in the route (in watt), Min. SINR Along Route, SINR at Flow Dest, Min. Data Rate Along Route (in Mbps), Data Rate at Flow Src (in Mbps), Base Packet ID]
Index: []

Flow Flow_Node0-Node8:
  Packets Generated: 611.00
  Packets Received : 133.00
  PDR              : 0.218
  Avg Delay (s)    : 1.8389
  Max Delay (s)    : 3.2212
  95th %ile Delay(s): 3.0092
  Retransmissions  : 9676.00
  Forwards         : 110.00
  Drops (Expiry)   : 1111
  Drops (Queue Mgmt): 0
  Drops (Retry)    : 883
  Drops (Overflow) : 0
  Drops (No Route) : 0
  TCP Reinsertions : 0
Avg:  Packets generated: 611 Packets received: 133 PDR: 0.2176759410801964 Avg delay: 1.8388911654135343 Retransmissions: 9676 Packet forwards: 110 Route length: 8.0 Route uptime: 1.0 HQ Route Uptime: 1.0 Route switches: 0.0 

Plot saved to: /home/pathey/Workspace/665/665-copy-project-7/Results/phase2_crossflow_1200m_mcs_adaptive_1Mbps_0.95decrement_threshold/instantaneous_pdr_plot.png
Delay-over-time plot saved to: /home/pathey/Workspace/665/665-copy-project-7/Results/phase2_crossflow_1200m_mcs_adaptive_1Mbps_0.95decrement_threshold/delay_over_time.png
