Rows with invalid delay (0 or inf):
                            Pkt ID  ... Data Rate at Flow Src (in Mbps)
0   2000016392412_Node0_Node8_Zero  ...                              33
1   2000032790479_Node0_Node8_Zero  ...                              33
2   2000049179389_Node0_Node8_Zero  ...                              33
3   2000065577612_Node0_Node8_Zero  ...                              33
4   2000081972796_Node0_Node8_Zero  ...                              33
5   2000098363130_Node0_Node8_Zero  ...                              33
6   2000114752469_Node0_Node8_Zero  ...                              33
7   2000131149397_Node0_Node8_Zero  ...                              33
8   2000147538270_Node0_Node8_Zero  ...                              33
9   2000163928547_Node0_Node8_Zero  ...                              33
53  2000885230059_Node0_Node8_Zero  ...                              11
54  2000901622968_Node0_Node8_Zero  ...                              22
55  2000918014319_Node0_Node8_Zero  ...                              22
59  2000983579561_Node0_Node8_Zero  ...                              22
63  2001049147575_Node0_Node8_Zero  ...                              22
68  2001131123074_Node0_Node8_Zero  ...                              22
69  2001147514970_Node0_Node8_Zero  ...                              22
70  2001163904575_Node0_Node8_Zero  ...                              22
71  2001180298104_Node0_Node8_Zero  ...                              22
74  2001229470353_Node0_Node8_Zero  ...                              22
75  2001245865488_Node0_Node8_Zero  ...                              22
76  2001262257678_Node0_Node8_Zero  ...                              22
77  2001278647321_Node0_Node8_Zero  ...                              22
80  2001327824991_Node0_Node8_Zero  ...                              22
81  2001344213888_Node0_Node8_Zero  ...                              22

[25 rows x 14 columns]
Parent directory is not in 'WARx' format.
DEBUG Flow file=Flow_Node0-Node8.csv, Extracted src=0, dst=8
DEBUG Route dict candidate=[0, 8]
Unique nodes participated for this flow: [0, 2, 4, 6, 8]
node 0 total drops: 40 drop_expiry 0 0 drop_q_mngmnt 0 0 drop_retry 40 40 drop_overflow 0 0 drop_no_route 0 0
node 2 total drops: 23 drop_expiry 0 0 drop_q_mngmnt 0 0 drop_retry 23 63 drop_overflow 0 0 drop_no_route 0 0
node 4 total drops: 21 drop_expiry 0 0 drop_q_mngmnt 0 0 drop_retry 21 84 drop_overflow 0 0 drop_no_route 0 0
node 6 total drops: 24 drop_expiry 0 0 drop_q_mngmnt 0 0 drop_retry 24 108 drop_overflow 0 0 drop_no_route 0 0
node 8 total drops: 0 drop_expiry 0 0 drop_q_mngmnt 0 0 drop_retry 0 108 drop_overflow 0 0 drop_no_route 0 0
                                                                                                                                 File Path Run No Packets Generated Packets Received      PDR  Avg Delay #Retransmissions #Forwards  Avg Route Length  %Route Uptime  %HQ Route Uptime Route Switches Packet Drop (Expiry) Packet Drop (Queue Management) Packet Drop (Retry) Packet Drop (Overflow) Packet Drop (No Route) Packet Reinserted (TCP)          Flow_ID
/home/pathey/Workspace/665/665-copy-project-7/Results/phase2_crossflow_500m_mcs_adaptive_1Mbps_0.9increment_threshold/Flow_Node0-Node8.csv      1               108               57 0.527778   0.339538             1368        74               4.0            1.0               1.0              0                    0                              0                 108                      0                      0                       0 Flow_Node0-Node8
                                                                                                                                      Mean                    108.0             57.0 0.527778   0.339538           1368.0      74.0               4.0            1.0               1.0            0.0                                                                                                                                                               
                                                                                                                                    Median                    108.0             57.0 0.527778   0.339538           1368.0      74.0               4.0            1.0               1.0            0.0                                                                                                                                                               
                                                                                                                              95% CI Lower                      NaN              NaN      NaN        NaN              NaN       NaN               NaN            NaN               NaN            NaN                                                                                                                                                               
                                                                                                                              95% CI Upper                      NaN              NaN      NaN        NaN              NaN       NaN               NaN            NaN               NaN            NaN                                                                                                                                                               
Instantaneous PDR data saved to /home/pathey/Workspace/665/665-copy-project-7/Results/phase2_crossflow_500m_mcs_adaptive_1Mbps_0.9increment_threshold/instantaneous_pdr.csv

=== Flow-level Summary (All Metrics) ===
Empty DataFrame
Columns: [Pkt ID, Route, Generation Time (in s), First Tx At (in s), Delay (in s), Times Packet Forwarded, Retransmissions, Packet Size (in bytes), Tx Power (in watt), Average Transmission Power in the route (in watt), Min. SINR Along Route, SINR at Flow Dest, Min. Data Rate Along Route (in Mbps), Data Rate at Flow Src (in Mbps), Base Packet ID]
Index: []

Flow Flow_Node0-Node8:
  Packets Generated: 108.00
  Packets Received : 57.00
  PDR              : 0.528
  Avg Delay (s)    : 0.3395
  Max Delay (s)    : 0.9061
  95th %ile Delay(s): 0.7559
  Retransmissions  : 1368.00
  Forwards         : 74.00
  Drops (Expiry)   : 0
  Drops (Queue Mgmt): 0
  Drops (Retry)    : 108
  Drops (Overflow) : 0
  Drops (No Route) : 0
  TCP Reinsertions : 0
Avg:  Packets generated: 108 Packets received: 57 PDR: 0.5277777777777778 Avg delay: 0.3395384210526316 Retransmissions: 1368 Packet forwards: 74 Route length: 4.0 Route uptime: 1.0 HQ Route Uptime: 1.0 Route switches: 0.0 

Plot saved to: /home/pathey/Workspace/665/665-copy-project-7/Results/phase2_crossflow_500m_mcs_adaptive_1Mbps_0.9increment_threshold/instantaneous_pdr_plot.png
Delay-over-time plot saved to: /home/pathey/Workspace/665/665-copy-project-7/Results/phase2_crossflow_500m_mcs_adaptive_1Mbps_0.9increment_threshold/delay_over_time.png
