Rows with invalid delay (0 or inf):
                              Pkt ID  ... Data Rate at Flow Src (in Mbps)
0     2000008195690_Node0_Node8_Zero  ...                              33
1     2000016397037_Node0_Node8_Zero  ...                              33
2     2000024594458_Node0_Node8_Zero  ...                              33
3     2000032793798_Node0_Node8_Zero  ...                              33
4     2000040988557_Node0_Node8_Zero  ...                              33
...                              ...  ...                             ...
1155  2009524424803_Node0_Node8_Zero  ...                              11
1156  2009532616723_Node0_Node8_Zero  ...                              11
1157  2009540817556_Node0_Node8_Zero  ...                              11
1159  2009557218174_Node0_Node8_Zero  ...                              11
1160  2009565410400_Node0_Node8_Zero  ...                              11

[690 rows x 14 columns]
Parent directory is not in 'WARx' format.
DEBUG Flow file=Flow_Node0-Node8.csv, Extracted src=0, dst=8
DEBUG Route dict candidate=[0, 8]
Unique nodes participated for this flow: [0, 1, 2, 3, 4, 5, 6, 7, 8]
node 0 total drops: 524 drop_expiry 343 343 drop_q_mngmnt 0 0 drop_retry 181 181 drop_overflow 0 0 drop_no_route 0 0
node 1 total drops: 81 drop_expiry 27 370 drop_q_mngmnt 0 0 drop_retry 54 235 drop_overflow 0 0 drop_no_route 0 0
node 2 total drops: 757 drop_expiry 649 1019 drop_q_mngmnt 0 0 drop_retry 108 343 drop_overflow 0 0 drop_no_route 0 0
node 3 total drops: 177 drop_expiry 131 1150 drop_q_mngmnt 0 0 drop_retry 46 389 drop_overflow 0 0 drop_no_route 0 0
node 4 total drops: 364 drop_expiry 274 1424 drop_q_mngmnt 0 0 drop_retry 90 479 drop_overflow 0 0 drop_no_route 0 0
node 5 total drops: 97 drop_expiry 56 1480 drop_q_mngmnt 0 0 drop_retry 41 520 drop_overflow 0 0 drop_no_route 0 0
node 6 total drops: 496 drop_expiry 466 1946 drop_q_mngmnt 0 0 drop_retry 30 550 drop_overflow 0 0 drop_no_route 0 0
node 7 total drops: 101 drop_expiry 38 1984 drop_q_mngmnt 0 0 drop_retry 63 613 drop_overflow 0 0 drop_no_route 0 0
node 8 total drops: 0 drop_expiry 0 1984 drop_q_mngmnt 0 0 drop_retry 0 613 drop_overflow 0 0 drop_no_route 0 0
                                                                                                                              File Path Run No Packets Generated Packets Received      PDR  Avg Delay #Retransmissions #Forwards  Avg Route Length  %Route Uptime  %HQ Route Uptime Route Switches Packet Drop (Expiry) Packet Drop (Queue Management) Packet Drop (Retry) Packet Drop (Overflow) Packet Drop (No Route) Packet Reinserted (TCP)          Flow_ID
/home/pathey/Workspace/665/665-copy-project-7/Results/phase1_daisy_1200m_mcs_adaptive_2Mbps_0.5increment_threshold/Flow_Node0-Node8.csv      1              1221              471 0.385749   2.248838            10761      3869               8.0            1.0               1.0              0                 1984                              0                 613                      0                      0                       0 Flow_Node0-Node8
                                                                                                                                   Mean                   1221.0            471.0 0.385749   2.248838          10761.0    3869.0               8.0            1.0               1.0            0.0                                                                                                                                                               
                                                                                                                                 Median                   1221.0            471.0 0.385749   2.248838          10761.0    3869.0               8.0            1.0               1.0            0.0                                                                                                                                                               
                                                                                                                           95% CI Lower                      NaN              NaN      NaN        NaN              NaN       NaN               NaN            NaN               NaN            NaN                                                                                                                                                               
                                                                                                                           95% CI Upper                      NaN              NaN      NaN        NaN              NaN       NaN               NaN            NaN               NaN            NaN                                                                                                                                                               
Instantaneous PDR data saved to /home/pathey/Workspace/665/665-copy-project-7/Results/phase1_daisy_1200m_mcs_adaptive_2Mbps_0.5increment_threshold/instantaneous_pdr.csv

=== Flow-level Summary (All Metrics) ===
Empty DataFrame
Columns: [Pkt ID, Route, Generation Time (in s), First Tx At (in s), Delay (in s), Times Packet Forwarded, Retransmissions, Packet Size (in bytes), Tx Power (in watt), Average Transmission Power in the route (in watt), Min. SINR Along Route, SINR at Flow Dest, Min. Data Rate Along Route (in Mbps), Data Rate at Flow Src (in Mbps), Base Packet ID]
Index: []

Flow Flow_Node0-Node8:
  Packets Generated: 1221.00
  Packets Received : 471.00
  PDR              : 0.386
  Avg Delay (s)    : 2.2488
  Max Delay (s)    : 3.0037
  95th %ile Delay(s): 2.9991
  Retransmissions  : 10761.00
  Forwards         : 3869.00
  Drops (Expiry)   : 1984
  Drops (Queue Mgmt): 0
  Drops (Retry)    : 613
  Drops (Overflow) : 0
  Drops (No Route) : 0
  TCP Reinsertions : 0
Avg:  Packets generated: 1221 Packets received: 471 PDR: 0.3857493857493858 Avg delay: 2.2488381528662416 Retransmissions: 10761 Packet forwards: 3869 Route length: 8.0 Route uptime: 1.0 HQ Route Uptime: 1.0 Route switches: 0.0 

Plot saved to: /home/pathey/Workspace/665/665-copy-project-7/Results/phase1_daisy_1200m_mcs_adaptive_2Mbps_0.5increment_threshold/instantaneous_pdr_plot.png
Delay-over-time plot saved to: /home/pathey/Workspace/665/665-copy-project-7/Results/phase1_daisy_1200m_mcs_adaptive_2Mbps_0.5increment_threshold/delay_over_time.png
