Rows with invalid delay (0 or inf):
                              Pkt ID                        Route  ...  Min. Data Rate Along Route (in Mbps)  Data Rate at Flow Src (in Mbps)
0     2000008195690_Node0_Node8_Zero  [0, 1, 2, 3, 4, 5, 6, 7, 8]  ...                                    33                               33
1     2000016397037_Node0_Node8_Zero  [0, 1, 2, 3, 4, 5, 6, 7, 8]  ...                                    33                               33
2     2000024596198_Node0_Node8_Zero  [0, 1, 2, 3, 4, 5, 6, 7, 8]  ...                                    33                               33
3     2000032790607_Node0_Node8_Zero  [0, 1, 2, 3, 4, 5, 6, 7, 8]  ...                                    33                               33
4     2000040984976_Node0_Node8_Zero  [0, 1, 2, 3, 4, 5, 6, 7, 8]  ...                                    33                               33
...                              ...                          ...  ...                                   ...                              ...
1216  2009975315465_Node0_Node8_Zero  [0, 1, 2, 3, 4, 5, 6, 7, 8]  ...                                    11                               11
1217  2009983513248_Node0_Node8_Zero  [0, 1, 2, 3, 4, 5, 6, 7, 8]  ...                                    11                               11
1218  2009991712946_Node0_Node8_Zero  [0, 1, 2, 3, 4, 5, 6, 7, 8]  ...                                    11                               11
1219  2009999905028_Node0_Node8_Zero  [0, 1, 2, 3, 4, 5, 6, 7, 8]  ...                                    11                               11
1220  2010008098794_Node0_Node8_Zero  [0, 1, 2, 3, 4, 5, 6, 7, 8]  ...                                    11                               11

[1144 rows x 14 columns]
Parent directory is not in 'WARx' format.
DEBUG Flow file=Flow_Node0-Node8.csv, Extracted src=0, dst=8
DEBUG Route dict candidate=[0, 8]
Unique nodes participated for this flow: [0, 1, 2, 3, 4, 5, 6, 7, 8]
node 0 total drops: 725 drop_expiry 657 657 drop_q_mngmnt 0 0 drop_retry 68 68 drop_overflow 0 0 drop_no_route 0 0
node 1 total drops: 1156 drop_expiry 1109 1766 drop_q_mngmnt 0 0 drop_retry 47 115 drop_overflow 0 0 drop_no_route 0 0
node 2 total drops: 59 drop_expiry 0 1766 drop_q_mngmnt 0 0 drop_retry 59 174 drop_overflow 0 0 drop_no_route 0 0
node 3 total drops: 59 drop_expiry 0 1766 drop_q_mngmnt 0 0 drop_retry 59 233 drop_overflow 0 0 drop_no_route 0 0
node 4 total drops: 59 drop_expiry 0 1766 drop_q_mngmnt 0 0 drop_retry 59 292 drop_overflow 0 0 drop_no_route 0 0
node 5 total drops: 57 drop_expiry 0 1766 drop_q_mngmnt 0 0 drop_retry 57 349 drop_overflow 0 0 drop_no_route 0 0
node 6 total drops: 82 drop_expiry 0 1766 drop_q_mngmnt 0 0 drop_retry 82 431 drop_overflow 0 0 drop_no_route 0 0
node 7 total drops: 79 drop_expiry 0 1766 drop_q_mngmnt 0 0 drop_retry 79 510 drop_overflow 0 0 drop_no_route 0 0
node 8 total drops: 0 drop_expiry 0 1766 drop_q_mngmnt 0 0 drop_retry 0 510 drop_overflow 0 0 drop_no_route 0 0
                                                                                                                                  File Path Run No Packets Generated Packets Received      PDR  Avg Delay #Retransmissions #Forwards  Avg Route Length  %Route Uptime  %HQ Route Uptime Route Switches Packet Drop (Expiry) Packet Drop (Queue Management) Packet Drop (Retry) Packet Drop (Overflow) Packet Drop (No Route) Packet Reinserted (TCP)          Flow_ID
/home/pathey/Workspace/665/665-copy-project-7/Results/phase2_crossflow_1000m_mcs_adaptive_2Mbps_0.9increment_threshold/Flow_Node0-Node8.csv      1              1221               77 0.063063   1.733923             8557       228               8.0            1.0               1.0              0                 1766                              0                 510                      0                      0                       0 Flow_Node0-Node8
                                                                                                                                       Mean                   1221.0             77.0 0.063063   1.733923           8557.0     228.0               8.0            1.0               1.0            0.0                                                                                                                                                               
                                                                                                                                     Median                   1221.0             77.0 0.063063   1.733923           8557.0     228.0               8.0            1.0               1.0            0.0                                                                                                                                                               
                                                                                                                               95% CI Lower                      NaN              NaN      NaN        NaN              NaN       NaN               NaN            NaN               NaN            NaN                                                                                                                                                               
                                                                                                                               95% CI Upper                      NaN              NaN      NaN        NaN              NaN       NaN               NaN            NaN               NaN            NaN                                                                                                                                                               
Instantaneous PDR data saved to /home/pathey/Workspace/665/665-copy-project-7/Results/phase2_crossflow_1000m_mcs_adaptive_2Mbps_0.9increment_threshold/instantaneous_pdr.csv

=== Flow-level Summary (All Metrics) ===
Empty DataFrame
Columns: [Pkt ID, Route, Generation Time (in s), First Tx At (in s), Delay (in s), Times Packet Forwarded, Retransmissions, Packet Size (in bytes), Tx Power (in watt), Average Transmission Power in the route (in watt), Min. SINR Along Route, SINR at Flow Dest, Min. Data Rate Along Route (in Mbps), Data Rate at Flow Src (in Mbps), Base Packet ID]
Index: []

Flow Flow_Node0-Node8:
  Packets Generated: 1221.00
  Packets Received : 77.00
  PDR              : 0.063
  Avg Delay (s)    : 1.7339
  Max Delay (s)    : 2.8645
  95th %ile Delay(s): 2.7716
  Retransmissions  : 8557.00
  Forwards         : 228.00
  Drops (Expiry)   : 1766
  Drops (Queue Mgmt): 0
  Drops (Retry)    : 510
  Drops (Overflow) : 0
  Drops (No Route) : 0
  TCP Reinsertions : 0
Avg:  Packets generated: 1221 Packets received: 77 PDR: 0.06306306306306306 Avg delay: 1.7339231168831168 Retransmissions: 8557 Packet forwards: 228 Route length: 8.0 Route uptime: 1.0 HQ Route Uptime: 1.0 Route switches: 0.0 

Plot saved to: /home/pathey/Workspace/665/665-copy-project-7/Results/phase2_crossflow_1000m_mcs_adaptive_2Mbps_0.9increment_threshold/instantaneous_pdr_plot.png
Delay-over-time plot saved to: /home/pathey/Workspace/665/665-copy-project-7/Results/phase2_crossflow_1000m_mcs_adaptive_2Mbps_0.9increment_threshold/delay_over_time.png
