Rows with invalid delay (0 or inf):
                             Pkt ID                        Route  ...  Min. Data Rate Along Route (in Mbps)  Data Rate at Flow Src (in Mbps)
0    2000016392412_Node0_Node8_Zero  [0, 1, 2, 3, 4, 5, 6, 7, 8]  ...                                    33                               33
1    2000032790479_Node0_Node8_Zero  [0, 1, 2, 3, 4, 5, 6, 7, 8]  ...                                    33                               33
2    2000049186541_Node0_Node8_Zero  [0, 1, 2, 3, 4, 5, 6, 7, 8]  ...                                    33                               33
3    2000065578020_Node0_Node8_Zero  [0, 1, 2, 3, 4, 5, 6, 7, 8]  ...                                    33                               33
4    2000081976387_Node0_Node8_Zero  [0, 1, 2, 3, 4, 5, 6, 7, 8]  ...                                    33                               33
..                              ...                          ...  ...                                   ...                              ...
565  2009278765968_Node0_Node8_Zero  [0, 1, 2, 3, 4, 5, 6, 7, 8]  ...                                    11                               22
602  2009885304425_Node0_Node8_Zero  [0, 1, 2, 3, 4, 5, 6, 7, 8]  ...                                    11                               11
605  2009934484189_Node0_Node8_Zero  [0, 1, 2, 3, 4, 5, 6, 7, 8]  ...                                    11                               11
606  2009950878769_Node0_Node8_Zero  [0, 1, 2, 3, 4, 5, 6, 7, 8]  ...                                    11                               11
607  2009967269223_Node0_Node8_Zero  [0, 1, 2, 3, 4, 5, 6, 7, 8]  ...                                    11                               11

[285 rows x 14 columns]
Parent directory is not in 'WARx' format.
DEBUG Flow file=Flow_Node0-Node8.csv, Extracted src=0, dst=8
DEBUG Route dict candidate=[0, 8]
Unique nodes participated for this flow: [0, 1, 2, 3, 4, 5, 6, 7, 8]
node 0 total drops: 433 drop_expiry 227 227 drop_q_mngmnt 0 0 drop_retry 206 206 drop_overflow 0 0 drop_no_route 0 0
node 1 total drops: 29 drop_expiry 6 233 drop_q_mngmnt 0 0 drop_retry 23 229 drop_overflow 0 0 drop_no_route 0 0
node 2 total drops: 409 drop_expiry 345 578 drop_q_mngmnt 0 0 drop_retry 64 293 drop_overflow 0 0 drop_no_route 0 0
node 3 total drops: 48 drop_expiry 25 603 drop_q_mngmnt 0 0 drop_retry 23 316 drop_overflow 0 0 drop_no_route 0 0
node 4 total drops: 297 drop_expiry 234 837 drop_q_mngmnt 0 0 drop_retry 63 379 drop_overflow 0 0 drop_no_route 0 0
node 5 total drops: 145 drop_expiry 53 890 drop_q_mngmnt 0 0 drop_retry 92 471 drop_overflow 0 0 drop_no_route 0 0
node 6 total drops: 196 drop_expiry 112 1002 drop_q_mngmnt 0 0 drop_retry 84 555 drop_overflow 0 0 drop_no_route 0 0
node 7 total drops: 51 drop_expiry 9 1011 drop_q_mngmnt 0 0 drop_retry 42 597 drop_overflow 0 0 drop_no_route 0 0
node 8 total drops: 0 drop_expiry 0 1011 drop_q_mngmnt 0 0 drop_retry 0 597 drop_overflow 0 0 drop_no_route 0 0
                                                                                                                               File Path Run No Packets Generated Packets Received      PDR  Avg Delay #Retransmissions #Forwards  Avg Route Length  %Route Uptime  %HQ Route Uptime Route Switches Packet Drop (Expiry) Packet Drop (Queue Management) Packet Drop (Retry) Packet Drop (Overflow) Packet Drop (No Route) Packet Reinserted (TCP)          Flow_ID
/home/pathey/Workspace/665/665-copy-project-7/Results/phase1_daisy_1200m_mcs_adaptive_1Mbps_0.95decrement_threshold/Flow_Node0-Node8.csv      1               610              325 0.532787   2.224655             8749      2232               8.0            1.0               1.0              0                 1011                              0                 597                      0                      0                       0 Flow_Node0-Node8
                                                                                                                                    Mean                    610.0            325.0 0.532787   2.224655           8749.0    2232.0               8.0            1.0               1.0            0.0                                                                                                                                                               
                                                                                                                                  Median                    610.0            325.0 0.532787   2.224655           8749.0    2232.0               8.0            1.0               1.0            0.0                                                                                                                                                               
                                                                                                                            95% CI Lower                      NaN              NaN      NaN        NaN              NaN       NaN               NaN            NaN               NaN            NaN                                                                                                                                                               
                                                                                                                            95% CI Upper                      NaN              NaN      NaN        NaN              NaN       NaN               NaN            NaN               NaN            NaN                                                                                                                                                               
Instantaneous PDR data saved to /home/pathey/Workspace/665/665-copy-project-7/Results/phase1_daisy_1200m_mcs_adaptive_1Mbps_0.95decrement_threshold/instantaneous_pdr.csv

=== Flow-level Summary (All Metrics) ===
Empty DataFrame
Columns: [Pkt ID, Route, Generation Time (in s), First Tx At (in s), Delay (in s), Times Packet Forwarded, Retransmissions, Packet Size (in bytes), Tx Power (in watt), Average Transmission Power in the route (in watt), Min. SINR Along Route, SINR at Flow Dest, Min. Data Rate Along Route (in Mbps), Data Rate at Flow Src (in Mbps), Base Packet ID]
Index: []

Flow Flow_Node0-Node8:
  Packets Generated: 610.00
  Packets Received : 325.00
  PDR              : 0.533
  Avg Delay (s)    : 2.2247
  Max Delay (s)    : 2.9977
  95th %ile Delay(s): 2.9845
  Retransmissions  : 8749.00
  Forwards         : 2232.00
  Drops (Expiry)   : 1011
  Drops (Queue Mgmt): 0
  Drops (Retry)    : 597
  Drops (Overflow) : 0
  Drops (No Route) : 0
  TCP Reinsertions : 0
Avg:  Packets generated: 610 Packets received: 325 PDR: 0.5327868852459017 Avg delay: 2.224655166153846 Retransmissions: 8749 Packet forwards: 2232 Route length: 8.0 Route uptime: 1.0 HQ Route Uptime: 1.0 Route switches: 0.0 

Plot saved to: /home/pathey/Workspace/665/665-copy-project-7/Results/phase1_daisy_1200m_mcs_adaptive_1Mbps_0.95decrement_threshold/instantaneous_pdr_plot.png
Delay-over-time plot saved to: /home/pathey/Workspace/665/665-copy-project-7/Results/phase1_daisy_1200m_mcs_adaptive_1Mbps_0.95decrement_threshold/delay_over_time.png
