Rows with invalid delay (0 or inf):
                               Pkt ID                        Route  ...  Min. Data Rate Along Route (in Mbps)  Data Rate at Flow Src (in Mbps)
0      2000004097330_Node0_Node8_Zero  [0, 1, 2, 3, 4, 5, 6, 7, 8]  ...                                    33                               33
1      2000008200315_Node0_Node8_Zero  [0, 1, 2, 3, 4, 5, 6, 7, 8]  ...                                    33                               33
2      2000012301423_Node0_Node8_Zero  [0, 1, 2, 3, 4, 5, 6, 7, 8]  ...                                    33                               33
3      2000016403543_Node0_Node8_Zero  [0, 1, 2, 3, 4, 5, 6, 7, 8]  ...                                    33                               33
4      2000020501001_Node0_Node8_Zero  [0, 1, 2, 3, 4, 5, 6, 7, 8]  ...                                    33                               33
...                               ...                          ...  ...                                   ...                              ...
24396  2099987226549_Node0_Node8_Zero  [0, 1, 2, 3, 4, 5, 6, 7, 8]  ...                                    11                               33
24397  2099991320563_Node0_Node8_Zero  [0, 1, 2, 3, 4, 5, 6, 7, 8]  ...                                    11                               33
24398  2099995418510_Node0_Node8_Zero  [0, 1, 2, 3, 4, 5, 6, 7, 8]  ...                                    11                               33
24399  2099999519570_Node0_Node8_Zero  [0, 1, 2, 3, 4, 5, 6, 7, 8]  ...                                    11                               33
24400  2100003621812_Node0_Node8_Zero  [0, 1, 2, 3, 4, 5, 6, 7, 8]  ...                                    11                               33

[24304 rows x 14 columns]
Parent directory is not in 'WARx' format.
DEBUG Flow file=Flow_Node0-Node8.csv, Extracted src=0, dst=8
DEBUG Route dict candidate=[0, 8]
Unique nodes participated for this flow: [0, 1, 2, 3, 4, 5, 6, 7, 8]
node 0 total drops: 4 drop_expiry 0 0 drop_q_mngmnt 0 0 drop_retry 4 4 drop_overflow 0 0 drop_no_route 0 0
node 1 total drops: 8 drop_expiry 0 0 drop_q_mngmnt 0 0 drop_retry 8 12 drop_overflow 0 0 drop_no_route 0 0
node 2 total drops: 6 drop_expiry 0 0 drop_q_mngmnt 0 0 drop_retry 6 18 drop_overflow 0 0 drop_no_route 0 0
node 3 total drops: 24334 drop_expiry 24301 24301 drop_q_mngmnt 0 0 drop_retry 33 51 drop_overflow 0 0 drop_no_route 0 0
node 4 total drops: 703 drop_expiry 631 24932 drop_q_mngmnt 0 0 drop_retry 72 123 drop_overflow 0 0 drop_no_route 0 0
node 5 total drops: 356 drop_expiry 302 25234 drop_q_mngmnt 0 0 drop_retry 54 177 drop_overflow 0 0 drop_no_route 0 0
node 6 total drops: 163 drop_expiry 98 25332 drop_q_mngmnt 0 0 drop_retry 65 242 drop_overflow 0 0 drop_no_route 0 0
node 7 total drops: 103 drop_expiry 58 25390 drop_q_mngmnt 0 0 drop_retry 45 287 drop_overflow 0 0 drop_no_route 0 0
node 8 total drops: 0 drop_expiry 0 25390 drop_q_mngmnt 0 0 drop_retry 0 287 drop_overflow 0 0 drop_no_route 0 0
                                                                                                                     File Path Run No Packets Generated Packets Received      PDR  Avg Delay #Retransmissions #Forwards  Avg Route Length  %Route Uptime  %HQ Route Uptime Route Switches Packet Drop (Expiry) Packet Drop (Queue Management) Packet Drop (Retry) Packet Drop (Overflow) Packet Drop (No Route) Packet Reinserted (TCP)          Flow_ID
/home/pathey/Workspace/665/665-copy-project-7/Results/phase3_daisy_1000m_mcs_adaptive_4Mbps_0.7inc_1.1dec/Flow_Node0-Node8.csv      1             24401               97 0.003975   2.249321             4856     73252               8.0            1.0               1.0              0                25390                              0                 287                      0                      0                       0 Flow_Node0-Node8
                                                                                                                          Mean                  24401.0             97.0 0.003975   2.249321           4856.0   73252.0               8.0            1.0               1.0            0.0                                                                                                                                                               
                                                                                                                        Median                  24401.0             97.0 0.003975   2.249321           4856.0   73252.0               8.0            1.0               1.0            0.0                                                                                                                                                               
                                                                                                                  95% CI Lower                      NaN              NaN      NaN        NaN              NaN       NaN               NaN            NaN               NaN            NaN                                                                                                                                                               
                                                                                                                  95% CI Upper                      NaN              NaN      NaN        NaN              NaN       NaN               NaN            NaN               NaN            NaN                                                                                                                                                               
Instantaneous PDR data saved to /home/pathey/Workspace/665/665-copy-project-7/Results/phase3_daisy_1000m_mcs_adaptive_4Mbps_0.7inc_1.1dec/instantaneous_pdr.csv

=== Flow-level Summary (All Metrics) ===
Empty DataFrame
Columns: [Pkt ID, Route, Generation Time (in s), First Tx At (in s), Delay (in s), Times Packet Forwarded, Retransmissions, Packet Size (in bytes), Tx Power (in watt), Average Transmission Power in the route (in watt), Min. SINR Along Route, SINR at Flow Dest, Min. Data Rate Along Route (in Mbps), Data Rate at Flow Src (in Mbps), Base Packet ID]
Index: []

Flow Flow_Node0-Node8:
  Packets Generated: 24401.00
  Packets Received : 97.00
  PDR              : 0.004
  Avg Delay (s)    : 2.2493
  Max Delay (s)    : 3.0168
  95th %ile Delay(s): 3.0038
  Retransmissions  : 4856.00
  Forwards         : 73252.00
  Drops (Expiry)   : 25390
  Drops (Queue Mgmt): 0
  Drops (Retry)    : 287
  Drops (Overflow) : 0
  Drops (No Route) : 0
  TCP Reinsertions : 0
Avg:  Packets generated: 24401 Packets received: 97 PDR: 0.003975246916109995 Avg delay: 2.2493212783505157 Retransmissions: 4856 Packet forwards: 73252 Route length: 8.0 Route uptime: 1.0 HQ Route Uptime: 1.0 Route switches: 0.0 

Plot saved to: /home/pathey/Workspace/665/665-copy-project-7/Results/phase3_daisy_1000m_mcs_adaptive_4Mbps_0.7inc_1.1dec/instantaneous_pdr_plot.png
Delay-over-time plot saved to: /home/pathey/Workspace/665/665-copy-project-7/Results/phase3_daisy_1000m_mcs_adaptive_4Mbps_0.7inc_1.1dec/delay_over_time.png
