Rows with invalid delay (0 or inf):
                               Pkt ID                        Route  ...  Min. Data Rate Along Route (in Mbps)  Data Rate at Flow Src (in Mbps)
0      2000005463450_Node0_Node8_Zero  [0, 1, 2, 3, 4, 5, 6, 7, 8]  ...                                    33                               33
1      2000010932556_Node0_Node8_Zero  [0, 1, 2, 3, 4, 5, 6, 7, 8]  ...                                    33                               33
2      2000016399477_Node0_Node8_Zero  [0, 1, 2, 3, 4, 5, 6, 7, 8]  ...                                    33                               33
3      2000021868395_Node0_Node8_Zero  [0, 1, 2, 3, 4, 5, 6, 7, 8]  ...                                    33                               33
4      2000027333597_Node0_Node8_Zero  [0, 1, 2, 3, 4, 5, 6, 7, 8]  ...                                    33                               33
...                               ...                          ...  ...                                   ...                              ...
18295  2099978491783_Node0_Node8_Zero  [0, 1, 2, 3, 4, 5, 6, 7, 8]  ...                                    11                               33
18296  2099983951318_Node0_Node8_Zero  [0, 1, 2, 3, 4, 5, 6, 7, 8]  ...                                    11                               33
18297  2099989412071_Node0_Node8_Zero  [0, 1, 2, 3, 4, 5, 6, 7, 8]  ...                                    11                               33
18298  2099994880750_Node0_Node8_Zero  [0, 1, 2, 3, 4, 5, 6, 7, 8]  ...                                    11                               33
18299  2100000340585_Node0_Node8_Zero  [0, 1, 2, 3, 4, 5, 6, 7, 8]  ...                                    11                               33

[18118 rows x 14 columns]
Parent directory is not in 'WARx' format.
DEBUG Flow file=Flow_Node0-Node8.csv, Extracted src=0, dst=8
DEBUG Route dict candidate=[0, 8]
Unique nodes participated for this flow: [0, 1, 2, 3, 4, 5, 6, 7, 8]
node 0 total drops: 6 drop_expiry 0 0 drop_q_mngmnt 0 0 drop_retry 6 6 drop_overflow 0 0 drop_no_route 0 0
node 1 total drops: 10 drop_expiry 0 0 drop_q_mngmnt 0 0 drop_retry 10 16 drop_overflow 0 0 drop_no_route 0 0
node 2 total drops: 17930 drop_expiry 17883 17883 drop_q_mngmnt 0 0 drop_retry 47 63 drop_overflow 0 0 drop_no_route 0 0
node 3 total drops: 853 drop_expiry 813 18696 drop_q_mngmnt 0 0 drop_retry 40 103 drop_overflow 0 0 drop_no_route 0 0
node 4 total drops: 584 drop_expiry 553 19249 drop_q_mngmnt 0 0 drop_retry 31 134 drop_overflow 0 0 drop_no_route 0 0
node 5 total drops: 277 drop_expiry 244 19493 drop_q_mngmnt 0 0 drop_retry 33 167 drop_overflow 0 0 drop_no_route 0 0
node 6 total drops: 253 drop_expiry 175 19668 drop_q_mngmnt 0 0 drop_retry 78 245 drop_overflow 0 0 drop_no_route 0 0
node 7 total drops: 152 drop_expiry 123 19791 drop_q_mngmnt 0 0 drop_retry 29 274 drop_overflow 0 0 drop_no_route 0 0
node 8 total drops: 0 drop_expiry 0 19791 drop_q_mngmnt 0 0 drop_retry 0 274 drop_overflow 0 0 drop_no_route 0 0
                                                                                                                         File Path Run No Packets Generated Packets Received      PDR  Avg Delay #Retransmissions #Forwards  Avg Route Length  %Route Uptime  %HQ Route Uptime Route Switches Packet Drop (Expiry) Packet Drop (Queue Management) Packet Drop (Retry) Packet Drop (Overflow) Packet Drop (No Route) Packet Reinserted (TCP)          Flow_ID
/home/pathey/Workspace/665/665-copy-project-7/Results/phase3_crossflow_1000m_mcs_adaptive_3Mbps_0.9inc_1.1dec/Flow_Node0-Node8.csv      1             18300              182 0.009945   2.245105             8629     37121               8.0            1.0               1.0              0                19791                              0                 274                      0                      0                       0 Flow_Node0-Node8
                                                                                                                              Mean                  18300.0            182.0 0.009945   2.245105           8629.0   37121.0               8.0            1.0               1.0            0.0                                                                                                                                                               
                                                                                                                            Median                  18300.0            182.0 0.009945   2.245105           8629.0   37121.0               8.0            1.0               1.0            0.0                                                                                                                                                               
                                                                                                                      95% CI Lower                      NaN              NaN      NaN        NaN              NaN       NaN               NaN            NaN               NaN            NaN                                                                                                                                                               
                                                                                                                      95% CI Upper                      NaN              NaN      NaN        NaN              NaN       NaN               NaN            NaN               NaN            NaN                                                                                                                                                               
Instantaneous PDR data saved to /home/pathey/Workspace/665/665-copy-project-7/Results/phase3_crossflow_1000m_mcs_adaptive_3Mbps_0.9inc_1.1dec/instantaneous_pdr.csv

=== Flow-level Summary (All Metrics) ===
Empty DataFrame
Columns: [Pkt ID, Route, Generation Time (in s), First Tx At (in s), Delay (in s), Times Packet Forwarded, Retransmissions, Packet Size (in bytes), Tx Power (in watt), Average Transmission Power in the route (in watt), Min. SINR Along Route, SINR at Flow Dest, Min. Data Rate Along Route (in Mbps), Data Rate at Flow Src (in Mbps), Base Packet ID]
Index: []

Flow Flow_Node0-Node8:
  Packets Generated: 18300.00
  Packets Received : 182.00
  PDR              : 0.010
  Avg Delay (s)    : 2.2451
  Max Delay (s)    : 3.7449
  95th %ile Delay(s): 3.1315
  Retransmissions  : 8629.00
  Forwards         : 37121.00
  Drops (Expiry)   : 19791
  Drops (Queue Mgmt): 0
  Drops (Retry)    : 274
  Drops (Overflow) : 0
  Drops (No Route) : 0
  TCP Reinsertions : 0
Avg:  Packets generated: 18300 Packets received: 182 PDR: 0.009945355191256831 Avg delay: 2.2451052472527477 Retransmissions: 8629 Packet forwards: 37121 Route length: 8.0 Route uptime: 1.0 HQ Route Uptime: 1.0 Route switches: 0.0 

Plot saved to: /home/pathey/Workspace/665/665-copy-project-7/Results/phase3_crossflow_1000m_mcs_adaptive_3Mbps_0.9inc_1.1dec/instantaneous_pdr_plot.png
Delay-over-time plot saved to: /home/pathey/Workspace/665/665-copy-project-7/Results/phase3_crossflow_1000m_mcs_adaptive_3Mbps_0.9inc_1.1dec/delay_over_time.png
