Rows with invalid delay (0 or inf):
                              Pkt ID  ... Data Rate at Flow Src (in Mbps)
40    2000224064339_Node0_Node8_Zero  ...                              11
47    2000262311102_Node0_Node8_Zero  ...                              11
78    2000431691779_Node0_Node8_Zero  ...                              11
265   2001453528688_Node0_Node8_Zero  ...                              11
295   2001617459130_Node0_Node8_Zero  ...                              11
...                              ...  ...                             ...
1826  2009983449170_Node0_Node8_Zero  ...                              11
1827  2009988914214_Node0_Node8_Zero  ...                              11
1828  2009994381479_Node0_Node8_Zero  ...                              11
1829  2009999846242_Node0_Node8_Zero  ...                              11
1830  2010005311804_Node0_Node8_Zero  ...                              11

[1048 rows x 14 columns]
Parent directory is not in 'WARx' format.
DEBUG Flow file=Flow_Node0-Node8.csv, Extracted src=0, dst=8
DEBUG Route dict candidate=[0, 8]
Unique nodes participated for this flow: [0, 1, 2, 3, 4, 5, 6, 7, 8]
node 0 total drops: 17 drop_expiry 0 0 drop_q_mngmnt 0 0 drop_retry 17 17 drop_overflow 0 0 drop_no_route 0 0
node 1 total drops: 19 drop_expiry 13 13 drop_q_mngmnt 0 0 drop_retry 6 23 drop_overflow 0 0 drop_no_route 0 0
node 2 total drops: 124 drop_expiry 123 136 drop_q_mngmnt 0 0 drop_retry 1 24 drop_overflow 0 0 drop_no_route 0 0
node 3 total drops: 333 drop_expiry 333 469 drop_q_mngmnt 0 0 drop_retry 0 24 drop_overflow 0 0 drop_no_route 0 0
node 4 total drops: 351 drop_expiry 350 819 drop_q_mngmnt 0 0 drop_retry 1 25 drop_overflow 0 0 drop_no_route 0 0
node 5 total drops: 144 drop_expiry 144 963 drop_q_mngmnt 0 0 drop_retry 0 25 drop_overflow 0 0 drop_no_route 0 0
node 6 total drops: 51 drop_expiry 51 1014 drop_q_mngmnt 0 0 drop_retry 0 25 drop_overflow 0 0 drop_no_route 0 0
node 7 total drops: 12 drop_expiry 12 1026 drop_q_mngmnt 0 0 drop_retry 0 25 drop_overflow 0 0 drop_no_route 0 0
node 8 total drops: 0 drop_expiry 0 1026 drop_q_mngmnt 0 0 drop_retry 0 25 drop_overflow 0 0 drop_no_route 0 0
                                                                                                   File Path Run No Packets Generated Packets Received      PDR  Avg Delay #Retransmissions #Forwards  Avg Route Length  %Route Uptime  %HQ Route Uptime Route Switches Packet Drop (Expiry) Packet Drop (Queue Management) Packet Drop (Retry) Packet Drop (Overflow) Packet Drop (No Route) Packet Reinserted (TCP)          Flow_ID
/home/pathey/Workspace/665/665-copy-project-7/Results/phase2_crossflow_1200m_mcs0_3Mbps/Flow_Node0-Node8.csv      1              1831              783 0.427635   1.702874             4839     10032               8.0            1.0               1.0              0                 1026                              0                  25                      0                      0                       0 Flow_Node0-Node8
                                                                                                        Mean                   1831.0            783.0 0.427635   1.702874           4839.0   10032.0               8.0            1.0               1.0            0.0                                                                                                                                                               
                                                                                                      Median                   1831.0            783.0 0.427635   1.702874           4839.0   10032.0               8.0            1.0               1.0            0.0                                                                                                                                                               
                                                                                                95% CI Lower                      NaN              NaN      NaN        NaN              NaN       NaN               NaN            NaN               NaN            NaN                                                                                                                                                               
                                                                                                95% CI Upper                      NaN              NaN      NaN        NaN              NaN       NaN               NaN            NaN               NaN            NaN                                                                                                                                                               
Instantaneous PDR data saved to /home/pathey/Workspace/665/665-copy-project-7/Results/phase2_crossflow_1200m_mcs0_3Mbps/instantaneous_pdr.csv

=== Flow-level Summary (All Metrics) ===
Empty DataFrame
Columns: [Pkt ID, Route, Generation Time (in s), First Tx At (in s), Delay (in s), Times Packet Forwarded, Retransmissions, Packet Size (in bytes), Tx Power (in watt), Average Transmission Power in the route (in watt), Min. SINR Along Route, SINR at Flow Dest, Min. Data Rate Along Route (in Mbps), Data Rate at Flow Src (in Mbps), Base Packet ID]
Index: []

Flow Flow_Node0-Node8:
  Packets Generated: 1831.00
  Packets Received : 783.00
  PDR              : 0.428
  Avg Delay (s)    : 1.7029
  Max Delay (s)    : 3.0067
  95th %ile Delay(s): 2.9883
  Retransmissions  : 4839.00
  Forwards         : 10032.00
  Drops (Expiry)   : 1026
  Drops (Queue Mgmt): 0
  Drops (Retry)    : 25
  Drops (Overflow) : 0
  Drops (No Route) : 0
  TCP Reinsertions : 0
Avg:  Packets generated: 1831 Packets received: 783 PDR: 0.4276351720371382 Avg delay: 1.7028742171136657 Retransmissions: 4839 Packet forwards: 10032 Route length: 8.0 Route uptime: 1.0 HQ Route Uptime: 1.0 Route switches: 0.0 

Plot saved to: /home/pathey/Workspace/665/665-copy-project-7/Results/phase2_crossflow_1200m_mcs0_3Mbps/instantaneous_pdr_plot.png
Delay-over-time plot saved to: /home/pathey/Workspace/665/665-copy-project-7/Results/phase2_crossflow_1200m_mcs0_3Mbps/delay_over_time.png
