Rows with invalid delay (0 or inf):
                               Pkt ID                        Route  ...  Min. Data Rate Along Route (in Mbps)  Data Rate at Flow Src (in Mbps)
172    2000945315722_Node0_Node8_Zero  [0, 1, 2, 3, 4, 5, 6, 7, 8]  ...                                    11                               11
191    2001049147103_Node0_Node8_Zero  [0, 1, 2, 3, 4, 5, 6, 7, 8]  ...                                    11                               11
202    2001109246714_Node0_Node8_Zero  [0, 1, 2, 3, 4, 5, 6, 7, 8]  ...                                    11                               11
204    2001120180388_Node0_Node8_Zero  [0, 1, 2, 3, 4, 5, 6, 7, 8]  ...                                    11                               11
470    2002573818626_Node0_Node8_Zero  [0, 1, 2, 3, 4, 5, 6, 7, 8]  ...                                    11                               11
...                               ...                          ...  ...                                   ...                              ...
18296  2099983403707_Node0_Node8_Zero  [0, 1, 2, 3, 4, 5, 6, 7, 8]  ...                                    11                               11
18297  2099988863868_Node0_Node8_Zero  [0, 1, 2, 3, 4, 5, 6, 7, 8]  ...                                    11                               11
18298  2099994324700_Node0_Node8_Zero  [0, 1, 2, 3, 4, 5, 6, 7, 8]  ...                                    11                               11
18299  2099999789037_Node0_Node8_Zero  [0, 1, 2, 3, 4, 5, 6, 7, 8]  ...                                    11                               11
18300  2100005251106_Node0_Node8_Zero  [0, 1, 2, 3, 4, 5, 6, 7, 8]  ...                                    11                               11

[17646 rows x 14 columns]
Parent directory is not in 'WARx' format.
DEBUG Flow file=Flow_Node0-Node8.csv, Extracted src=0, dst=8
DEBUG Route dict candidate=[0, 8]
Unique nodes participated for this flow: [0, 1, 2, 3, 4, 5, 6, 7, 8]
node 0 total drops: 206 drop_expiry 0 0 drop_q_mngmnt 0 0 drop_retry 206 206 drop_overflow 0 0 drop_no_route 0 0
node 1 total drops: 1755 drop_expiry 1744 1744 drop_q_mngmnt 0 0 drop_retry 11 217 drop_overflow 0 0 drop_no_route 0 0
node 2 total drops: 4616 drop_expiry 4614 6358 drop_q_mngmnt 0 0 drop_retry 2 219 drop_overflow 0 0 drop_no_route 0 0
node 3 total drops: 5588 drop_expiry 5587 11945 drop_q_mngmnt 0 0 drop_retry 1 220 drop_overflow 0 0 drop_no_route 0 0
node 4 total drops: 3903 drop_expiry 3901 15846 drop_q_mngmnt 0 0 drop_retry 2 222 drop_overflow 0 0 drop_no_route 0 0
node 5 total drops: 1239 drop_expiry 1239 17085 drop_q_mngmnt 0 0 drop_retry 0 222 drop_overflow 0 0 drop_no_route 0 0
node 6 total drops: 284 drop_expiry 284 17369 drop_q_mngmnt 0 0 drop_retry 0 222 drop_overflow 0 0 drop_no_route 0 0
node 7 total drops: 58 drop_expiry 58 17427 drop_q_mngmnt 0 0 drop_retry 0 222 drop_overflow 0 0 drop_no_route 0 0
node 8 total drops: 0 drop_expiry 0 17427 drop_q_mngmnt 0 0 drop_retry 0 222 drop_overflow 0 0 drop_no_route 0 0
                                                                                                   File Path Run No Packets Generated Packets Received     PDR  Avg Delay #Retransmissions #Forwards  Avg Route Length  %Route Uptime  %HQ Route Uptime Route Switches Packet Drop (Expiry) Packet Drop (Queue Management) Packet Drop (Retry) Packet Drop (Overflow) Packet Drop (No Route) Packet Reinserted (TCP)          Flow_ID
/home/pathey/Workspace/665/665-copy-project-7/Results/phase3_crossflow_1000m_mcs0_3Mbps/Flow_Node0-Node8.csv      1             18301              655 0.03579   1.699622            22758     56899               8.0            1.0               1.0              0                17427                              0                 222                      0                      0                       0 Flow_Node0-Node8
                                                                                                        Mean                  18301.0            655.0 0.03579   1.699622          22758.0   56899.0               8.0            1.0               1.0            0.0                                                                                                                                                               
                                                                                                      Median                  18301.0            655.0 0.03579   1.699622          22758.0   56899.0               8.0            1.0               1.0            0.0                                                                                                                                                               
                                                                                                95% CI Lower                      NaN              NaN     NaN        NaN              NaN       NaN               NaN            NaN               NaN            NaN                                                                                                                                                               
                                                                                                95% CI Upper                      NaN              NaN     NaN        NaN              NaN       NaN               NaN            NaN               NaN            NaN                                                                                                                                                               
Instantaneous PDR data saved to /home/pathey/Workspace/665/665-copy-project-7/Results/phase3_crossflow_1000m_mcs0_3Mbps/instantaneous_pdr.csv

=== Flow-level Summary (All Metrics) ===
Empty DataFrame
Columns: [Pkt ID, Route, Generation Time (in s), First Tx At (in s), Delay (in s), Times Packet Forwarded, Retransmissions, Packet Size (in bytes), Tx Power (in watt), Average Transmission Power in the route (in watt), Min. SINR Along Route, SINR at Flow Dest, Min. Data Rate Along Route (in Mbps), Data Rate at Flow Src (in Mbps), Base Packet ID]
Index: []

Flow Flow_Node0-Node8:
  Packets Generated: 18301.00
  Packets Received : 655.00
  PDR              : 0.036
  Avg Delay (s)    : 1.6996
  Max Delay (s)    : 3.0077
  95th %ile Delay(s): 2.9997
  Retransmissions  : 22758.00
  Forwards         : 56899.00
  Drops (Expiry)   : 17427
  Drops (Queue Mgmt): 0
  Drops (Retry)    : 222
  Drops (Overflow) : 0
  Drops (No Route) : 0
  TCP Reinsertions : 0
Avg:  Packets generated: 18301 Packets received: 655 PDR: 0.03579039396754276 Avg delay: 1.6996224320610687 Retransmissions: 22758 Packet forwards: 56899 Route length: 8.0 Route uptime: 1.0 HQ Route Uptime: 1.0 Route switches: 0.0 

Plot saved to: /home/pathey/Workspace/665/665-copy-project-7/Results/phase3_crossflow_1000m_mcs0_3Mbps/instantaneous_pdr_plot.png
Delay-over-time plot saved to: /home/pathey/Workspace/665/665-copy-project-7/Results/phase3_crossflow_1000m_mcs0_3Mbps/delay_over_time.png
