Rows with invalid delay (0 or inf):
                             Pkt ID            Route  ...  Min. Data Rate Along Route (in Mbps)  Data Rate at Flow Src (in Mbps)
0    2000016392412_Node0_Node8_Zero  [0, 2, 4, 6, 8]  ...                                    33                               33
1    2000032790479_Node0_Node8_Zero  [0, 2, 4, 6, 8]  ...                                    33                               33
2    2000049186541_Node0_Node8_Zero  [0, 2, 4, 6, 8]  ...                                    33                               33
3    2000065578020_Node0_Node8_Zero  [0, 2, 4, 6, 8]  ...                                    33                               33
4    2000081976387_Node0_Node8_Zero  [0, 2, 4, 6, 8]  ...                                    33                               33
..                              ...              ...  ...                                   ...                              ...
541  2008885195533_Node0_Node8_Zero  [0, 2, 4, 6, 8]  ...                                    11                               22
569  2009344221235_Node0_Node8_Zero  [0, 2, 4, 6, 8]  ...                                    11                               11
571  2009377005118_Node0_Node8_Zero  [0, 2, 4, 6, 8]  ...                                    11                               11
583  2009573736893_Node0_Node8_Zero  [0, 2, 4, 6, 8]  ...                                    11                               11
586  2009622927542_Node0_Node8_Zero  [0, 2, 4, 6, 8]  ...                                    11                               11

[86 rows x 14 columns]
Parent directory is not in 'WARx' format.
DEBUG Flow file=Flow_Node0-Node8.csv, Extracted src=0, dst=8
DEBUG Route dict candidate=[0, 8]
Unique nodes participated for this flow: [0, 2, 4, 6, 8]
node 0 total drops: 339 drop_expiry 53 53 drop_q_mngmnt 0 0 drop_retry 286 286 drop_overflow 0 0 drop_no_route 0 0
node 2 total drops: 27 drop_expiry 1 54 drop_q_mngmnt 0 0 drop_retry 26 312 drop_overflow 0 0 drop_no_route 0 0
node 4 total drops: 228 drop_expiry 104 158 drop_q_mngmnt 0 0 drop_retry 124 436 drop_overflow 0 0 drop_no_route 0 0
node 6 total drops: 104 drop_expiry 8 166 drop_q_mngmnt 0 0 drop_retry 96 532 drop_overflow 0 0 drop_no_route 0 0
node 8 total drops: 0 drop_expiry 0 166 drop_q_mngmnt 0 0 drop_retry 0 532 drop_overflow 0 0 drop_no_route 0 0
                                                                                                                             File Path Run No Packets Generated Packets Received      PDR  Avg Delay #Retransmissions #Forwards  Avg Route Length  %Route Uptime  %HQ Route Uptime Route Switches Packet Drop (Expiry) Packet Drop (Queue Management) Packet Drop (Retry) Packet Drop (Overflow) Packet Drop (No Route) Packet Reinserted (TCP)          Flow_ID
/home/pathey/Workspace/665/665-copy-project-7/Results/phase1_daisy_500m_mcs_adaptive_1Mbps_0.9increment_threshold/Flow_Node0-Node8.csv      1               611              525 0.859247   0.789698             4897      1609               4.0            1.0               1.0              0                  166                              0                 532                      0                      0                       0 Flow_Node0-Node8
                                                                                                                                  Mean                    611.0            525.0 0.859247   0.789698           4897.0    1609.0               4.0            1.0               1.0            0.0                                                                                                                                                               
                                                                                                                                Median                    611.0            525.0 0.859247   0.789698           4897.0    1609.0               4.0            1.0               1.0            0.0                                                                                                                                                               
                                                                                                                          95% CI Lower                      NaN              NaN      NaN        NaN              NaN       NaN               NaN            NaN               NaN            NaN                                                                                                                                                               
                                                                                                                          95% CI Upper                      NaN              NaN      NaN        NaN              NaN       NaN               NaN            NaN               NaN            NaN                                                                                                                                                               
Instantaneous PDR data saved to /home/pathey/Workspace/665/665-copy-project-7/Results/phase1_daisy_500m_mcs_adaptive_1Mbps_0.9increment_threshold/instantaneous_pdr.csv

=== Flow-level Summary (All Metrics) ===
Empty DataFrame
Columns: [Pkt ID, Route, Generation Time (in s), First Tx At (in s), Delay (in s), Times Packet Forwarded, Retransmissions, Packet Size (in bytes), Tx Power (in watt), Average Transmission Power in the route (in watt), Min. SINR Along Route, SINR at Flow Dest, Min. Data Rate Along Route (in Mbps), Data Rate at Flow Src (in Mbps), Base Packet ID]
Index: []

Flow Flow_Node0-Node8:
  Packets Generated: 611.00
  Packets Received : 525.00
  PDR              : 0.859
  Avg Delay (s)    : 0.7897
  Max Delay (s)    : 4.2060
  95th %ile Delay(s): 1.8521
  Retransmissions  : 4897.00
  Forwards         : 1609.00
  Drops (Expiry)   : 166
  Drops (Queue Mgmt): 0
  Drops (Retry)    : 532
  Drops (Overflow) : 0
  Drops (No Route) : 0
  TCP Reinsertions : 0
Avg:  Packets generated: 611 Packets received: 525 PDR: 0.8592471358428805 Avg delay: 0.789698019047619 Retransmissions: 4897 Packet forwards: 1609 Route length: 4.0 Route uptime: 1.0 HQ Route Uptime: 1.0 Route switches: 0.0 

Plot saved to: /home/pathey/Workspace/665/665-copy-project-7/Results/phase1_daisy_500m_mcs_adaptive_1Mbps_0.9increment_threshold/instantaneous_pdr_plot.png
Delay-over-time plot saved to: /home/pathey/Workspace/665/665-copy-project-7/Results/phase1_daisy_500m_mcs_adaptive_1Mbps_0.9increment_threshold/delay_over_time.png
