Rows with invalid delay (0 or inf):
                               Pkt ID                        Route  ...  Min. Data Rate Along Route (in Mbps)  Data Rate at Flow Src (in Mbps)
0      2000004097330_Node0_Node8_Zero  [0, 1, 2, 3, 4, 5, 6, 7, 8]  ...                                    33                               33
1      2000008200315_Node0_Node8_Zero  [0, 1, 2, 3, 4, 5, 6, 7, 8]  ...                                    33                               33
2      2000012296848_Node0_Node8_Zero  [0, 1, 2, 3, 4, 5, 6, 7, 8]  ...                                    33                               33
3      2000016399647_Node0_Node8_Zero  [0, 1, 2, 3, 4, 5, 6, 7, 8]  ...                                    33                               33
4      2000020494571_Node0_Node8_Zero  [0, 1, 2, 3, 4, 5, 6, 7, 8]  ...                                    33                               33
...                               ...                          ...  ...                                   ...                              ...
24395  2099983550807_Node0_Node8_Zero  [0, 1, 2, 3, 4, 5, 6, 7, 8]  ...                                    22                               33
24396  2099987653479_Node0_Node8_Zero  [0, 1, 2, 3, 4, 5, 6, 7, 8]  ...                                    22                               33
24397  2099991751543_Node0_Node8_Zero  [0, 1, 2, 3, 4, 5, 6, 7, 8]  ...                                    22                               33
24399  2099999947558_Node0_Node8_Zero  [0, 1, 2, 3, 4, 5, 6, 7, 8]  ...                                    22                               33
24400  2100004044741_Node0_Node8_Zero  [0, 1, 2, 3, 4, 5, 6, 7, 8]  ...                                    22                               33

[24283 rows x 14 columns]
Parent directory is not in 'WARx' format.
DEBUG Flow file=Flow_Node0-Node8.csv, Extracted src=0, dst=8
DEBUG Route dict candidate=[0, 8]
Unique nodes participated for this flow: [0, 1, 2, 3, 4, 5, 6, 7, 8]
node 0 total drops: 24 drop_expiry 0 0 drop_q_mngmnt 0 0 drop_retry 24 24 drop_overflow 0 0 drop_no_route 0 0
node 1 total drops: 11 drop_expiry 0 0 drop_q_mngmnt 0 0 drop_retry 11 35 drop_overflow 0 0 drop_no_route 0 0
node 2 total drops: 5 drop_expiry 0 0 drop_q_mngmnt 0 0 drop_retry 5 40 drop_overflow 0 0 drop_no_route 0 0
node 3 total drops: 24229 drop_expiry 24208 24208 drop_q_mngmnt 0 0 drop_retry 21 61 drop_overflow 0 0 drop_no_route 0 0
node 4 total drops: 817 drop_expiry 784 24992 drop_q_mngmnt 0 0 drop_retry 33 94 drop_overflow 0 0 drop_no_route 0 0
node 5 total drops: 369 drop_expiry 329 25321 drop_q_mngmnt 0 0 drop_retry 40 134 drop_overflow 0 0 drop_no_route 0 0
node 6 total drops: 231 drop_expiry 153 25474 drop_q_mngmnt 0 0 drop_retry 78 212 drop_overflow 0 0 drop_no_route 0 0
node 7 total drops: 143 drop_expiry 77 25551 drop_q_mngmnt 0 0 drop_retry 66 278 drop_overflow 0 0 drop_no_route 0 0
node 8 total drops: 0 drop_expiry 0 25551 drop_q_mngmnt 0 0 drop_retry 0 278 drop_overflow 0 0 drop_no_route 0 0
                                                                                                                         File Path Run No Packets Generated Packets Received      PDR  Avg Delay #Retransmissions #Forwards  Avg Route Length  %Route Uptime  %HQ Route Uptime Route Switches Packet Drop (Expiry) Packet Drop (Queue Management) Packet Drop (Retry) Packet Drop (Overflow) Packet Drop (No Route) Packet Reinserted (TCP)          Flow_ID
/home/pathey/Workspace/665/665-copy-project-7/Results/phase3_crossflow_1000m_mcs_adaptive_4Mbps_0.7inc_1.5dec/Flow_Node0-Node8.csv      1             24401              118 0.004836    2.70037             7830     73300               8.0            1.0               1.0              0                25551                              0                 278                      0                      0                       0 Flow_Node0-Node8
                                                                                                                              Mean                  24401.0            118.0 0.004836    2.70037           7830.0   73300.0               8.0            1.0               1.0            0.0                                                                                                                                                               
                                                                                                                            Median                  24401.0            118.0 0.004836    2.70037           7830.0   73300.0               8.0            1.0               1.0            0.0                                                                                                                                                               
                                                                                                                      95% CI Lower                      NaN              NaN      NaN        NaN              NaN       NaN               NaN            NaN               NaN            NaN                                                                                                                                                               
                                                                                                                      95% CI Upper                      NaN              NaN      NaN        NaN              NaN       NaN               NaN            NaN               NaN            NaN                                                                                                                                                               
Instantaneous PDR data saved to /home/pathey/Workspace/665/665-copy-project-7/Results/phase3_crossflow_1000m_mcs_adaptive_4Mbps_0.7inc_1.5dec/instantaneous_pdr.csv

=== Flow-level Summary (All Metrics) ===
Empty DataFrame
Columns: [Pkt ID, Route, Generation Time (in s), First Tx At (in s), Delay (in s), Times Packet Forwarded, Retransmissions, Packet Size (in bytes), Tx Power (in watt), Average Transmission Power in the route (in watt), Min. SINR Along Route, SINR at Flow Dest, Min. Data Rate Along Route (in Mbps), Data Rate at Flow Src (in Mbps), Base Packet ID]
Index: []

Flow Flow_Node0-Node8:
  Packets Generated: 24401.00
  Packets Received : 118.00
  PDR              : 0.005
  Avg Delay (s)    : 2.7004
  Max Delay (s)    : 3.0603
  95th %ile Delay(s): 3.0136
  Retransmissions  : 7830.00
  Forwards         : 73300.00
  Drops (Expiry)   : 25551
  Drops (Queue Mgmt): 0
  Drops (Retry)    : 278
  Drops (Overflow) : 0
  Drops (No Route) : 0
  TCP Reinsertions : 0
Avg:  Packets generated: 24401 Packets received: 118 PDR: 0.004835867382484324 Avg delay: 2.7003704576271197 Retransmissions: 7830 Packet forwards: 73300 Route length: 8.0 Route uptime: 1.0 HQ Route Uptime: 1.0 Route switches: 0.0 

Plot saved to: /home/pathey/Workspace/665/665-copy-project-7/Results/phase3_crossflow_1000m_mcs_adaptive_4Mbps_0.7inc_1.5dec/instantaneous_pdr_plot.png
Delay-over-time plot saved to: /home/pathey/Workspace/665/665-copy-project-7/Results/phase3_crossflow_1000m_mcs_adaptive_4Mbps_0.7inc_1.5dec/delay_over_time.png
