Rows with invalid delay (0 or inf):
                              Pkt ID                        Route  ...  Min. Data Rate Along Route (in Mbps)  Data Rate at Flow Src (in Mbps)
0     2000005463450_Node0_Node8_Zero  [0, 1, 2, 3, 4, 5, 6, 7, 8]  ...                                    22                               22
1     2000010932556_Node0_Node8_Zero  [0, 1, 2, 3, 4, 5, 6, 7, 8]  ...                                    22                               22
2     2000016399784_Node0_Node8_Zero  [0, 1, 2, 3, 4, 5, 6, 7, 8]  ...                                    22                               22
3     2000021865213_Node0_Node8_Zero  [0, 1, 2, 3, 4, 5, 6, 7, 8]  ...                                    22                               22
4     2000027328792_Node0_Node8_Zero  [0, 1, 2, 3, 4, 5, 6, 7, 8]  ...                                    22                               22
...                              ...                          ...  ...                                   ...                              ...
1825  2009978231245_Node0_Node8_Zero  [0, 1, 2, 3, 4, 5, 6, 7, 8]  ...                                    22                               22
1826  2009983698037_Node0_Node8_Zero  [0, 1, 2, 3, 4, 5, 6, 7, 8]  ...                                    22                               22
1827  2009989161215_Node0_Node8_Zero  [0, 1, 2, 3, 4, 5, 6, 7, 8]  ...                                    22                               22
1828  2009994628027_Node0_Node8_Zero  [0, 1, 2, 3, 4, 5, 6, 7, 8]  ...                                    22                               22
1829  2010000089440_Node0_Node8_Zero  [0, 1, 2, 3, 4, 5, 6, 7, 8]  ...                                    22                               22

[70 rows x 14 columns]
Parent directory is not in 'WARx' format.
DEBUG Flow file=Flow_Node0-Node8.csv, Extracted src=0, dst=8
DEBUG Route dict candidate=[0, 8]
Unique nodes participated for this flow: [0, 1, 2, 3, 4, 5, 6, 7, 8]
node 0 total drops: 30 drop_expiry 0 0 drop_q_mngmnt 0 0 drop_retry 30 30 drop_overflow 0 0 drop_no_route 0 0
node 1 total drops: 29 drop_expiry 15 15 drop_q_mngmnt 0 0 drop_retry 14 44 drop_overflow 0 0 drop_no_route 0 0
node 2 total drops: 3 drop_expiry 0 15 drop_q_mngmnt 0 0 drop_retry 3 47 drop_overflow 0 0 drop_no_route 0 0
node 3 total drops: 2 drop_expiry 0 15 drop_q_mngmnt 0 0 drop_retry 2 49 drop_overflow 0 0 drop_no_route 0 0
node 4 total drops: 2 drop_expiry 0 15 drop_q_mngmnt 0 0 drop_retry 2 51 drop_overflow 0 0 drop_no_route 0 0
node 5 total drops: 2 drop_expiry 0 15 drop_q_mngmnt 0 0 drop_retry 2 53 drop_overflow 0 0 drop_no_route 0 0
node 6 total drops: 2 drop_expiry 0 15 drop_q_mngmnt 0 0 drop_retry 2 55 drop_overflow 0 0 drop_no_route 0 0
node 7 total drops: 2 drop_expiry 0 15 drop_q_mngmnt 0 0 drop_retry 2 57 drop_overflow 0 0 drop_no_route 0 0
node 8 total drops: 0 drop_expiry 0 15 drop_q_mngmnt 0 0 drop_retry 0 57 drop_overflow 0 0 drop_no_route 0 0
                                                                                               File Path Run No Packets Generated Packets Received      PDR  Avg Delay #Retransmissions #Forwards  Avg Route Length  %Route Uptime  %HQ Route Uptime Route Switches Packet Drop (Expiry) Packet Drop (Queue Management) Packet Drop (Retry) Packet Drop (Overflow) Packet Drop (No Route) Packet Reinserted (TCP)          Flow_ID
/home/pathey/Workspace/665/665-copy-project-7/Results/phase1_daisy_1200m_mcs1_3Mbps/Flow_Node0-Node8.csv      1              1830             1760 0.961749   0.883079             5524     14161               8.0            1.0               1.0              0                   15                              0                  57                      0                      0                       0 Flow_Node0-Node8
                                                                                                    Mean                   1830.0           1760.0 0.961749   0.883079           5524.0   14161.0               8.0            1.0               1.0            0.0                                                                                                                                                               
                                                                                                  Median                   1830.0           1760.0 0.961749   0.883079           5524.0   14161.0               8.0            1.0               1.0            0.0                                                                                                                                                               
                                                                                            95% CI Lower                      NaN              NaN      NaN        NaN              NaN       NaN               NaN            NaN               NaN            NaN                                                                                                                                                               
                                                                                            95% CI Upper                      NaN              NaN      NaN        NaN              NaN       NaN               NaN            NaN               NaN            NaN                                                                                                                                                               
Instantaneous PDR data saved to /home/pathey/Workspace/665/665-copy-project-7/Results/phase1_daisy_1200m_mcs1_3Mbps/instantaneous_pdr.csv

=== Flow-level Summary (All Metrics) ===
Empty DataFrame
Columns: [Pkt ID, Route, Generation Time (in s), First Tx At (in s), Delay (in s), Times Packet Forwarded, Retransmissions, Packet Size (in bytes), Tx Power (in watt), Average Transmission Power in the route (in watt), Min. SINR Along Route, SINR at Flow Dest, Min. Data Rate Along Route (in Mbps), Data Rate at Flow Src (in Mbps), Base Packet ID]
Index: []

Flow Flow_Node0-Node8:
  Packets Generated: 1830.00
  Packets Received : 1760.00
  PDR              : 0.962
  Avg Delay (s)    : 0.8831
  Max Delay (s)    : 1.6734
  95th %ile Delay(s): 1.6367
  Retransmissions  : 5524.00
  Forwards         : 14161.00
  Drops (Expiry)   : 15
  Drops (Queue Mgmt): 0
  Drops (Retry)    : 57
  Drops (Overflow) : 0
  Drops (No Route) : 0
  TCP Reinsertions : 0
Avg:  Packets generated: 1830 Packets received: 1760 PDR: 0.9617486338797814 Avg delay: 0.8830785613636363 Retransmissions: 5524 Packet forwards: 14161 Route length: 8.0 Route uptime: 1.0 HQ Route Uptime: 1.0 Route switches: 0.0 

Plot saved to: /home/pathey/Workspace/665/665-copy-project-7/Results/phase1_daisy_1200m_mcs1_3Mbps/instantaneous_pdr_plot.png
Delay-over-time plot saved to: /home/pathey/Workspace/665/665-copy-project-7/Results/phase1_daisy_1200m_mcs1_3Mbps/delay_over_time.png
