Rows with invalid delay (0 or inf):
                              Pkt ID            Route  ...  Min. Data Rate Along Route (in Mbps)  Data Rate at Flow Src (in Mbps)
0     2000005463450_Node0_Node8_Zero  [0, 2, 4, 6, 8]  ...                                    33                               33
1     2000010932556_Node0_Node8_Zero  [0, 2, 4, 6, 8]  ...                                    33                               33
2     2000016395724_Node0_Node8_Zero  [0, 2, 4, 6, 8]  ...                                    33                               33
3     2000021857829_Node0_Node8_Zero  [0, 2, 4, 6, 8]  ...                                    33                               33
4     2000027317513_Node0_Node8_Zero  [0, 2, 4, 6, 8]  ...                                    33                               33
...                              ...              ...  ...                                   ...                              ...
1826  2009983411990_Node0_Node8_Zero  [0, 2, 4, 6, 8]  ...                                    22                               22
1827  2009988871623_Node0_Node8_Zero  [0, 2, 4, 6, 8]  ...                                    22                               22
1828  2009994334858_Node0_Node8_Zero  [0, 2, 4, 6, 8]  ...                                    22                               22
1829  2009999795393_Node0_Node8_Zero  [0, 2, 4, 6, 8]  ...                                    22                               22
1830  2010005257838_Node0_Node8_Zero  [0, 2, 4, 6, 8]  ...                                    22                               22

[1619 rows x 14 columns]
Parent directory is not in 'WARx' format.
DEBUG Flow file=Flow_Node0-Node8.csv, Extracted src=0, dst=8
DEBUG Route dict candidate=[0, 8]
Unique nodes participated for this flow: [0, 2, 4, 6, 8]
node 0 total drops: 1606 drop_expiry 1452 1452 drop_q_mngmnt 0 0 drop_retry 154 154 drop_overflow 0 0 drop_no_route 0 0
node 2 total drops: 1652 drop_expiry 1580 3032 drop_q_mngmnt 0 0 drop_retry 72 226 drop_overflow 0 0 drop_no_route 0 0
node 4 total drops: 180 drop_expiry 132 3164 drop_q_mngmnt 0 0 drop_retry 48 274 drop_overflow 0 0 drop_no_route 0 0
node 6 total drops: 159 drop_expiry 56 3220 drop_q_mngmnt 0 0 drop_retry 103 377 drop_overflow 0 0 drop_no_route 0 0
node 8 total drops: 0 drop_expiry 0 3220 drop_q_mngmnt 0 0 drop_retry 0 377 drop_overflow 0 0 drop_no_route 0 0
                                                                                                                                  File Path Run No Packets Generated Packets Received      PDR  Avg Delay #Retransmissions #Forwards  Avg Route Length  %Route Uptime  %HQ Route Uptime Route Switches Packet Drop (Expiry) Packet Drop (Queue Management) Packet Drop (Retry) Packet Drop (Overflow) Packet Drop (No Route) Packet Reinserted (TCP)          Flow_ID
/home/pathey/Workspace/665/665-copy-project-7/Results/phase2_crossflow_500m_mcs_adaptive_3Mbps_0.95decrement_threshold/Flow_Node0-Node8.csv      1              1831              212 0.115784   1.533768             8110       268               4.0            1.0               1.0              0                 3220                              0                 377                      0                      0                       0 Flow_Node0-Node8
                                                                                                                                       Mean                   1831.0            212.0 0.115784   1.533768           8110.0     268.0               4.0            1.0               1.0            0.0                                                                                                                                                               
                                                                                                                                     Median                   1831.0            212.0 0.115784   1.533768           8110.0     268.0               4.0            1.0               1.0            0.0                                                                                                                                                               
                                                                                                                               95% CI Lower                      NaN              NaN      NaN        NaN              NaN       NaN               NaN            NaN               NaN            NaN                                                                                                                                                               
                                                                                                                               95% CI Upper                      NaN              NaN      NaN        NaN              NaN       NaN               NaN            NaN               NaN            NaN                                                                                                                                                               
Instantaneous PDR data saved to /home/pathey/Workspace/665/665-copy-project-7/Results/phase2_crossflow_500m_mcs_adaptive_3Mbps_0.95decrement_threshold/instantaneous_pdr.csv

=== Flow-level Summary (All Metrics) ===
Empty DataFrame
Columns: [Pkt ID, Route, Generation Time (in s), First Tx At (in s), Delay (in s), Times Packet Forwarded, Retransmissions, Packet Size (in bytes), Tx Power (in watt), Average Transmission Power in the route (in watt), Min. SINR Along Route, SINR at Flow Dest, Min. Data Rate Along Route (in Mbps), Data Rate at Flow Src (in Mbps), Base Packet ID]
Index: []

Flow Flow_Node0-Node8:
  Packets Generated: 1831.00
  Packets Received : 212.00
  PDR              : 0.116
  Avg Delay (s)    : 1.5338
  Max Delay (s)    : 3.7877
  95th %ile Delay(s): 3.3765
  Retransmissions  : 8110.00
  Forwards         : 268.00
  Drops (Expiry)   : 3220
  Drops (Queue Mgmt): 0
  Drops (Retry)    : 377
  Drops (Overflow) : 0
  Drops (No Route) : 0
  TCP Reinsertions : 0
Avg:  Packets generated: 1831 Packets received: 212 PDR: 0.11578372474057892 Avg delay: 1.5337677594339623 Retransmissions: 8110 Packet forwards: 268 Route length: 4.0 Route uptime: 1.0 HQ Route Uptime: 1.0 Route switches: 0.0 

Plot saved to: /home/pathey/Workspace/665/665-copy-project-7/Results/phase2_crossflow_500m_mcs_adaptive_3Mbps_0.95decrement_threshold/instantaneous_pdr_plot.png
Delay-over-time plot saved to: /home/pathey/Workspace/665/665-copy-project-7/Results/phase2_crossflow_500m_mcs_adaptive_3Mbps_0.95decrement_threshold/delay_over_time.png
