Rows with invalid delay (0 or inf):
                              Pkt ID                        Route  ...  Min. Data Rate Along Route (in Mbps)  Data Rate at Flow Src (in Mbps)
0     2000005463450_Node0_Node8_Zero  [0, 1, 2, 3, 4, 5, 6, 7, 8]  ...                                    33                               33
1     2000010932556_Node0_Node8_Zero  [0, 1, 2, 3, 4, 5, 6, 7, 8]  ...                                    33                               33
2     2000016395391_Node0_Node8_Zero  [0, 1, 2, 3, 4, 5, 6, 7, 8]  ...                                    33                               33
3     2000021860571_Node0_Node8_Zero  [0, 1, 2, 3, 4, 5, 6, 7, 8]  ...                                    33                               33
4     2000027327671_Node0_Node8_Zero  [0, 1, 2, 3, 4, 5, 6, 7, 8]  ...                                    33                               33
...                              ...                          ...  ...                                   ...                              ...
1604  2008770433990_Node0_Node8_Zero  [0, 1, 2, 3, 4, 5, 6, 7, 8]  ...                                    22                               22
1605  2008775901960_Node0_Node8_Zero  [0, 1, 2, 3, 4, 5, 6, 7, 8]  ...                                    22                               22
1606  2008781367147_Node0_Node8_Zero  [0, 1, 2, 3, 4, 5, 6, 7, 8]  ...                                    22                               22
1607  2008786828849_Node0_Node8_Zero  [0, 1, 2, 3, 4, 5, 6, 7, 8]  ...                                    22                               22
1608  2008792290743_Node0_Node8_Zero  [0, 1, 2, 3, 4, 5, 6, 7, 8]  ...                                    22                               22

[1232 rows x 14 columns]
Parent directory is not in 'WARx' format.
DEBUG Flow file=Flow_Node0-Node8.csv, Extracted src=0, dst=8
DEBUG Route dict candidate=[0, 8]
Unique nodes participated for this flow: [0, 1, 2, 3, 4, 5, 6, 7, 8]
node 0 total drops: 1085 drop_expiry 1036 1036 drop_q_mngmnt 0 0 drop_retry 49 49 drop_overflow 0 0 drop_no_route 0 0
node 1 total drops: 564 drop_expiry 537 1573 drop_q_mngmnt 0 0 drop_retry 27 76 drop_overflow 0 0 drop_no_route 0 0
node 2 total drops: 675 drop_expiry 649 2222 drop_q_mngmnt 0 0 drop_retry 26 102 drop_overflow 0 0 drop_no_route 0 0
node 3 total drops: 209 drop_expiry 183 2405 drop_q_mngmnt 0 0 drop_retry 26 128 drop_overflow 0 0 drop_no_route 0 0
node 4 total drops: 63 drop_expiry 56 2461 drop_q_mngmnt 0 0 drop_retry 7 135 drop_overflow 0 0 drop_no_route 0 0
node 5 total drops: 246 drop_expiry 239 2700 drop_q_mngmnt 0 0 drop_retry 7 142 drop_overflow 0 0 drop_no_route 0 0
node 6 total drops: 271 drop_expiry 182 2882 drop_q_mngmnt 0 0 drop_retry 89 231 drop_overflow 0 0 drop_no_route 0 0
node 7 total drops: 225 drop_expiry 187 3069 drop_q_mngmnt 0 0 drop_retry 38 269 drop_overflow 0 0 drop_no_route 0 0
node 8 total drops: 0 drop_expiry 0 3069 drop_q_mngmnt 0 0 drop_retry 0 269 drop_overflow 0 0 drop_no_route 0 0
                                                                                                                               File Path Run No Packets Generated Packets Received      PDR  Avg Delay #Retransmissions #Forwards  Avg Route Length  %Route Uptime  %HQ Route Uptime Route Switches Packet Drop (Expiry) Packet Drop (Queue Management) Packet Drop (Retry) Packet Drop (Overflow) Packet Drop (No Route) Packet Reinserted (TCP)          Flow_ID
/home/pathey/Workspace/665/665-copy-project-7/Results/phase1_daisy_1200m_mcs_adaptive_3Mbps_0.95decrement_threshold/Flow_Node0-Node8.csv      1              1830              377 0.206011    2.67989             8413      3845               8.0            1.0               1.0              0                 3069                              0                 269                      0                      0                       0 Flow_Node0-Node8
                                                                                                                                    Mean                   1830.0            377.0 0.206011    2.67989           8413.0    3845.0               8.0            1.0               1.0            0.0                                                                                                                                                               
                                                                                                                                  Median                   1830.0            377.0 0.206011    2.67989           8413.0    3845.0               8.0            1.0               1.0            0.0                                                                                                                                                               
                                                                                                                            95% CI Lower                      NaN              NaN      NaN        NaN              NaN       NaN               NaN            NaN               NaN            NaN                                                                                                                                                               
                                                                                                                            95% CI Upper                      NaN              NaN      NaN        NaN              NaN       NaN               NaN            NaN               NaN            NaN                                                                                                                                                               
Instantaneous PDR data saved to /home/pathey/Workspace/665/665-copy-project-7/Results/phase1_daisy_1200m_mcs_adaptive_3Mbps_0.95decrement_threshold/instantaneous_pdr.csv

=== Flow-level Summary (All Metrics) ===
Empty DataFrame
Columns: [Pkt ID, Route, Generation Time (in s), First Tx At (in s), Delay (in s), Times Packet Forwarded, Retransmissions, Packet Size (in bytes), Tx Power (in watt), Average Transmission Power in the route (in watt), Min. SINR Along Route, SINR at Flow Dest, Min. Data Rate Along Route (in Mbps), Data Rate at Flow Src (in Mbps), Base Packet ID]
Index: []

Flow Flow_Node0-Node8:
  Packets Generated: 1830.00
  Packets Received : 377.00
  PDR              : 0.206
  Avg Delay (s)    : 2.6799
  Max Delay (s)    : 4.1777
  95th %ile Delay(s): 3.8915
  Retransmissions  : 8413.00
  Forwards         : 3845.00
  Drops (Expiry)   : 3069
  Drops (Queue Mgmt): 0
  Drops (Retry)    : 269
  Drops (Overflow) : 0
  Drops (No Route) : 0
  TCP Reinsertions : 0
Avg:  Packets generated: 1830 Packets received: 377 PDR: 0.20601092896174864 Avg delay: 2.6798903819628648 Retransmissions: 8413 Packet forwards: 3845 Route length: 8.0 Route uptime: 1.0 HQ Route Uptime: 1.0 Route switches: 0.0 

Plot saved to: /home/pathey/Workspace/665/665-copy-project-7/Results/phase1_daisy_1200m_mcs_adaptive_3Mbps_0.95decrement_threshold/instantaneous_pdr_plot.png
Delay-over-time plot saved to: /home/pathey/Workspace/665/665-copy-project-7/Results/phase1_daisy_1200m_mcs_adaptive_3Mbps_0.95decrement_threshold/delay_over_time.png
